******************************************************************************
            TI ARM Clang Linker Unix v4.0.4                    
******************************************************************************
>> Linked Wed Jun 17 16:18:33 2026

OUTPUT FILE NAME:   <TI-M0G3507-V1.1-LUNQU.out>
ENTRY POINT SYMBOL: "_c_int00_noargs"  address: 00002f4d


MEMORY CONFIGURATION

         name            origin    length      used     unused   attr    fill
----------------------  --------  ---------  --------  --------  ----  --------
  FLASH                 00000000   00008000  00003b20  000044e0  R  X
  SRAM                  20200000   00004000  00000606  000039fa  RW X
  BCR_CONFIG            41c00000   000000ff  00000000  000000ff  R   
  BSL_CONFIG            41c00100   00000080  00000000  00000080  R   


SEGMENT ALLOCATION MAP

run origin  load origin   length   init length attrs members
----------  ----------- ---------- ----------- ----- -------
00000000    00000000    00003b20   00003b20    r-x
  00000000    00000000    000000c0   000000c0    r-- .intvecs
  000000c0    000000c0    00002f70   00002f70    r-x .text
  00003030    00003030    00000ac0   00000ac0    r-- .rodata
  00003af0    00003af0    00000030   00000030    r-- .cinit
20200000    20200000    00000408   00000000    rw-
  20200000    20200000    00000402   00000000    rw- .bss
  20200404    20200404    00000004   00000000    rw- .data
20203e00    20203e00    00000200   00000000    rw-
  20203e00    20203e00    00000200   00000000    rw- .stack


SECTION ALLOCATION MAP

 output                                  attributes/
section   page    origin      length       input sections
--------  ----  ----------  ----------   ----------------
.intvecs   0    00000000    000000c0     
                  00000000    000000c0     startup_mspm0g350x_ticlang.o (.intvecs)

.text      0    000000c0    00002f70     
                  000000c0    00000fd0     oled.o (.text.OLED_Init)
                  00001090    00000cd0     oled.o (.text.OLED_ShowString)
                  00001d60    00000500     oled.o (.text.OLED_ShowNumber)
                  00002260    000002a8     ti_msp_dl_config.o (.text.SYSCFG_DL_SYSCTL_SYSPLL_init)
                  00002508    00000208     oled.o (.text.OLED_Refresh_Gram)
                  00002710    000001c0     board.o (.text.delay_ms)
                  000028d0    000000dc     driverlib.a : dl_sysctl_mspm0g1x0x_g3x0x.o (.text.DL_SYSCTL_configSYSPLL)
                  000029ac    000000a8     ti_msp_dl_config.o (.text.SYSCFG_DL_SYSCTL_init)
                  00002a54    000000a8     board.o (.text.puts)
                  00002afc    0000009a     libc.a : memcpy16.S.obj (.text:memcpy)
                  00002b96    00000002     startup_mspm0g350x_ticlang.o (.text.Default_Handler)
                  00002b98    00000084     ti_msp_dl_config.o (.text.SYSCFG_DL_UART_0_init)
                  00002c1c    0000007c     libc.a : copy_decompress_lzss.c.obj (.text:decompress:lzss)
                  00002c98    00000074     empty.o (.text.main)
                  00002d0c    00000062     libc.a : memset16.S.obj (.text:memset)
                  00002d6e    00000002     libclang_rt.builtins.a : aeabi_div0.c.obj (.text.__aeabi_idiv0)
                  00002d70    00000048     driverlib.a : dl_uart.o (.text.DL_UART_init)
                  00002db8    00000044                 : dl_sysctl_mspm0g1x0x_g3x0x.o (.text.DL_SYSCTL_switchMCLKfromSYSOSCtoHSCLK)
                  00002dfc    00000040     libclang_rt.builtins.a : aeabi_uidivmod.S.obj (.text.__aeabi_uidivmod)
                  00002e3c    0000003c     ti_msp_dl_config.o (.text.SYSCFG_DL_GPIO_init)
                  00002e78    0000003c     libc.a : autoinit.c.obj (.text:__TI_auto_init_nobinit_nopinit)
                  00002eb4    00000034     led.o (.text.LED_Flash)
                  00002ee8    00000034     ti_msp_dl_config.o (.text.SYSCFG_DL_initPower)
                  00002f1c    00000030     driverlib.a : dl_uart.o (.text.DL_UART_transmitDataBlocking)
                  00002f4c    00000028     libc.a : boot_cortex_m.c.obj (.text:_c_int00_noargs)
                  00002f74    00000020     ti_msp_dl_config.o (.text.SYSCFG_DL_SYSTICK_init)
                  00002f94    0000001c     driverlib.a : dl_sysctl_mspm0g1x0x_g3x0x.o (.text.DL_SYSCTL_configFCC)
                  00002fb0    00000018     ti_msp_dl_config.o (.text.SYSCFG_DL_init)
                  00002fc8    00000012     driverlib.a : dl_uart.o (.text.DL_UART_setClockConfig)
                  00002fda    00000012     libc.a : copy_decompress_none.c.obj (.text:decompress:none)
                  00002fec    00000010            : copy_zero_init.c.obj (.text:decompress:ZI)
                  00002ffc    0000000c     libclang_rt.builtins.a : aeabi_memset.S.obj (.text.__aeabi_memclr)
                  00003008    0000000a     driverlib.a : dl_common.o (.text.DL_Common_delayCycles)
                  00003012    00000002     --HOLE-- [fill = 0]
                  00003014    00000008     libclang_rt.builtins.a : aeabi_memcpy.S.obj (.text.__aeabi_memcpy)
                  0000301c    00000006     libc.a : exit.c.obj (.text:abort)
                  00003022    00000004     libsysbm.a : hostexit.c.obj (.text.HOSTexit)
                  00003026    00000004     startup_mspm0g350x_ticlang.o (.text.Reset_Handler)
                  0000302a    00000004     libc.a : pre_init.c.obj (.text._system_pre_init)
                  0000302e    00000002     --HOLE-- [fill = 0]

.cinit     0    00003af0    00000030     
                  00003af0    0000000c     (__TI_handler_table)
                  00003afc    00000008     (.cinit..bss.load) [load image, compression = zero_init]
                  00003b04    00000007     (.cinit..data.load) [load image, compression = lzss]
                  00003b0b    00000001     --HOLE-- [fill = 0]
                  00003b0c    00000010     (__TI_cinit_table)
                  00003b1c    00000004     --HOLE-- [fill = 0]

.rodata    0    00003030    00000ac0     
                  00003030    000005f0     oled.o (.rodata.oled_asc2_1608)
                  00003620    00000474     oled.o (.rodata.oled_asc2_1206)
                  00003a94    00000028     ti_msp_dl_config.o (.rodata.gSYSPLLConfig)
                  00003abc    0000000f     empty.o (.rodata.str1.8138751173933995641.1)
                  00003acb    0000000d     empty.o (.rodata.str1.254342170260855183.1)
                  00003ad8    0000000a     ti_msp_dl_config.o (.rodata.gUART_0Config)
                  00003ae2    00000007     empty.o (.rodata.str1.14685083708502177989.1)
                  00003ae9    00000002     ti_msp_dl_config.o (.rodata.gUART_0ClockConfig)
                  00003aeb    00000005     --HOLE-- [fill = 0]

.init_array 
*          0    00000000    00000000     UNINITIALIZED

.binit     0    00000000    00000000     

.bss       0    20200000    00000402     UNINITIALIZED
                  20200000    00000400     (.common:OLED_GRAM)
                  20200400    00000002     led.o (.bss.LED_Flash.temp)

.data      0    20200404    00000004     UNINITIALIZED
                  20200404    00000004     empty.o (.data.counter)

.stack     0    20203e00    00000200     UNINITIALIZED
                  20203e00    00000004     libc.a : boot_cortex_m.c.obj (.stack)
                  20203e04    000001fc     --HOLE--

__llvm_prf_cnts 
*          0    20200000    00000000     UNINITIALIZED

__llvm_prf_bits 
*          0    20200000    00000000     UNINITIALIZED

MODULE SUMMARY

       Module                         code    ro data   rw data
       ------                         ----    -------   -------
    ./
       ti_msp_dl_config.o             1148    52        0      
       startup_mspm0g350x_ticlang.o   6       192       0      
       empty.o                        116     35        4      
    +--+------------------------------+-------+---------+---------+
       Total:                         1270    279       4      
                                                               
    ./Hardware/
       oled.o                         9128    2660      1024   
       board.o                        616     0         0      
       led.o                          52      0         2      
    +--+------------------------------+-------+---------+---------+
       Total:                         9796    2660      1026   
                                                               
    /home/arch/ti/mspm0_sdk_2_10_00_04/source/ti/driverlib/lib/ticlang/m0p/mspm0g1x0x_g3x0x/driverlib.a
       dl_sysctl_mspm0g1x0x_g3x0x.o   316     0         0      
       dl_uart.o                      138     0         0      
       dl_common.o                    10      0         0      
    +--+------------------------------+-------+---------+---------+
       Total:                         464     0         0      
                                                               
    /opt/ccstudio/ccs/tools/compiler/ti-cgt-armllvm_4.0.4.LTS/lib/armv6m-ti-none-eabi/c/libc.a
       memcpy16.S.obj                 154     0         0      
       copy_decompress_lzss.c.obj     124     0         0      
       memset16.S.obj                 98      0         0      
       autoinit.c.obj                 60      0         0      
       boot_cortex_m.c.obj            40      0         0      
       copy_decompress_none.c.obj     18      0         0      
       copy_zero_init.c.obj           16      0         0      
       exit.c.obj                     6       0         0      
       pre_init.c.obj                 4       0         0      
    +--+------------------------------+-------+---------+---------+
       Total:                         520     0         0      
                                                               
    /opt/ccstudio/ccs/tools/compiler/ti-cgt-armllvm_4.0.4.LTS/lib/armv6m-ti-none-eabi/c/libsysbm.a
       hostexit.c.obj                 4       0         0      
    +--+------------------------------+-------+---------+---------+
       Total:                         4       0         0      
                                                               
    /opt/ccstudio/ccs/tools/compiler/ti-cgt-armllvm_4.0.4.LTS/lib/armv6m-ti-none-eabi/libclang_rt.builtins.a
       aeabi_uidivmod.S.obj           64      0         0      
       aeabi_memset.S.obj             12      0         0      
       aeabi_memcpy.S.obj             8       0         0      
       aeabi_div0.c.obj               2       0         0      
    +--+------------------------------+-------+---------+---------+
       Total:                         86      0         0      
                                                               
       Stack:                         0       0         512    
       Linker Generated:              0       43        0      
    +--+------------------------------+-------+---------+---------+
       Grand Total:                   12140   2982      1542   


LINKER GENERATED COPY TABLES

__TI_cinit_table @ 00003b0c records: 2, size/record: 8, table size: 16
	.bss: load addr=00003afc, load size=00000008 bytes, run addr=20200000, run size=00000402 bytes, compression=zero_init
	.data: load addr=00003b04, load size=00000007 bytes, run addr=20200404, run size=00000004 bytes, compression=lzss


LINKER GENERATED HANDLER TABLE

__TI_handler_table @ 00003af0 records: 3, size/record: 4, table size: 12
	index: 0, handler: __TI_decompress_lzss
	index: 1, handler: __TI_decompress_none
	index: 2, handler: __TI_zero_init


GLOBAL SYMBOLS: SORTED ALPHABETICALLY BY Name 

address   name                                 
-------   ----                                 
00002b97  ADC0_IRQHandler                      
00002b97  ADC1_IRQHandler                      
00002b97  AES_IRQHandler                       
00003022  C$$EXIT                              
00002b97  CANFD0_IRQHandler                    
00002b97  DAC0_IRQHandler                      
00003009  DL_Common_delayCycles                
00002f95  DL_SYSCTL_configFCC                  
000028d1  DL_SYSCTL_configSYSPLL               
00002db9  DL_SYSCTL_switchMCLKfromSYSOSCtoHSCLK
00002d71  DL_UART_init                         
00002fc9  DL_UART_setClockConfig               
00002f1d  DL_UART_transmitDataBlocking         
00002b97  DMA_IRQHandler                       
00002b97  Default_Handler                      
00002b97  GROUP0_IRQHandler                    
00002b97  GROUP1_IRQHandler                    
00003023  HOSTexit                             
00002b97  HardFault_Handler                    
00002b97  I2C0_IRQHandler                      
00002b97  I2C1_IRQHandler                      
00002eb5  LED_Flash                            
00002b97  NMI_Handler                          
20200000  OLED_GRAM                            
000000c1  OLED_Init                            
00002509  OLED_Refresh_Gram                    
00001d61  OLED_ShowNumber                      
00001091  OLED_ShowString                      
00002b97  PendSV_Handler                       
00002b97  RTC_IRQHandler                       
00003027  Reset_Handler                        
00002b97  SPI0_IRQHandler                      
00002b97  SPI1_IRQHandler                      
00002b97  SVC_Handler                          
00002e3d  SYSCFG_DL_GPIO_init                  
00002261  SYSCFG_DL_SYSCTL_SYSPLL_init         
000029ad  SYSCFG_DL_SYSCTL_init                
00002f75  SYSCFG_DL_SYSTICK_init               
00002b99  SYSCFG_DL_UART_0_init                
00002fb1  SYSCFG_DL_init                       
00002ee9  SYSCFG_DL_initPower                  
00002b97  SysTick_Handler                      
00002b97  TIMA0_IRQHandler                     
00002b97  TIMA1_IRQHandler                     
00002b97  TIMG0_IRQHandler                     
00002b97  TIMG12_IRQHandler                    
00002b97  TIMG6_IRQHandler                     
00002b97  TIMG7_IRQHandler                     
00002b97  TIMG8_IRQHandler                     
00002b97  UART0_IRQHandler                     
00002b97  UART1_IRQHandler                     
00002b97  UART2_IRQHandler                     
00002b97  UART3_IRQHandler                     
20204000  __STACK_END                          
00000200  __STACK_SIZE                         
00000000  __TI_ATRegion0_region_sz             
00000000  __TI_ATRegion0_src_addr              
00000000  __TI_ATRegion0_trg_addr              
00000000  __TI_ATRegion1_region_sz             
00000000  __TI_ATRegion1_src_addr              
00000000  __TI_ATRegion1_trg_addr              
00000000  __TI_ATRegion2_region_sz             
00000000  __TI_ATRegion2_src_addr              
00000000  __TI_ATRegion2_trg_addr              
00003b0c  __TI_CINIT_Base                      
00003b1c  __TI_CINIT_Limit                     
00003b1c  __TI_CINIT_Warm                      
00003af0  __TI_Handler_Table_Base              
00003afc  __TI_Handler_Table_Limit             
00002e79  __TI_auto_init_nobinit_nopinit       
00002c1d  __TI_decompress_lzss                 
00002fdb  __TI_decompress_none                 
ffffffff  __TI_pprof_out_hndl                  
ffffffff  __TI_prof_data_size                  
ffffffff  __TI_prof_data_start                 
00000000  __TI_static_base__                   
00002fed  __TI_zero_init                       
00002d6f  __aeabi_idiv0                        
00002ffd  __aeabi_memclr                       
00002ffd  __aeabi_memclr4                      
00002ffd  __aeabi_memclr8                      
00003015  __aeabi_memcpy                       
00003015  __aeabi_memcpy4                      
00003015  __aeabi_memcpy8                      
00002dfd  __aeabi_uidiv                        
00002dfd  __aeabi_uidivmod                     
ffffffff  __binit__                            
UNDEFED   __mpu_init                           
20203e00  __stack                              
20200000  __start___llvm_prf_bits              
20200000  __start___llvm_prf_cnts              
20200000  __stop___llvm_prf_bits               
20200000  __stop___llvm_prf_cnts               
00002f4d  _c_int00_noargs                      
UNDEFED   _system_post_cinit                   
0000302b  _system_pre_init                     
0000301d  abort                                
ffffffff  binit                                
20200404  counter                              
00002711  delay_ms                             
00000000  interruptVectors                     
00002c99  main                                 
00002afd  memcpy                               
00002d0d  memset                               
00003620  oled_asc2_1206                       
00003030  oled_asc2_1608                       
00002a55  puts                                 


GLOBAL SYMBOLS: SORTED BY Symbol Address 

address   name                                 
-------   ----                                 
00000000  __TI_ATRegion0_region_sz             
00000000  __TI_ATRegion0_src_addr              
00000000  __TI_ATRegion0_trg_addr              
00000000  __TI_ATRegion1_region_sz             
00000000  __TI_ATRegion1_src_addr              
00000000  __TI_ATRegion1_trg_addr              
00000000  __TI_ATRegion2_region_sz             
00000000  __TI_ATRegion2_src_addr              
00000000  __TI_ATRegion2_trg_addr              
00000000  __TI_static_base__                   
00000000  interruptVectors                     
000000c1  OLED_Init                            
00000200  __STACK_SIZE                         
00001091  OLED_ShowString                      
00001d61  OLED_ShowNumber                      
00002261  SYSCFG_DL_SYSCTL_SYSPLL_init         
00002509  OLED_Refresh_Gram                    
00002711  delay_ms                             
000028d1  DL_SYSCTL_configSYSPLL               
000029ad  SYSCFG_DL_SYSCTL_init                
00002a55  puts                                 
00002afd  memcpy                               
00002b97  ADC0_IRQHandler                      
00002b97  ADC1_IRQHandler                      
00002b97  AES_IRQHandler                       
00002b97  CANFD0_IRQHandler                    
00002b97  DAC0_IRQHandler                      
00002b97  DMA_IRQHandler                       
00002b97  Default_Handler                      
00002b97  GROUP0_IRQHandler                    
00002b97  GROUP1_IRQHandler                    
00002b97  HardFault_Handler                    
00002b97  I2C0_IRQHandler                      
00002b97  I2C1_IRQHandler                      
00002b97  NMI_Handler                          
00002b97  PendSV_Handler                       
00002b97  RTC_IRQHandler                       
00002b97  SPI0_IRQHandler                      
00002b97  SPI1_IRQHandler                      
00002b97  SVC_Handler                          
00002b97  SysTick_Handler                      
00002b97  TIMA0_IRQHandler                     
00002b97  TIMA1_IRQHandler                     
00002b97  TIMG0_IRQHandler                     
00002b97  TIMG12_IRQHandler                    
00002b97  TIMG6_IRQHandler                     
00002b97  TIMG7_IRQHandler                     
00002b97  TIMG8_IRQHandler                     
00002b97  UART0_IRQHandler                     
00002b97  UART1_IRQHandler                     
00002b97  UART2_IRQHandler                     
00002b97  UART3_IRQHandler                     
00002b99  SYSCFG_DL_UART_0_init                
00002c1d  __TI_decompress_lzss                 
00002c99  main                                 
00002d0d  memset                               
00002d6f  __aeabi_idiv0                        
00002d71  DL_UART_init                         
00002db9  DL_SYSCTL_switchMCLKfromSYSOSCtoHSCLK
00002dfd  __aeabi_uidiv                        
00002dfd  __aeabi_uidivmod                     
00002e3d  SYSCFG_DL_GPIO_init                  
00002e79  __TI_auto_init_nobinit_nopinit       
00002eb5  LED_Flash                            
00002ee9  SYSCFG_DL_initPower                  
00002f1d  DL_UART_transmitDataBlocking         
00002f4d  _c_int00_noargs                      
00002f75  SYSCFG_DL_SYSTICK_init               
00002f95  DL_SYSCTL_configFCC                  
00002fb1  SYSCFG_DL_init                       
00002fc9  DL_UART_setClockConfig               
00002fdb  __TI_decompress_none                 
00002fed  __TI_zero_init                       
00002ffd  __aeabi_memclr                       
00002ffd  __aeabi_memclr4                      
00002ffd  __aeabi_memclr8                      
00003009  DL_Common_delayCycles                
00003015  __aeabi_memcpy                       
00003015  __aeabi_memcpy4                      
00003015  __aeabi_memcpy8                      
0000301d  abort                                
00003022  C$$EXIT                              
00003023  HOSTexit                             
00003027  Reset_Handler                        
0000302b  _system_pre_init                     
00003030  oled_asc2_1608                       
00003620  oled_asc2_1206                       
00003af0  __TI_Handler_Table_Base              
00003afc  __TI_Handler_Table_Limit             
00003b0c  __TI_CINIT_Base                      
00003b1c  __TI_CINIT_Limit                     
00003b1c  __TI_CINIT_Warm                      
20200000  OLED_GRAM                            
20200000  __start___llvm_prf_bits              
20200000  __start___llvm_prf_cnts              
20200000  __stop___llvm_prf_bits               
20200000  __stop___llvm_prf_cnts               
20200404  counter                              
20203e00  __stack                              
20204000  __STACK_END                          
ffffffff  __TI_pprof_out_hndl                  
ffffffff  __TI_prof_data_size                  
ffffffff  __TI_prof_data_start                 
ffffffff  __binit__                            
ffffffff  binit                                
UNDEFED   __mpu_init                           
UNDEFED   _system_post_cinit                   

[107 symbols]
