<?xml version="1.0" encoding="ISO-8859-1" ?>
<link_info>
   <banner>TI ARM Clang Linker Unix v4.0.4.LTS</banner>
   <copyright>Copyright (c) 1996-2018 Texas Instruments Incorporated</copyright>
   <command_line>/opt/ccstudio/ccs/tools/compiler/ti-cgt-armllvm_4.0.4.LTS/bin/tiarmlnk -I/opt/ccstudio/ccs/tools/compiler/ti-cgt-armllvm_4.0.4.LTS/lib -o TI-M0G3507-V1.1-LUNQU.out -mTI-M0G3507-V1.1-LUNQU.map -i/home/arch/ti/mspm0_sdk_2_10_00_04/source -i/home/arch/work-space/ti-space/TI-M0G3507-V1.1-LUNQU -i/home/arch/work-space/ti-space/TI-M0G3507-V1.1-LUNQU/Debug/syscfg -i/opt/ccstudio/ccs/tools/compiler/ti-cgt-armllvm_4.0.4.LTS/lib --diag_wrap=off --display_error_number --warn_sections --xml_link_info=TI-M0G3507-V1.1-LUNQU_linkInfo.xml --rom_model ./empty.o ./ti_msp_dl_config.o ./startup_mspm0g350x_ticlang.o ./Hardware/MPU6050.o ./Hardware/board.o ./Hardware/bsp_iic.o ./Hardware/encoder.o ./Hardware/inv_mpu.o ./Hardware/inv_mpu_dmp_motion_driver.o ./Hardware/key.o ./Hardware/led.o ./Hardware/motor.o ./Hardware/oled.o -l./device_linker.cmd -ldevice.cmd.genlibs -llibc.a --start-group -llibc++.a -llibc++abi.a -llibc.a -llibsys.a -llibsysbm.a -llibclang_rt.builtins.a -llibclang_rt.profile.a --end-group --cg_opt_level=2</command_line>
   <link_time>0x6a32776b</link_time>
   <link_errors>0x0</link_errors>
   <output_file>/home/arch/work-space/ti-space/TI-M0G3507-V1.1-LUNQU/Debug/TI-M0G3507-V1.1-LUNQU.out</output_file>
   <entry_point>
      <name>_c_int00_noargs</name>
      <address>0x8b79</address>
   </entry_point>
   <input_file_list>
      <input_file id="fl-1">
         <path>/home/arch/work-space/ti-space/TI-M0G3507-V1.1-LUNQU/Debug/./</path>
         <kind>object</kind>
         <file>empty.o</file>
         <name>empty.o</name>
      </input_file>
      <input_file id="fl-2">
         <path>/home/arch/work-space/ti-space/TI-M0G3507-V1.1-LUNQU/Debug/./</path>
         <kind>object</kind>
         <file>ti_msp_dl_config.o</file>
         <name>ti_msp_dl_config.o</name>
      </input_file>
      <input_file id="fl-3">
         <path>/home/arch/work-space/ti-space/TI-M0G3507-V1.1-LUNQU/Debug/./</path>
         <kind>object</kind>
         <file>startup_mspm0g350x_ticlang.o</file>
         <name>startup_mspm0g350x_ticlang.o</name>
      </input_file>
      <input_file id="fl-4">
         <path>/home/arch/work-space/ti-space/TI-M0G3507-V1.1-LUNQU/Debug/./Hardware/</path>
         <kind>object</kind>
         <file>MPU6050.o</file>
         <name>MPU6050.o</name>
      </input_file>
      <input_file id="fl-5">
         <path>/home/arch/work-space/ti-space/TI-M0G3507-V1.1-LUNQU/Debug/./Hardware/</path>
         <kind>object</kind>
         <file>board.o</file>
         <name>board.o</name>
      </input_file>
      <input_file id="fl-6">
         <path>/home/arch/work-space/ti-space/TI-M0G3507-V1.1-LUNQU/Debug/./Hardware/</path>
         <kind>object</kind>
         <file>bsp_iic.o</file>
         <name>bsp_iic.o</name>
      </input_file>
      <input_file id="fl-7">
         <path>/home/arch/work-space/ti-space/TI-M0G3507-V1.1-LUNQU/Debug/./Hardware/</path>
         <kind>object</kind>
         <file>encoder.o</file>
         <name>encoder.o</name>
      </input_file>
      <input_file id="fl-8">
         <path>/home/arch/work-space/ti-space/TI-M0G3507-V1.1-LUNQU/Debug/./Hardware/</path>
         <kind>object</kind>
         <file>inv_mpu.o</file>
         <name>inv_mpu.o</name>
      </input_file>
      <input_file id="fl-9">
         <path>/home/arch/work-space/ti-space/TI-M0G3507-V1.1-LUNQU/Debug/./Hardware/</path>
         <kind>object</kind>
         <file>inv_mpu_dmp_motion_driver.o</file>
         <name>inv_mpu_dmp_motion_driver.o</name>
      </input_file>
      <input_file id="fl-a">
         <path>/home/arch/work-space/ti-space/TI-M0G3507-V1.1-LUNQU/Debug/./Hardware/</path>
         <kind>object</kind>
         <file>key.o</file>
         <name>key.o</name>
      </input_file>
      <input_file id="fl-b">
         <path>/home/arch/work-space/ti-space/TI-M0G3507-V1.1-LUNQU/Debug/./Hardware/</path>
         <kind>object</kind>
         <file>led.o</file>
         <name>led.o</name>
      </input_file>
      <input_file id="fl-c">
         <path>/home/arch/work-space/ti-space/TI-M0G3507-V1.1-LUNQU/Debug/./Hardware/</path>
         <kind>object</kind>
         <file>motor.o</file>
         <name>motor.o</name>
      </input_file>
      <input_file id="fl-d">
         <path>/home/arch/work-space/ti-space/TI-M0G3507-V1.1-LUNQU/Debug/./Hardware/</path>
         <kind>object</kind>
         <file>oled.o</file>
         <name>oled.o</name>
      </input_file>
      <input_file id="fl-1a">
         <path>/home/arch/work-space/ti-space/TI-M0G3507-V1.1-LUNQU/Debug/</path>
         <kind>object</kind>
         <file>&lt;internal&gt;</file>
         <name>&lt;internal&gt;</name>
      </input_file>
      <input_file id="fl-1b">
         <path>/home/arch/ti/mspm0_sdk_2_10_00_04/source/ti/driverlib/lib/ticlang/m0p/mspm0g1x0x_g3x0x/</path>
         <kind>archive</kind>
         <file>driverlib.a</file>
         <name>dl_common.o</name>
      </input_file>
      <input_file id="fl-1c">
         <path>/home/arch/ti/mspm0_sdk_2_10_00_04/source/ti/driverlib/lib/ticlang/m0p/mspm0g1x0x_g3x0x/</path>
         <kind>archive</kind>
         <file>driverlib.a</file>
         <name>dl_i2c.o</name>
      </input_file>
      <input_file id="fl-1d">
         <path>/home/arch/ti/mspm0_sdk_2_10_00_04/source/ti/driverlib/lib/ticlang/m0p/mspm0g1x0x_g3x0x/</path>
         <kind>archive</kind>
         <file>driverlib.a</file>
         <name>dl_timer.o</name>
      </input_file>
      <input_file id="fl-1e">
         <path>/home/arch/ti/mspm0_sdk_2_10_00_04/source/ti/driverlib/lib/ticlang/m0p/mspm0g1x0x_g3x0x/</path>
         <kind>archive</kind>
         <file>driverlib.a</file>
         <name>dl_uart.o</name>
      </input_file>
      <input_file id="fl-1f">
         <path>/home/arch/ti/mspm0_sdk_2_10_00_04/source/ti/driverlib/lib/ticlang/m0p/mspm0g1x0x_g3x0x/</path>
         <kind>archive</kind>
         <file>driverlib.a</file>
         <name>dl_sysctl_mspm0g1x0x_g3x0x.o</name>
      </input_file>
      <input_file id="fl-36">
         <path>/opt/ccstudio/ccs/tools/compiler/ti-cgt-armllvm_4.0.4.LTS/lib/armv6m-ti-none-eabi/c/</path>
         <kind>archive</kind>
         <file>libc.a</file>
         <name>printf.c.obj</name>
      </input_file>
      <input_file id="fl-37">
         <path>/opt/ccstudio/ccs/tools/compiler/ti-cgt-armllvm_4.0.4.LTS/lib/armv6m-ti-none-eabi/c/</path>
         <kind>archive</kind>
         <file>libc.a</file>
         <name>_printfi.c.obj</name>
      </input_file>
      <input_file id="fl-38">
         <path>/opt/ccstudio/ccs/tools/compiler/ti-cgt-armllvm_4.0.4.LTS/lib/armv6m-ti-none-eabi/c/</path>
         <kind>archive</kind>
         <file>libc.a</file>
         <name>e_asin.c.obj</name>
      </input_file>
      <input_file id="fl-39">
         <path>/opt/ccstudio/ccs/tools/compiler/ti-cgt-armllvm_4.0.4.LTS/lib/armv6m-ti-none-eabi/c/</path>
         <kind>archive</kind>
         <file>libc.a</file>
         <name>e_atan2.c.obj</name>
      </input_file>
      <input_file id="fl-3a">
         <path>/opt/ccstudio/ccs/tools/compiler/ti-cgt-armllvm_4.0.4.LTS/lib/armv6m-ti-none-eabi/c/</path>
         <kind>archive</kind>
         <file>libc.a</file>
         <name>e_sqrt.c.obj</name>
      </input_file>
      <input_file id="fl-3b">
         <path>/opt/ccstudio/ccs/tools/compiler/ti-cgt-armllvm_4.0.4.LTS/lib/armv6m-ti-none-eabi/c/</path>
         <kind>archive</kind>
         <file>libc.a</file>
         <name>s_atan.c.obj</name>
      </input_file>
      <input_file id="fl-3c">
         <path>/opt/ccstudio/ccs/tools/compiler/ti-cgt-armllvm_4.0.4.LTS/lib/armv6m-ti-none-eabi/c/</path>
         <kind>archive</kind>
         <file>libc.a</file>
         <name>s_frexp.c.obj</name>
      </input_file>
      <input_file id="fl-3d">
         <path>/opt/ccstudio/ccs/tools/compiler/ti-cgt-armllvm_4.0.4.LTS/lib/armv6m-ti-none-eabi/c/</path>
         <kind>archive</kind>
         <file>libc.a</file>
         <name>s_scalbn.c.obj</name>
      </input_file>
      <input_file id="fl-3e">
         <path>/opt/ccstudio/ccs/tools/compiler/ti-cgt-armllvm_4.0.4.LTS/lib/armv6m-ti-none-eabi/c/</path>
         <kind>archive</kind>
         <file>libc.a</file>
         <name>wcslen.c.obj</name>
      </input_file>
      <input_file id="fl-3f">
         <path>/opt/ccstudio/ccs/tools/compiler/ti-cgt-armllvm_4.0.4.LTS/lib/armv6m-ti-none-eabi/c/</path>
         <kind>archive</kind>
         <file>libc.a</file>
         <name>aeabi_portable.c.obj</name>
      </input_file>
      <input_file id="fl-40">
         <path>/opt/ccstudio/ccs/tools/compiler/ti-cgt-armllvm_4.0.4.LTS/lib/armv6m-ti-none-eabi/c/</path>
         <kind>archive</kind>
         <file>libc.a</file>
         <name>_lock.c.obj</name>
      </input_file>
      <input_file id="fl-41">
         <path>/opt/ccstudio/ccs/tools/compiler/ti-cgt-armllvm_4.0.4.LTS/lib/armv6m-ti-none-eabi/c/</path>
         <kind>archive</kind>
         <file>libc.a</file>
         <name>_ltoa.c.obj</name>
      </input_file>
      <input_file id="fl-42">
         <path>/opt/ccstudio/ccs/tools/compiler/ti-cgt-armllvm_4.0.4.LTS/lib/armv6m-ti-none-eabi/c/</path>
         <kind>archive</kind>
         <file>libc.a</file>
         <name>assert.c.obj</name>
      </input_file>
      <input_file id="fl-43">
         <path>/opt/ccstudio/ccs/tools/compiler/ti-cgt-armllvm_4.0.4.LTS/lib/armv6m-ti-none-eabi/c/</path>
         <kind>archive</kind>
         <file>libc.a</file>
         <name>atoi.c.obj</name>
      </input_file>
      <input_file id="fl-44">
         <path>/opt/ccstudio/ccs/tools/compiler/ti-cgt-armllvm_4.0.4.LTS/lib/armv6m-ti-none-eabi/c/</path>
         <kind>archive</kind>
         <file>libc.a</file>
         <name>defs.c.obj</name>
      </input_file>
      <input_file id="fl-45">
         <path>/opt/ccstudio/ccs/tools/compiler/ti-cgt-armllvm_4.0.4.LTS/lib/armv6m-ti-none-eabi/c/</path>
         <kind>archive</kind>
         <file>libc.a</file>
         <name>memccpy.c.obj</name>
      </input_file>
      <input_file id="fl-46">
         <path>/opt/ccstudio/ccs/tools/compiler/ti-cgt-armllvm_4.0.4.LTS/lib/armv6m-ti-none-eabi/c/</path>
         <kind>archive</kind>
         <file>libc.a</file>
         <name>memory.c.obj</name>
      </input_file>
      <input_file id="fl-47">
         <path>/opt/ccstudio/ccs/tools/compiler/ti-cgt-armllvm_4.0.4.LTS/lib/armv6m-ti-none-eabi/c/</path>
         <kind>archive</kind>
         <file>libc.a</file>
         <name>copy_zero_init.c.obj</name>
      </input_file>
      <input_file id="fl-48">
         <path>/opt/ccstudio/ccs/tools/compiler/ti-cgt-armllvm_4.0.4.LTS/lib/armv6m-ti-none-eabi/c/</path>
         <kind>archive</kind>
         <file>libc.a</file>
         <name>copy_decompress_none.c.obj</name>
      </input_file>
      <input_file id="fl-49">
         <path>/opt/ccstudio/ccs/tools/compiler/ti-cgt-armllvm_4.0.4.LTS/lib/armv6m-ti-none-eabi/c/</path>
         <kind>archive</kind>
         <file>libc.a</file>
         <name>copy_decompress_lzss.c.obj</name>
      </input_file>
      <input_file id="fl-4a">
         <path>/opt/ccstudio/ccs/tools/compiler/ti-cgt-armllvm_4.0.4.LTS/lib/armv6m-ti-none-eabi/c/</path>
         <kind>archive</kind>
         <file>libc.a</file>
         <name>boot_cortex_m.c.obj</name>
      </input_file>
      <input_file id="fl-4b">
         <path>/opt/ccstudio/ccs/tools/compiler/ti-cgt-armllvm_4.0.4.LTS/lib/armv6m-ti-none-eabi/c/</path>
         <kind>archive</kind>
         <file>libc.a</file>
         <name>mathacl_init.c.obj</name>
      </input_file>
      <input_file id="fl-4c">
         <path>/opt/ccstudio/ccs/tools/compiler/ti-cgt-armllvm_4.0.4.LTS/lib/armv6m-ti-none-eabi/c/</path>
         <kind>archive</kind>
         <file>libc.a</file>
         <name>sprintf.c.obj</name>
      </input_file>
      <input_file id="fl-4d">
         <path>/opt/ccstudio/ccs/tools/compiler/ti-cgt-armllvm_4.0.4.LTS/lib/armv6m-ti-none-eabi/c/</path>
         <kind>archive</kind>
         <file>libc.a</file>
         <name>fflush.c.obj</name>
      </input_file>
      <input_file id="fl-4e">
         <path>/opt/ccstudio/ccs/tools/compiler/ti-cgt-armllvm_4.0.4.LTS/lib/armv6m-ti-none-eabi/c/</path>
         <kind>archive</kind>
         <file>libc.a</file>
         <name>aeabi_ctype.S.obj</name>
      </input_file>
      <input_file id="fl-4f">
         <path>/opt/ccstudio/ccs/tools/compiler/ti-cgt-armllvm_4.0.4.LTS/lib/armv6m-ti-none-eabi/c/</path>
         <kind>archive</kind>
         <file>libc.a</file>
         <name>exit.c.obj</name>
      </input_file>
      <input_file id="fl-50">
         <path>/opt/ccstudio/ccs/tools/compiler/ti-cgt-armllvm_4.0.4.LTS/lib/armv6m-ti-none-eabi/c/</path>
         <kind>archive</kind>
         <file>libc.a</file>
         <name>args_main.c.obj</name>
      </input_file>
      <input_file id="fl-51">
         <path>/opt/ccstudio/ccs/tools/compiler/ti-cgt-armllvm_4.0.4.LTS/lib/armv6m-ti-none-eabi/c/</path>
         <kind>archive</kind>
         <file>libc.a</file>
         <name>autoinit.c.obj</name>
      </input_file>
      <input_file id="fl-52">
         <path>/opt/ccstudio/ccs/tools/compiler/ti-cgt-armllvm_4.0.4.LTS/lib/armv6m-ti-none-eabi/c/</path>
         <kind>archive</kind>
         <file>libc.a</file>
         <name>pre_init.c.obj</name>
      </input_file>
      <input_file id="fl-53">
         <path>/opt/ccstudio/ccs/tools/compiler/ti-cgt-armllvm_4.0.4.LTS/lib/armv6m-ti-none-eabi/c/</path>
         <kind>archive</kind>
         <file>libc.a</file>
         <name>cpy_tbl.c.obj</name>
      </input_file>
      <input_file id="fl-f3">
         <path>/opt/ccstudio/ccs/tools/compiler/ti-cgt-armllvm_4.0.4.LTS/lib/armv6m-ti-none-eabi/c/</path>
         <kind>archive</kind>
         <file>libsysbm.a</file>
         <name>hostexit.c.obj</name>
      </input_file>
      <input_file id="fl-f4">
         <path>/opt/ccstudio/ccs/tools/compiler/ti-cgt-armllvm_4.0.4.LTS/lib/armv6m-ti-none-eabi/c/</path>
         <kind>archive</kind>
         <file>libsysbm.a</file>
         <name>write.c.obj</name>
      </input_file>
      <input_file id="fl-f5">
         <path>/opt/ccstudio/ccs/tools/compiler/ti-cgt-armllvm_4.0.4.LTS/lib/armv6m-ti-none-eabi/c/</path>
         <kind>archive</kind>
         <file>libsysbm.a</file>
         <name>host_device.c.obj</name>
      </input_file>
      <input_file id="fl-f6">
         <path>/opt/ccstudio/ccs/tools/compiler/ti-cgt-armllvm_4.0.4.LTS/lib/armv6m-ti-none-eabi/c/</path>
         <kind>archive</kind>
         <file>libsysbm.a</file>
         <name>hostclose.c.obj</name>
      </input_file>
      <input_file id="fl-f7">
         <path>/opt/ccstudio/ccs/tools/compiler/ti-cgt-armllvm_4.0.4.LTS/lib/armv6m-ti-none-eabi/c/</path>
         <kind>archive</kind>
         <file>libsysbm.a</file>
         <name>hostlseek.c.obj</name>
      </input_file>
      <input_file id="fl-f8">
         <path>/opt/ccstudio/ccs/tools/compiler/ti-cgt-armllvm_4.0.4.LTS/lib/armv6m-ti-none-eabi/c/</path>
         <kind>archive</kind>
         <file>libsysbm.a</file>
         <name>hostopen.c.obj</name>
      </input_file>
      <input_file id="fl-f9">
         <path>/opt/ccstudio/ccs/tools/compiler/ti-cgt-armllvm_4.0.4.LTS/lib/armv6m-ti-none-eabi/c/</path>
         <kind>archive</kind>
         <file>libsysbm.a</file>
         <name>hostread.c.obj</name>
      </input_file>
      <input_file id="fl-fa">
         <path>/opt/ccstudio/ccs/tools/compiler/ti-cgt-armllvm_4.0.4.LTS/lib/armv6m-ti-none-eabi/c/</path>
         <kind>archive</kind>
         <file>libsysbm.a</file>
         <name>hostrename.c.obj</name>
      </input_file>
      <input_file id="fl-fb">
         <path>/opt/ccstudio/ccs/tools/compiler/ti-cgt-armllvm_4.0.4.LTS/lib/armv6m-ti-none-eabi/c/</path>
         <kind>archive</kind>
         <file>libsysbm.a</file>
         <name>hostunlink.c.obj</name>
      </input_file>
      <input_file id="fl-fc">
         <path>/opt/ccstudio/ccs/tools/compiler/ti-cgt-armllvm_4.0.4.LTS/lib/armv6m-ti-none-eabi/c/</path>
         <kind>archive</kind>
         <file>libsysbm.a</file>
         <name>hostwrite.c.obj</name>
      </input_file>
      <input_file id="fl-fd">
         <path>/opt/ccstudio/ccs/tools/compiler/ti-cgt-armllvm_4.0.4.LTS/lib/armv6m-ti-none-eabi/c/</path>
         <kind>archive</kind>
         <file>libsysbm.a</file>
         <name>trgmsg.c.obj</name>
      </input_file>
      <input_file id="fl-fe">
         <path>/opt/ccstudio/ccs/tools/compiler/ti-cgt-armllvm_4.0.4.LTS/lib/armv6m-ti-none-eabi/</path>
         <kind>archive</kind>
         <file>libclang_rt.builtins.a</file>
         <name>addsf3.S.obj</name>
      </input_file>
      <input_file id="fl-ff">
         <path>/opt/ccstudio/ccs/tools/compiler/ti-cgt-armllvm_4.0.4.LTS/lib/armv6m-ti-none-eabi/</path>
         <kind>archive</kind>
         <file>libclang_rt.builtins.a</file>
         <name>adddf3.S.obj</name>
      </input_file>
      <input_file id="fl-100">
         <path>/opt/ccstudio/ccs/tools/compiler/ti-cgt-armllvm_4.0.4.LTS/lib/armv6m-ti-none-eabi/</path>
         <kind>archive</kind>
         <file>libclang_rt.builtins.a</file>
         <name>muldf3.S.obj</name>
      </input_file>
      <input_file id="fl-101">
         <path>/opt/ccstudio/ccs/tools/compiler/ti-cgt-armllvm_4.0.4.LTS/lib/armv6m-ti-none-eabi/</path>
         <kind>archive</kind>
         <file>libclang_rt.builtins.a</file>
         <name>muldsi3.S.obj</name>
      </input_file>
      <input_file id="fl-102">
         <path>/opt/ccstudio/ccs/tools/compiler/ti-cgt-armllvm_4.0.4.LTS/lib/armv6m-ti-none-eabi/</path>
         <kind>archive</kind>
         <file>libclang_rt.builtins.a</file>
         <name>mulsf3.S.obj</name>
      </input_file>
      <input_file id="fl-103">
         <path>/opt/ccstudio/ccs/tools/compiler/ti-cgt-armllvm_4.0.4.LTS/lib/armv6m-ti-none-eabi/</path>
         <kind>archive</kind>
         <file>libclang_rt.builtins.a</file>
         <name>divsf3.S.obj</name>
      </input_file>
      <input_file id="fl-104">
         <path>/opt/ccstudio/ccs/tools/compiler/ti-cgt-armllvm_4.0.4.LTS/lib/armv6m-ti-none-eabi/</path>
         <kind>archive</kind>
         <file>libclang_rt.builtins.a</file>
         <name>divdf3.S.obj</name>
      </input_file>
      <input_file id="fl-105">
         <path>/opt/ccstudio/ccs/tools/compiler/ti-cgt-armllvm_4.0.4.LTS/lib/armv6m-ti-none-eabi/</path>
         <kind>archive</kind>
         <file>libclang_rt.builtins.a</file>
         <name>extendsfdf2.S.obj</name>
      </input_file>
      <input_file id="fl-106">
         <path>/opt/ccstudio/ccs/tools/compiler/ti-cgt-armllvm_4.0.4.LTS/lib/armv6m-ti-none-eabi/</path>
         <kind>archive</kind>
         <file>libclang_rt.builtins.a</file>
         <name>fixdfsi.S.obj</name>
      </input_file>
      <input_file id="fl-107">
         <path>/opt/ccstudio/ccs/tools/compiler/ti-cgt-armllvm_4.0.4.LTS/lib/armv6m-ti-none-eabi/</path>
         <kind>archive</kind>
         <file>libclang_rt.builtins.a</file>
         <name>fixsfsi.S.obj</name>
      </input_file>
      <input_file id="fl-108">
         <path>/opt/ccstudio/ccs/tools/compiler/ti-cgt-armllvm_4.0.4.LTS/lib/armv6m-ti-none-eabi/</path>
         <kind>archive</kind>
         <file>libclang_rt.builtins.a</file>
         <name>floatsidf.S.obj</name>
      </input_file>
      <input_file id="fl-109">
         <path>/opt/ccstudio/ccs/tools/compiler/ti-cgt-armllvm_4.0.4.LTS/lib/armv6m-ti-none-eabi/</path>
         <kind>archive</kind>
         <file>libclang_rt.builtins.a</file>
         <name>floatsisf.S.obj</name>
      </input_file>
      <input_file id="fl-10a">
         <path>/opt/ccstudio/ccs/tools/compiler/ti-cgt-armllvm_4.0.4.LTS/lib/armv6m-ti-none-eabi/</path>
         <kind>archive</kind>
         <file>libclang_rt.builtins.a</file>
         <name>floatunsisf.S.obj</name>
      </input_file>
      <input_file id="fl-10b">
         <path>/opt/ccstudio/ccs/tools/compiler/ti-cgt-armllvm_4.0.4.LTS/lib/armv6m-ti-none-eabi/</path>
         <kind>archive</kind>
         <file>libclang_rt.builtins.a</file>
         <name>muldi3.S.obj</name>
      </input_file>
      <input_file id="fl-10c">
         <path>/opt/ccstudio/ccs/tools/compiler/ti-cgt-armllvm_4.0.4.LTS/lib/armv6m-ti-none-eabi/</path>
         <kind>archive</kind>
         <file>libclang_rt.builtins.a</file>
         <name>truncdfsf2.S.obj</name>
      </input_file>
      <input_file id="fl-10d">
         <path>/opt/ccstudio/ccs/tools/compiler/ti-cgt-armllvm_4.0.4.LTS/lib/armv6m-ti-none-eabi/</path>
         <kind>archive</kind>
         <file>libclang_rt.builtins.a</file>
         <name>aeabi_dcmp.S.obj</name>
      </input_file>
      <input_file id="fl-10e">
         <path>/opt/ccstudio/ccs/tools/compiler/ti-cgt-armllvm_4.0.4.LTS/lib/armv6m-ti-none-eabi/</path>
         <kind>archive</kind>
         <file>libclang_rt.builtins.a</file>
         <name>aeabi_fcmp.S.obj</name>
      </input_file>
      <input_file id="fl-10f">
         <path>/opt/ccstudio/ccs/tools/compiler/ti-cgt-armllvm_4.0.4.LTS/lib/armv6m-ti-none-eabi/</path>
         <kind>archive</kind>
         <file>libclang_rt.builtins.a</file>
         <name>aeabi_idivmod.S.obj</name>
      </input_file>
      <input_file id="fl-110">
         <path>/opt/ccstudio/ccs/tools/compiler/ti-cgt-armllvm_4.0.4.LTS/lib/armv6m-ti-none-eabi/</path>
         <kind>archive</kind>
         <file>libclang_rt.builtins.a</file>
         <name>aeabi_ldivmod.S.obj</name>
      </input_file>
      <input_file id="fl-111">
         <path>/opt/ccstudio/ccs/tools/compiler/ti-cgt-armllvm_4.0.4.LTS/lib/armv6m-ti-none-eabi/</path>
         <kind>archive</kind>
         <file>libclang_rt.builtins.a</file>
         <name>aeabi_memcpy.S.obj</name>
      </input_file>
      <input_file id="fl-112">
         <path>/opt/ccstudio/ccs/tools/compiler/ti-cgt-armllvm_4.0.4.LTS/lib/armv6m-ti-none-eabi/</path>
         <kind>archive</kind>
         <file>libclang_rt.builtins.a</file>
         <name>aeabi_memmove.S.obj</name>
      </input_file>
      <input_file id="fl-113">
         <path>/opt/ccstudio/ccs/tools/compiler/ti-cgt-armllvm_4.0.4.LTS/lib/armv6m-ti-none-eabi/</path>
         <kind>archive</kind>
         <file>libclang_rt.builtins.a</file>
         <name>aeabi_memset.S.obj</name>
      </input_file>
      <input_file id="fl-114">
         <path>/opt/ccstudio/ccs/tools/compiler/ti-cgt-armllvm_4.0.4.LTS/lib/armv6m-ti-none-eabi/</path>
         <kind>archive</kind>
         <file>libclang_rt.builtins.a</file>
         <name>aeabi_uidivmod.S.obj</name>
      </input_file>
      <input_file id="fl-115">
         <path>/opt/ccstudio/ccs/tools/compiler/ti-cgt-armllvm_4.0.4.LTS/lib/armv6m-ti-none-eabi/</path>
         <kind>archive</kind>
         <file>libclang_rt.builtins.a</file>
         <name>aeabi_uldivmod.S.obj</name>
      </input_file>
      <input_file id="fl-116">
         <path>/opt/ccstudio/ccs/tools/compiler/ti-cgt-armllvm_4.0.4.LTS/lib/armv6m-ti-none-eabi/</path>
         <kind>archive</kind>
         <file>libclang_rt.builtins.a</file>
         <name>comparesf2.S.obj</name>
      </input_file>
      <input_file id="fl-117">
         <path>/opt/ccstudio/ccs/tools/compiler/ti-cgt-armllvm_4.0.4.LTS/lib/armv6m-ti-none-eabi/</path>
         <kind>archive</kind>
         <file>libclang_rt.builtins.a</file>
         <name>udivmoddi4.S.obj</name>
      </input_file>
      <input_file id="fl-118">
         <path>/opt/ccstudio/ccs/tools/compiler/ti-cgt-armllvm_4.0.4.LTS/lib/armv6m-ti-none-eabi/</path>
         <kind>archive</kind>
         <file>libclang_rt.builtins.a</file>
         <name>ashldi3.S.obj</name>
      </input_file>
      <input_file id="fl-119">
         <path>/opt/ccstudio/ccs/tools/compiler/ti-cgt-armllvm_4.0.4.LTS/lib/armv6m-ti-none-eabi/</path>
         <kind>archive</kind>
         <file>libclang_rt.builtins.a</file>
         <name>comparedf2.c.obj</name>
      </input_file>
      <input_file id="fl-11a">
         <path>/opt/ccstudio/ccs/tools/compiler/ti-cgt-armllvm_4.0.4.LTS/lib/armv6m-ti-none-eabi/</path>
         <kind>archive</kind>
         <file>libclang_rt.builtins.a</file>
         <name>divmoddi4.c.obj</name>
      </input_file>
      <input_file id="fl-11b">
         <path>/opt/ccstudio/ccs/tools/compiler/ti-cgt-armllvm_4.0.4.LTS/lib/armv6m-ti-none-eabi/</path>
         <kind>archive</kind>
         <file>libclang_rt.builtins.a</file>
         <name>aeabi_div0.c.obj</name>
      </input_file>
      <input_file id="fl-11c">
         <path>/opt/ccstudio/ccs/tools/compiler/ti-cgt-armllvm_4.0.4.LTS/lib/armv6m-ti-none-eabi/c/</path>
         <kind>archive</kind>
         <file>libc.a</file>
         <name>memcpy16.S.obj</name>
      </input_file>
      <input_file id="fl-11d">
         <path>/opt/ccstudio/ccs/tools/compiler/ti-cgt-armllvm_4.0.4.LTS/lib/armv6m-ti-none-eabi/c/</path>
         <kind>archive</kind>
         <file>libc.a</file>
         <name>memset16.S.obj</name>
      </input_file>
      <input_file id="fl-11e">
         <path>/opt/ccstudio/ccs/tools/compiler/ti-cgt-armllvm_4.0.4.LTS/lib/armv6m-ti-none-eabi/c/</path>
         <kind>archive</kind>
         <file>libc.a</file>
         <name>memmov.c.obj</name>
      </input_file>
   </input_file_list>
   <object_component_list>
      <object_component id="oc-18">
         <name>.intvecs</name>
         <load_address>0x0</load_address>
         <readonly>true</readonly>
         <run_address>0x0</run_address>
         <size>0xc0</size>
         <alignment>0x4</alignment>
         <input_file_ref idref="fl-3"/>
      </object_component>
      <object_component id="oc-fd">
         <name>.text.OLED_Init</name>
         <load_address>0xc0</load_address>
         <readonly>true</readonly>
         <executable>true</executable>
         <run_address>0xc0</run_address>
         <size>0xfd0</size>
         <alignment>0x4</alignment>
         <input_file_ref idref="fl-d"/>
      </object_component>
      <object_component id="oc-104">
         <name>.text.OLED_ShowString</name>
         <load_address>0x1090</load_address>
         <readonly>true</readonly>
         <executable>true</executable>
         <run_address>0x1090</run_address>
         <size>0xcd0</size>
         <alignment>0x4</alignment>
         <input_file_ref idref="fl-d"/>
      </object_component>
      <object_component id="oc-103">
         <name>.text.OLED_Clear</name>
         <load_address>0x1d60</load_address>
         <readonly>true</readonly>
         <executable>true</executable>
         <run_address>0x1d60</run_address>
         <size>0xa90</size>
         <alignment>0x4</alignment>
         <input_file_ref idref="fl-d"/>
      </object_component>
      <object_component id="oc-1a3">
         <name>.text.mpu_run_self_test</name>
         <load_address>0x27f0</load_address>
         <readonly>true</readonly>
         <executable>true</executable>
         <run_address>0x27f0</run_address>
         <size>0x948</size>
         <alignment>0x4</alignment>
         <input_file_ref idref="fl-8"/>
      </object_component>
      <object_component id="oc-112">
         <name>.text.OLED_ShowNumber</name>
         <load_address>0x3138</load_address>
         <readonly>true</readonly>
         <executable>true</executable>
         <run_address>0x3138</run_address>
         <size>0x500</size>
         <alignment>0x4</alignment>
         <input_file_ref idref="fl-d"/>
      </object_component>
      <object_component id="oc-23d">
         <name>.text.get_st_biases</name>
         <load_address>0x3638</load_address>
         <readonly>true</readonly>
         <executable>true</executable>
         <run_address>0x3638</run_address>
         <size>0x3a0</size>
         <alignment>0x4</alignment>
         <input_file_ref idref="fl-8"/>
      </object_component>
      <object_component id="oc-b6">
         <name>.text.asin</name>
         <load_address>0x39d8</load_address>
         <readonly>true</readonly>
         <executable>true</executable>
         <run_address>0x39d8</run_address>
         <size>0x364</size>
         <alignment>0x4</alignment>
         <input_file_ref idref="fl-38"/>
      </object_component>
      <object_component id="oc-99">
         <name>.text.main</name>
         <load_address>0x3d3c</load_address>
         <readonly>true</readonly>
         <executable>true</executable>
         <run_address>0x3d3c</run_address>
         <size>0x308</size>
         <alignment>0x4</alignment>
         <input_file_ref idref="fl-1"/>
      </object_component>
      <object_component id="oc-178">
         <name>.text.atan</name>
         <load_address>0x4044</load_address>
         <readonly>true</readonly>
         <executable>true</executable>
         <run_address>0x4044</run_address>
         <size>0x2f8</size>
         <alignment>0x4</alignment>
         <input_file_ref idref="fl-3b"/>
      </object_component>
      <object_component id="oc-1a1">
         <name>.text.dmp_enable_feature</name>
         <load_address>0x433c</load_address>
         <readonly>true</readonly>
         <executable>true</executable>
         <run_address>0x433c</run_address>
         <size>0x2b0</size>
         <alignment>0x4</alignment>
         <input_file_ref idref="fl-9"/>
      </object_component>
      <object_component id="oc-211">
         <name>.text.SYSCFG_DL_SYSCTL_SYSPLL_init</name>
         <load_address>0x45ec</load_address>
         <readonly>true</readonly>
         <executable>true</executable>
         <run_address>0x45ec</run_address>
         <size>0x2a8</size>
         <alignment>0x4</alignment>
         <input_file_ref idref="fl-2"/>
      </object_component>
      <object_component id="oc-27c">
         <name>.text:__TI_printfi_minimal</name>
         <load_address>0x4894</load_address>
         <readonly>true</readonly>
         <executable>true</executable>
         <run_address>0x4894</run_address>
         <size>0x284</size>
         <alignment>0x4</alignment>
         <input_file_ref idref="fl-37"/>
      </object_component>
      <object_component id="oc-234">
         <name>.text.mpu_lp_accel_mode</name>
         <load_address>0x4b18</load_address>
         <readonly>true</readonly>
         <executable>true</executable>
         <run_address>0x4b18</run_address>
         <size>0x264</size>
         <alignment>0x4</alignment>
         <input_file_ref idref="fl-8"/>
      </object_component>
      <object_component id="oc-105">
         <name>.text.OLED_Refresh_Gram</name>
         <load_address>0x4d7c</load_address>
         <readonly>true</readonly>
         <executable>true</executable>
         <run_address>0x4d7c</run_address>
         <size>0x208</size>
         <alignment>0x4</alignment>
         <input_file_ref idref="fl-d"/>
      </object_component>
      <object_component id="oc-5e">
         <name>.text.Read_DMP</name>
         <load_address>0x4f84</load_address>
         <readonly>true</readonly>
         <executable>true</executable>
         <run_address>0x4f84</run_address>
         <size>0x204</size>
         <alignment>0x4</alignment>
         <input_file_ref idref="fl-4"/>
      </object_component>
      <object_component id="oc-11a">
         <name>.text.delay_ms</name>
         <load_address>0x5188</load_address>
         <readonly>true</readonly>
         <executable>true</executable>
         <run_address>0x5188</run_address>
         <size>0x1c0</size>
         <alignment>0x4</alignment>
         <input_file_ref idref="fl-5"/>
      </object_component>
      <object_component id="oc-a4">
         <name>.text.dmp_read_fifo</name>
         <load_address>0x5348</load_address>
         <readonly>true</readonly>
         <executable>true</executable>
         <run_address>0x5348</run_address>
         <size>0x1a8</size>
         <alignment>0x4</alignment>
         <input_file_ref idref="fl-9"/>
      </object_component>
      <object_component id="oc-19b">
         <name>.text.mpu_init</name>
         <load_address>0x54f0</load_address>
         <readonly>true</readonly>
         <executable>true</executable>
         <run_address>0x54f0</run_address>
         <size>0x1a0</size>
         <alignment>0x4</alignment>
         <input_file_ref idref="fl-8"/>
      </object_component>
      <object_component id="oc-14c">
         <name>.text.mpu_reset_fifo</name>
         <load_address>0x5690</load_address>
         <readonly>true</readonly>
         <executable>true</executable>
         <run_address>0x5690</run_address>
         <size>0x1a0</size>
         <alignment>0x4</alignment>
         <input_file_ref idref="fl-8"/>
      </object_component>
      <object_component id="oc-235">
         <name>.text.mpu_load_firmware</name>
         <load_address>0x5830</load_address>
         <readonly>true</readonly>
         <executable>true</executable>
         <run_address>0x5830</run_address>
         <size>0x19c</size>
         <alignment>0x4</alignment>
         <input_file_ref idref="fl-8"/>
      </object_component>
      <object_component id="oc-107">
         <name>.text.DMP_Init</name>
         <load_address>0x59cc</load_address>
         <readonly>true</readonly>
         <executable>true</executable>
         <run_address>0x59cc</run_address>
         <size>0x198</size>
         <alignment>0x4</alignment>
         <input_file_ref idref="fl-4"/>
      </object_component>
      <object_component id="oc-15f">
         <name>.text.adddf3_subdf3</name>
         <load_address>0x5b64</load_address>
         <readonly>true</readonly>
         <executable>true</executable>
         <run_address>0x5b64</run_address>
         <size>0x192</size>
         <alignment>0x4</alignment>
         <input_file_ref idref="fl-ff"/>
      </object_component>
      <object_component id="oc-33">
         <name>.text.Default_Handler</name>
         <load_address>0x5cf6</load_address>
         <readonly>true</readonly>
         <executable>true</executable>
         <run_address>0x5cf6</run_address>
         <size>0x2</size>
         <alignment>0x2</alignment>
         <input_file_ref idref="fl-3"/>
      </object_component>
      <object_component id="oc-c4">
         <name>.text.atan2</name>
         <load_address>0x5cf8</load_address>
         <readonly>true</readonly>
         <executable>true</executable>
         <run_address>0x5cf8</run_address>
         <size>0x188</size>
         <alignment>0x4</alignment>
         <input_file_ref idref="fl-39"/>
      </object_component>
      <object_component id="oc-113">
         <name>.text.OLED_ShowChar</name>
         <load_address>0x5e80</load_address>
         <readonly>true</readonly>
         <executable>true</executable>
         <run_address>0x5e80</run_address>
         <size>0x174</size>
         <alignment>0x4</alignment>
         <input_file_ref idref="fl-d"/>
      </object_component>
      <object_component id="oc-169">
         <name>.text.sqrt</name>
         <load_address>0x5ff4</load_address>
         <readonly>true</readonly>
         <executable>true</executable>
         <run_address>0x5ff4</run_address>
         <size>0x170</size>
         <alignment>0x4</alignment>
         <input_file_ref idref="fl-3a"/>
      </object_component>
      <object_component id="oc-106">
         <name>.text.MPU6050_initialize</name>
         <load_address>0x6164</load_address>
         <readonly>true</readonly>
         <executable>true</executable>
         <run_address>0x6164</run_address>
         <size>0x158</size>
         <alignment>0x4</alignment>
         <input_file_ref idref="fl-4"/>
      </object_component>
      <object_component id="oc-23b">
         <name>.text.dmp_set_tap_thresh</name>
         <load_address>0x62bc</load_address>
         <readonly>true</readonly>
         <executable>true</executable>
         <run_address>0x62bc</run_address>
         <size>0x134</size>
         <alignment>0x4</alignment>
         <input_file_ref idref="fl-9"/>
      </object_component>
      <object_component id="oc-22a">
         <name>.text.mpu_set_bypass</name>
         <load_address>0x63f0</load_address>
         <readonly>true</readonly>
         <executable>true</executable>
         <run_address>0x63f0</run_address>
         <size>0x124</size>
         <alignment>0x4</alignment>
         <input_file_ref idref="fl-8"/>
      </object_component>
      <object_component id="oc-18c">
         <name>.text.SYSCFG_DL_GPIO_init</name>
         <load_address>0x6514</load_address>
         <readonly>true</readonly>
         <executable>true</executable>
         <run_address>0x6514</run_address>
         <size>0x114</size>
         <alignment>0x4</alignment>
         <input_file_ref idref="fl-2"/>
      </object_component>
      <object_component id="oc-170">
         <name>.text.__divdf3</name>
         <load_address>0x6628</load_address>
         <readonly>true</readonly>
         <executable>true</executable>
         <run_address>0x6628</run_address>
         <size>0x10c</size>
         <alignment>0x4</alignment>
         <input_file_ref idref="fl-104"/>
      </object_component>
      <object_component id="oc-1a8">
         <name>.text.mpu_set_dmp_state</name>
         <load_address>0x6734</load_address>
         <readonly>true</readonly>
         <executable>true</executable>
         <run_address>0x6734</run_address>
         <size>0x10c</size>
         <alignment>0x4</alignment>
         <input_file_ref idref="fl-8"/>
      </object_component>
      <object_component id="oc-215">
         <name>.text.DL_Timer_initFourCCPWMMode</name>
         <load_address>0x6840</load_address>
         <readonly>true</readonly>
         <executable>true</executable>
         <run_address>0x6840</run_address>
         <size>0x104</size>
         <alignment>0x4</alignment>
         <input_file_ref idref="fl-1d"/>
      </object_component>
      <object_component id="oc-21a">
         <name>.text.DL_Timer_initTimerMode</name>
         <load_address>0x6944</load_address>
         <readonly>true</readonly>
         <executable>true</executable>
         <run_address>0x6944</run_address>
         <size>0xfc</size>
         <alignment>0x4</alignment>
         <input_file_ref idref="fl-1d"/>
      </object_component>
      <object_component id="oc-19e">
         <name>.text.mpu_set_sample_rate</name>
         <load_address>0x6a40</load_address>
         <readonly>true</readonly>
         <executable>true</executable>
         <run_address>0x6a40</run_address>
         <size>0xfc</size>
         <alignment>0x4</alignment>
         <input_file_ref idref="fl-8"/>
      </object_component>
      <object_component id="oc-19c">
         <name>.text.mpu_set_sensors</name>
         <load_address>0x6b3c</load_address>
         <readonly>true</readonly>
         <executable>true</executable>
         <run_address>0x6b3c</run_address>
         <size>0xfc</size>
         <alignment>0x4</alignment>
         <input_file_ref idref="fl-8"/>
      </object_component>
      <object_component id="oc-1a5">
         <name>.text.dmp_set_gyro_bias</name>
         <load_address>0x6c38</load_address>
         <readonly>true</readonly>
         <executable>true</executable>
         <run_address>0x6c38</run_address>
         <size>0xf0</size>
         <alignment>0x4</alignment>
         <input_file_ref idref="fl-9"/>
      </object_component>
      <object_component id="oc-1a0">
         <name>.text.dmp_set_orientation</name>
         <load_address>0x6d28</load_address>
         <readonly>true</readonly>
         <executable>true</executable>
         <run_address>0x6d28</run_address>
         <size>0xec</size>
         <alignment>0x4</alignment>
         <input_file_ref idref="fl-9"/>
      </object_component>
      <object_component id="oc-bc">
         <name>.text.__muldf3</name>
         <load_address>0x6e14</load_address>
         <readonly>true</readonly>
         <executable>true</executable>
         <run_address>0x6e14</run_address>
         <size>0xe4</size>
         <alignment>0x4</alignment>
         <input_file_ref idref="fl-100"/>
      </object_component>
      <object_component id="oc-250">
         <name>.text.mspm0_i2c_read</name>
         <load_address>0x6ef8</load_address>
         <readonly>true</readonly>
         <executable>true</executable>
         <run_address>0x6ef8</run_address>
         <size>0xe4</size>
         <alignment>0x4</alignment>
         <input_file_ref idref="fl-6"/>
      </object_component>
      <object_component id="oc-20b">
         <name>.text.DL_SYSCTL_configSYSPLL</name>
         <load_address>0x6fdc</load_address>
         <readonly>true</readonly>
         <executable>true</executable>
         <run_address>0x6fdc</run_address>
         <size>0xdc</size>
         <alignment>0x4</alignment>
         <input_file_ref idref="fl-1f"/>
      </object_component>
      <object_component id="oc-ae">
         <name>.text</name>
         <load_address>0x70b8</load_address>
         <readonly>true</readonly>
         <executable>true</executable>
         <run_address>0x70b8</run_address>
         <size>0xd8</size>
         <alignment>0x4</alignment>
         <input_file_ref idref="fl-fe"/>
      </object_component>
      <object_component id="oc-3a">
         <name>.text.UART0_IRQHandler</name>
         <load_address>0x7190</load_address>
         <readonly>true</readonly>
         <executable>true</executable>
         <run_address>0x7190</run_address>
         <size>0xd4</size>
         <alignment>0x4</alignment>
         <input_file_ref idref="fl-1"/>
      </object_component>
      <object_component id="oc-145">
         <name>.text.mpu_read_fifo_stream</name>
         <load_address>0x7264</load_address>
         <readonly>true</readonly>
         <executable>true</executable>
         <run_address>0x7264</run_address>
         <size>0xd0</size>
         <alignment>0x4</alignment>
         <input_file_ref idref="fl-8"/>
      </object_component>
      <object_component id="oc-19d">
         <name>.text.mpu_configure_fifo</name>
         <load_address>0x7334</load_address>
         <readonly>true</readonly>
         <executable>true</executable>
         <run_address>0x7334</run_address>
         <size>0xc4</size>
         <alignment>0x4</alignment>
         <input_file_ref idref="fl-8"/>
      </object_component>
      <object_component id="oc-67">
         <name>.text.Encoder_IRQ_Handler</name>
         <load_address>0x73f8</load_address>
         <readonly>true</readonly>
         <executable>true</executable>
         <run_address>0x73f8</run_address>
         <size>0xc0</size>
         <alignment>0x4</alignment>
         <input_file_ref idref="fl-7"/>
      </object_component>
      <object_component id="oc-76">
         <name>.text.Key</name>
         <load_address>0x74b8</load_address>
         <readonly>true</readonly>
         <executable>true</executable>
         <run_address>0x74b8</run_address>
         <size>0xc0</size>
         <alignment>0x4</alignment>
         <input_file_ref idref="fl-a"/>
      </object_component>
      <object_component id="oc-1a7">
         <name>.text.dmp_set_accel_bias</name>
         <load_address>0x7578</load_address>
         <readonly>true</readonly>
         <executable>true</executable>
         <run_address>0x7578</run_address>
         <size>0xc0</size>
         <alignment>0x4</alignment>
         <input_file_ref idref="fl-9"/>
      </object_component>
      <object_component id="oc-1d6">
         <name>.text.HW_IIC_Mem_Write</name>
         <load_address>0x7638</load_address>
         <readonly>true</readonly>
         <executable>true</executable>
         <run_address>0x7638</run_address>
         <size>0xb0</size>
         <alignment>0x4</alignment>
         <input_file_ref idref="fl-6"/>
      </object_component>
      <object_component id="oc-18d">
         <name>.text.SYSCFG_DL_SYSCTL_init</name>
         <load_address>0x76e8</load_address>
         <readonly>true</readonly>
         <executable>true</executable>
         <run_address>0x76e8</run_address>
         <size>0xb0</size>
         <alignment>0x4</alignment>
         <input_file_ref idref="fl-2"/>
      </object_component>
      <object_component id="oc-108">
         <name>.text.puts</name>
         <load_address>0x7798</load_address>
         <readonly>true</readonly>
         <executable>true</executable>
         <run_address>0x7798</run_address>
         <size>0xa8</size>
         <alignment>0x4</alignment>
         <input_file_ref idref="fl-5"/>
      </object_component>
      <object_component id="oc-1d3">
         <name>.text.HW_iic_init</name>
         <load_address>0x7840</load_address>
         <readonly>true</readonly>
         <executable>true</executable>
         <run_address>0x7840</run_address>
         <size>0xa4</size>
         <alignment>0x4</alignment>
         <input_file_ref idref="fl-6"/>
      </object_component>
      <object_component id="oc-3b">
         <name>.text.TIMG0_IRQHandler</name>
         <load_address>0x78e4</load_address>
         <readonly>true</readonly>
         <executable>true</executable>
         <run_address>0x78e4</run_address>
         <size>0xa4</size>
         <alignment>0x4</alignment>
         <input_file_ref idref="fl-1"/>
      </object_component>
      <object_component id="oc-2a9">
         <name>.text</name>
         <load_address>0x7988</load_address>
         <readonly>true</readonly>
         <executable>true</executable>
         <run_address>0x7988</run_address>
         <size>0xa2</size>
         <alignment>0x4</alignment>
         <input_file_ref idref="fl-117"/>
      </object_component>
      <object_component id="oc-f3">
         <name>.text:memcpy</name>
         <load_address>0x7a2a</load_address>
         <readonly>true</readonly>
         <executable>true</executable>
         <run_address>0x7a2a</run_address>
         <size>0x9a</size>
         <alignment>0x1</alignment>
         <input_file_ref idref="fl-11c"/>
      </object_component>
      <object_component id="oc-287">
         <name>.text.fputs</name>
         <load_address>0x7ac4</load_address>
         <readonly>true</readonly>
         <executable>true</executable>
         <run_address>0x7ac4</run_address>
         <size>0x98</size>
         <alignment>0x4</alignment>
         <input_file_ref idref="fl-5"/>
      </object_component>
      <object_component id="oc-1a9">
         <name>.text.mpu6050_i2c_sda_unlock</name>
         <load_address>0x7b5c</load_address>
         <readonly>true</readonly>
         <executable>true</executable>
         <run_address>0x7b5c</run_address>
         <size>0x98</size>
         <alignment>0x4</alignment>
         <input_file_ref idref="fl-6"/>
      </object_component>
      <object_component id="oc-228">
         <name>.text.mpu_set_accel_fsr</name>
         <load_address>0x7bf4</load_address>
         <readonly>true</readonly>
         <executable>true</executable>
         <run_address>0x7bf4</run_address>
         <size>0x98</size>
         <alignment>0x4</alignment>
         <input_file_ref idref="fl-8"/>
      </object_component>
      <object_component id="oc-34">
         <name>.text.GROUP1_IRQHandler</name>
         <load_address>0x7c8c</load_address>
         <readonly>true</readonly>
         <executable>true</executable>
         <run_address>0x7c8c</run_address>
         <size>0x94</size>
         <alignment>0x4</alignment>
         <input_file_ref idref="fl-1"/>
      </object_component>
      <object_component id="oc-18f">
         <name>.text.SYSCFG_DL_PWM_0_init</name>
         <load_address>0x7d20</load_address>
         <readonly>true</readonly>
         <executable>true</executable>
         <run_address>0x7d20</run_address>
         <size>0x8c</size>
         <alignment>0x4</alignment>
         <input_file_ref idref="fl-2"/>
      </object_component>
      <object_component id="oc-aa">
         <name>.text.__mulsf3</name>
         <load_address>0x7dac</load_address>
         <readonly>true</readonly>
         <executable>true</executable>
         <run_address>0x7dac</run_address>
         <size>0x8c</size>
         <alignment>0x4</alignment>
         <input_file_ref idref="fl-102"/>
      </object_component>
      <object_component id="oc-229">
         <name>.text.mpu_set_lpf</name>
         <load_address>0x7e38</load_address>
         <readonly>true</readonly>
         <executable>true</executable>
         <run_address>0x7e38</run_address>
         <size>0x8c</size>
         <alignment>0x4</alignment>
         <input_file_ref idref="fl-8"/>
      </object_component>
      <object_component id="oc-192">
         <name>.text.SYSCFG_DL_UART_0_init</name>
         <load_address>0x7ec4</load_address>
         <readonly>true</readonly>
         <executable>true</executable>
         <run_address>0x7ec4</run_address>
         <size>0x84</size>
         <alignment>0x4</alignment>
         <input_file_ref idref="fl-2"/>
      </object_component>
      <object_component id="oc-237">
         <name>.text.mpu_write_mem</name>
         <load_address>0x7f48</load_address>
         <readonly>true</readonly>
         <executable>true</executable>
         <run_address>0x7f48</run_address>
         <size>0x84</size>
         <alignment>0x4</alignment>
         <input_file_ref idref="fl-8"/>
      </object_component>
      <object_component id="oc-23e">
         <name>.text.__divsf3</name>
         <load_address>0x7fcc</load_address>
         <readonly>true</readonly>
         <executable>true</executable>
         <run_address>0x7fcc</run_address>
         <size>0x82</size>
         <alignment>0x4</alignment>
         <input_file_ref idref="fl-103"/>
      </object_component>
      <object_component id="oc-1c2">
         <name>.text.__aeabi_idiv0</name>
         <load_address>0x804e</load_address>
         <readonly>true</readonly>
         <executable>true</executable>
         <run_address>0x804e</run_address>
         <size>0x2</size>
         <alignment>0x2</alignment>
         <input_file_ref idref="fl-11b"/>
      </object_component>
      <object_component id="oc-7c">
         <name>.text.Velocity_A</name>
         <load_address>0x8050</load_address>
         <readonly>true</readonly>
         <executable>true</executable>
         <run_address>0x8050</run_address>
         <size>0x80</size>
         <alignment>0x4</alignment>
         <input_file_ref idref="fl-c"/>
      </object_component>
      <object_component id="oc-82">
         <name>.text.Velocity_B</name>
         <load_address>0x80d0</load_address>
         <readonly>true</readonly>
         <executable>true</executable>
         <run_address>0x80d0</run_address>
         <size>0x80</size>
         <alignment>0x4</alignment>
         <input_file_ref idref="fl-c"/>
      </object_component>
      <object_component id="oc-1c">
         <name>.text:decompress:lzss</name>
         <load_address>0x8150</load_address>
         <readonly>true</readonly>
         <executable>true</executable>
         <run_address>0x8150</run_address>
         <size>0x7c</size>
         <alignment>0x4</alignment>
         <input_file_ref idref="fl-49"/>
      </object_component>
      <object_component id="oc-1fa">
         <name>.text.__gedf2</name>
         <load_address>0x81cc</load_address>
         <readonly>true</readonly>
         <executable>true</executable>
         <run_address>0x81cc</run_address>
         <size>0x74</size>
         <alignment>0x4</alignment>
         <input_file_ref idref="fl-119"/>
      </object_component>
      <object_component id="oc-c0">
         <name>.text.__truncdfsf2</name>
         <load_address>0x8240</load_address>
         <readonly>true</readonly>
         <executable>true</executable>
         <run_address>0x8240</run_address>
         <size>0x74</size>
         <alignment>0x10</alignment>
         <input_file_ref idref="fl-10c"/>
      </object_component>
      <object_component id="oc-1f4">
         <name>.text.__ledf2</name>
         <load_address>0x82b4</load_address>
         <readonly>true</readonly>
         <executable>true</executable>
         <run_address>0x82b4</run_address>
         <size>0x68</size>
         <alignment>0x4</alignment>
         <input_file_ref idref="fl-119"/>
      </object_component>
      <object_component id="oc-1a2">
         <name>.text.dmp_set_fifo_rate</name>
         <load_address>0x831c</load_address>
         <readonly>true</readonly>
         <executable>true</executable>
         <run_address>0x831c</run_address>
         <size>0x68</size>
         <alignment>0x4</alignment>
         <input_file_ref idref="fl-9"/>
      </object_component>
      <object_component id="oc-163">
         <name>.text.__aeabi_dcmp</name>
         <load_address>0x8384</load_address>
         <readonly>true</readonly>
         <executable>true</executable>
         <run_address>0x8384</run_address>
         <size>0x62</size>
         <alignment>0x4</alignment>
         <input_file_ref idref="fl-10d"/>
      </object_component>
      <object_component id="oc-2d6">
         <name>.text.__aeabi_ldiv0</name>
         <load_address>0x83e6</load_address>
         <readonly>true</readonly>
         <executable>true</executable>
         <run_address>0x83e6</run_address>
         <size>0x2</size>
         <alignment>0x2</alignment>
         <input_file_ref idref="fl-11b"/>
      </object_component>
      <object_component id="oc-11b">
         <name>.text.__aeabi_fcmp</name>
         <load_address>0x83e8</load_address>
         <readonly>true</readonly>
         <executable>true</executable>
         <run_address>0x83e8</run_address>
         <size>0x62</size>
         <alignment>0x4</alignment>
         <input_file_ref idref="fl-10e"/>
      </object_component>
      <object_component id="oc-18a">
         <name>.text:memset</name>
         <load_address>0x844a</load_address>
         <readonly>true</readonly>
         <executable>true</executable>
         <run_address>0x844a</run_address>
         <size>0x62</size>
         <alignment>0x1</alignment>
         <input_file_ref idref="fl-11d"/>
      </object_component>
      <object_component id="oc-24f">
         <name>.text.DL_I2C_fillControllerTXFIFO</name>
         <load_address>0x84ac</load_address>
         <readonly>true</readonly>
         <executable>true</executable>
         <run_address>0x84ac</run_address>
         <size>0x5e</size>
         <alignment>0x2</alignment>
         <input_file_ref idref="fl-1c"/>
      </object_component>
      <object_component id="oc-253">
         <name>.text._nop</name>
         <load_address>0x850a</load_address>
         <readonly>true</readonly>
         <executable>true</executable>
         <run_address>0x850a</run_address>
         <size>0x2</size>
         <alignment>0x2</alignment>
         <input_file_ref idref="fl-40"/>
      </object_component>
      <object_component id="oc-22b">
         <name>.text.printf</name>
         <load_address>0x850c</load_address>
         <readonly>true</readonly>
         <executable>true</executable>
         <run_address>0x850c</run_address>
         <size>0x5c</size>
         <alignment>0x4</alignment>
         <input_file_ref idref="fl-36"/>
      </object_component>
      <object_component id="oc-10e">
         <name>.text.__aeabi_idivmod</name>
         <load_address>0x8568</load_address>
         <readonly>true</readonly>
         <executable>true</executable>
         <run_address>0x8568</run_address>
         <size>0x56</size>
         <alignment>0x4</alignment>
         <input_file_ref idref="fl-10f"/>
      </object_component>
      <object_component id="oc-14b">
         <name>.text.myget_ms</name>
         <load_address>0x85be</load_address>
         <readonly>true</readonly>
         <executable>true</executable>
         <run_address>0x85be</run_address>
         <size>0x2</size>
         <alignment>0x2</alignment>
         <input_file_ref idref="fl-8"/>
      </object_component>
      <object_component id="oc-191">
         <name>.text.SYSCFG_DL_I2C_0_init</name>
         <load_address>0x85c0</load_address>
         <readonly>true</readonly>
         <executable>true</executable>
         <run_address>0x85c0</run_address>
         <size>0x54</size>
         <alignment>0x4</alignment>
         <input_file_ref idref="fl-2"/>
      </object_component>
      <object_component id="oc-18b">
         <name>.text.SYSCFG_DL_initPower</name>
         <load_address>0x8614</load_address>
         <readonly>true</readonly>
         <executable>true</executable>
         <run_address>0x8614</run_address>
         <size>0x54</size>
         <alignment>0x4</alignment>
         <input_file_ref idref="fl-2"/>
      </object_component>
      <object_component id="oc-84">
         <name>.text.Set_PWM</name>
         <load_address>0x8668</load_address>
         <readonly>true</readonly>
         <executable>true</executable>
         <run_address>0x8668</run_address>
         <size>0x54</size>
         <alignment>0x4</alignment>
         <input_file_ref idref="fl-c"/>
      </object_component>
      <object_component id="oc-225">
         <name>.text.DL_UART_init</name>
         <load_address>0x86bc</load_address>
         <readonly>true</readonly>
         <executable>true</executable>
         <run_address>0x86bc</run_address>
         <size>0x48</size>
         <alignment>0x4</alignment>
         <input_file_ref idref="fl-1e"/>
      </object_component>
      <object_component id="oc-1a4">
         <name>.text.mpu_get_gyro_sens</name>
         <load_address>0x8704</load_address>
         <readonly>true</readonly>
         <executable>true</executable>
         <run_address>0x8704</run_address>
         <size>0x48</size>
         <alignment>0x4</alignment>
         <input_file_ref idref="fl-8"/>
      </object_component>
      <object_component id="oc-212">
         <name>.text.DL_SYSCTL_switchMCLKfromSYSOSCtoHSCLK</name>
         <load_address>0x874c</load_address>
         <readonly>true</readonly>
         <executable>true</executable>
         <run_address>0x874c</run_address>
         <size>0x44</size>
         <alignment>0x4</alignment>
         <input_file_ref idref="fl-1f"/>
      </object_component>
      <object_component id="oc-1b6">
         <name>.text.__aeabi_uidivmod</name>
         <load_address>0x8790</load_address>
         <readonly>true</readonly>
         <executable>true</executable>
         <run_address>0x8790</run_address>
         <size>0x40</size>
         <alignment>0x4</alignment>
         <input_file_ref idref="fl-114"/>
      </object_component>
      <object_component id="oc-b2">
         <name>.text.__extendsfdf2</name>
         <load_address>0x87d0</load_address>
         <readonly>true</readonly>
         <executable>true</executable>
         <run_address>0x87d0</run_address>
         <size>0x40</size>
         <alignment>0x4</alignment>
         <input_file_ref idref="fl-105"/>
      </object_component>
      <object_component id="oc-28a">
         <name>.text.__divmoddi4</name>
         <load_address>0x8810</load_address>
         <readonly>true</readonly>
         <executable>true</executable>
         <run_address>0x8810</run_address>
         <size>0x3e</size>
         <alignment>0x2</alignment>
         <input_file_ref idref="fl-11a"/>
      </object_component>
      <object_component id="oc-27b">
         <name>.text.DL_I2C_flushControllerTXFIFO</name>
         <load_address>0x8850</load_address>
         <readonly>true</readonly>
         <executable>true</executable>
         <run_address>0x8850</run_address>
         <size>0x3c</size>
         <alignment>0x4</alignment>
         <input_file_ref idref="fl-1c"/>
      </object_component>
      <object_component id="oc-63">
         <name>.text.__floatsisf</name>
         <load_address>0x888c</load_address>
         <readonly>true</readonly>
         <executable>true</executable>
         <run_address>0x888c</run_address>
         <size>0x3c</size>
         <alignment>0x4</alignment>
         <input_file_ref idref="fl-109"/>
      </object_component>
      <object_component id="oc-1d1">
         <name>.text.__gtsf2</name>
         <load_address>0x88c8</load_address>
         <readonly>true</readonly>
         <executable>true</executable>
         <run_address>0x88c8</run_address>
         <size>0x3c</size>
         <alignment>0x4</alignment>
         <input_file_ref idref="fl-116"/>
      </object_component>
      <object_component id="oc-133">
         <name>.text:__TI_auto_init_nobinit_nopinit</name>
         <load_address>0x8904</load_address>
         <readonly>true</readonly>
         <executable>true</executable>
         <run_address>0x8904</run_address>
         <size>0x3c</size>
         <alignment>0x4</alignment>
         <input_file_ref idref="fl-51"/>
      </object_component>
      <object_component id="oc-1cc">
         <name>.text.__eqsf2</name>
         <load_address>0x8940</load_address>
         <readonly>true</readonly>
         <executable>true</executable>
         <run_address>0x8940</run_address>
         <size>0x3a</size>
         <alignment>0x4</alignment>
         <input_file_ref idref="fl-116"/>
      </object_component>
      <object_component id="oc-153">
         <name>.text.__muldsi3</name>
         <load_address>0x897c</load_address>
         <readonly>true</readonly>
         <executable>true</executable>
         <run_address>0x897c</run_address>
         <size>0x3a</size>
         <alignment>0x4</alignment>
         <input_file_ref idref="fl-101"/>
      </object_component>
      <object_component id="oc-190">
         <name>.text.SYSCFG_DL_TIMER_0_init</name>
         <load_address>0x89b8</load_address>
         <readonly>true</readonly>
         <executable>true</executable>
         <run_address>0x89b8</run_address>
         <size>0x38</size>
         <alignment>0x4</alignment>
         <input_file_ref idref="fl-2"/>
      </object_component>
      <object_component id="oc-dc">
         <name>.text.__fixsfsi</name>
         <load_address>0x89f0</load_address>
         <readonly>true</readonly>
         <executable>true</executable>
         <run_address>0x89f0</run_address>
         <size>0x38</size>
         <alignment>0x4</alignment>
         <input_file_ref idref="fl-107"/>
      </object_component>
      <object_component id="oc-114">
         <name>.text.LED_Flash</name>
         <load_address>0x8a28</load_address>
         <readonly>true</readonly>
         <executable>true</executable>
         <run_address>0x8a28</run_address>
         <size>0x34</size>
         <alignment>0x4</alignment>
         <input_file_ref idref="fl-b"/>
      </object_component>
      <object_component id="oc-274">
         <name>.text.mpu_get_accel_fsr</name>
         <load_address>0x8a5c</load_address>
         <readonly>true</readonly>
         <executable>true</executable>
         <run_address>0x8a5c</run_address>
         <size>0x34</size>
         <alignment>0x4</alignment>
         <input_file_ref idref="fl-8"/>
      </object_component>
      <object_component id="oc-1a6">
         <name>.text.mpu_get_accel_sens</name>
         <load_address>0x8a90</load_address>
         <readonly>true</readonly>
         <executable>true</executable>
         <run_address>0x8a90</run_address>
         <size>0x34</size>
         <alignment>0x4</alignment>
         <input_file_ref idref="fl-8"/>
      </object_component>
      <object_component id="oc-1ba">
         <name>.text.DL_UART_transmitDataBlocking</name>
         <load_address>0x8ac4</load_address>
         <readonly>true</readonly>
         <executable>true</executable>
         <run_address>0x8ac4</run_address>
         <size>0x30</size>
         <alignment>0x4</alignment>
         <input_file_ref idref="fl-1e"/>
      </object_component>
      <object_component id="oc-f8">
         <name>.text.SYSCFG_DL_init</name>
         <load_address>0x8af4</load_address>
         <readonly>true</readonly>
         <executable>true</executable>
         <run_address>0x8af4</run_address>
         <size>0x30</size>
         <alignment>0x4</alignment>
         <input_file_ref idref="fl-2"/>
      </object_component>
      <object_component id="oc-288">
         <name>.text.fputc</name>
         <load_address>0x8b24</load_address>
         <readonly>true</readonly>
         <executable>true</executable>
         <run_address>0x8b24</run_address>
         <size>0x2c</size>
         <alignment>0x4</alignment>
         <input_file_ref idref="fl-5"/>
      </object_component>
      <object_component id="oc-270">
         <name>.text.__floatunsisf</name>
         <load_address>0x8b50</load_address>
         <readonly>true</readonly>
         <executable>true</executable>
         <run_address>0x8b50</run_address>
         <size>0x28</size>
         <alignment>0x4</alignment>
         <input_file_ref idref="fl-10a"/>
      </object_component>
      <object_component id="oc-57">
         <name>.text:_c_int00_noargs</name>
         <load_address>0x8b78</load_address>
         <readonly>true</readonly>
         <executable>true</executable>
         <run_address>0x8b78</run_address>
         <size>0x28</size>
         <alignment>0x4</alignment>
         <input_file_ref idref="fl-4a"/>
      </object_component>
      <object_component id="oc-21d">
         <name>.text.DL_I2C_setClockConfig</name>
         <load_address>0x8ba0</load_address>
         <readonly>true</readonly>
         <executable>true</executable>
         <run_address>0x8ba0</run_address>
         <size>0x26</size>
         <alignment>0x2</alignment>
         <input_file_ref idref="fl-1c"/>
      </object_component>
      <object_component id="oc-244">
         <name>.text.__muldi3</name>
         <load_address>0x8bc8</load_address>
         <readonly>true</readonly>
         <executable>true</executable>
         <run_address>0x8bc8</run_address>
         <size>0x24</size>
         <alignment>0x4</alignment>
         <input_file_ref idref="fl-10b"/>
      </object_component>
      <object_component id="oc-291">
         <name>.text.memccpy</name>
         <load_address>0x8bec</load_address>
         <readonly>true</readonly>
         <executable>true</executable>
         <run_address>0x8bec</run_address>
         <size>0x22</size>
         <alignment>0x2</alignment>
         <input_file_ref idref="fl-45"/>
      </object_component>
      <object_component id="oc-193">
         <name>.text.SYSCFG_DL_SYSTICK_init</name>
         <load_address>0x8c10</load_address>
         <readonly>true</readonly>
         <executable>true</executable>
         <run_address>0x8c10</run_address>
         <size>0x20</size>
         <alignment>0x4</alignment>
         <input_file_ref idref="fl-2"/>
      </object_component>
      <object_component id="oc-2d7">
         <name>.text.__ashldi3</name>
         <load_address>0x8c30</load_address>
         <readonly>true</readonly>
         <executable>true</executable>
         <run_address>0x8c30</run_address>
         <size>0x1e</size>
         <alignment>0x4</alignment>
         <input_file_ref idref="fl-118"/>
      </object_component>
      <object_component id="oc-266">
         <name>.text.DL_SYSCTL_configFCC</name>
         <load_address>0x8c50</load_address>
         <readonly>true</readonly>
         <executable>true</executable>
         <run_address>0x8c50</run_address>
         <size>0x1c</size>
         <alignment>0x4</alignment>
         <input_file_ref idref="fl-1f"/>
      </object_component>
      <object_component id="oc-217">
         <name>.text.DL_Timer_setCaptCompUpdateMethod</name>
         <load_address>0x8c6c</load_address>
         <readonly>true</readonly>
         <executable>true</executable>
         <run_address>0x8c6c</run_address>
         <size>0x1c</size>
         <alignment>0x4</alignment>
         <input_file_ref idref="fl-1d"/>
      </object_component>
      <object_component id="oc-214">
         <name>.text.DL_Timer_setClockConfig</name>
         <load_address>0x8c88</load_address>
         <readonly>true</readonly>
         <executable>true</executable>
         <run_address>0x8c88</run_address>
         <size>0x1c</size>
         <alignment>0x4</alignment>
         <input_file_ref idref="fl-1d"/>
      </object_component>
      <object_component id="oc-19f">
         <name>.text.dmp_load_motion_driver_firmware</name>
         <load_address>0x8ca4</load_address>
         <readonly>true</readonly>
         <executable>true</executable>
         <run_address>0x8ca4</run_address>
         <size>0x1c</size>
         <alignment>0x4</alignment>
         <input_file_ref idref="fl-9"/>
      </object_component>
      <object_component id="oc-83">
         <name>.text.limit_PWM</name>
         <load_address>0x8cc0</load_address>
         <readonly>true</readonly>
         <executable>true</executable>
         <run_address>0x8cc0</run_address>
         <size>0x1a</size>
         <alignment>0x2</alignment>
         <input_file_ref idref="fl-c"/>
      </object_component>
      <object_component id="oc-216">
         <name>.text.DL_Timer_setCaptureCompareOutCtl</name>
         <load_address>0x8cdc</load_address>
         <readonly>true</readonly>
         <executable>true</executable>
         <run_address>0x8cdc</run_address>
         <size>0x18</size>
         <alignment>0x4</alignment>
         <input_file_ref idref="fl-1d"/>
      </object_component>
      <object_component id="oc-1d7">
         <name>.text.HW_IIC_Mem_Read</name>
         <load_address>0x8cf4</load_address>
         <readonly>true</readonly>
         <executable>true</executable>
         <run_address>0x8cf4</run_address>
         <size>0x18</size>
         <alignment>0x2</alignment>
         <input_file_ref idref="fl-6"/>
      </object_component>
      <object_component id="oc-275">
         <name>.text.__aeabi_ldivmod</name>
         <load_address>0x8d0c</load_address>
         <readonly>true</readonly>
         <executable>true</executable>
         <run_address>0x8d0c</run_address>
         <size>0x14</size>
         <alignment>0x4</alignment>
         <input_file_ref idref="fl-110"/>
      </object_component>
      <object_component id="oc-224">
         <name>.text.DL_UART_setClockConfig</name>
         <load_address>0x8d20</load_address>
         <readonly>true</readonly>
         <executable>true</executable>
         <run_address>0x8d20</run_address>
         <size>0x12</size>
         <alignment>0x2</alignment>
         <input_file_ref idref="fl-1e"/>
      </object_component>
      <object_component id="oc-20">
         <name>.text:decompress:none</name>
         <load_address>0x8d32</load_address>
         <readonly>true</readonly>
         <executable>true</executable>
         <run_address>0x8d32</run_address>
         <size>0x12</size>
         <alignment>0x2</alignment>
         <input_file_ref idref="fl-48"/>
      </object_component>
      <object_component id="oc-e8">
         <name>.text.DL_Timer_setCaptureCompareValue</name>
         <load_address>0x8d44</load_address>
         <readonly>true</readonly>
         <executable>true</executable>
         <run_address>0x8d44</run_address>
         <size>0x10</size>
         <alignment>0x4</alignment>
         <input_file_ref idref="fl-1d"/>
      </object_component>
      <object_component id="oc-54">
         <name>.text:decompress:ZI</name>
         <load_address>0x8d54</load_address>
         <readonly>true</readonly>
         <executable>true</executable>
         <run_address>0x8d54</run_address>
         <size>0x10</size>
         <alignment>0x2</alignment>
         <input_file_ref idref="fl-47"/>
      </object_component>
      <object_component id="oc-290">
         <name>.text.__aeabi_memset</name>
         <load_address>0x8d64</load_address>
         <readonly>true</readonly>
         <executable>true</executable>
         <run_address>0x8d64</run_address>
         <size>0xe</size>
         <alignment>0x4</alignment>
         <input_file_ref idref="fl-113"/>
      </object_component>
      <object_component id="oc-28f">
         <name>.text.strlen</name>
         <load_address>0x8d72</load_address>
         <readonly>true</readonly>
         <executable>true</executable>
         <run_address>0x8d72</run_address>
         <size>0xe</size>
         <alignment>0x2</alignment>
         <input_file_ref idref="fl-37"/>
      </object_component>
      <object_component id="oc-90">
         <name>.text.__aeabi_memclr</name>
         <load_address>0x8d80</load_address>
         <readonly>true</readonly>
         <executable>true</executable>
         <run_address>0x8d80</run_address>
         <size>0xc</size>
         <alignment>0x4</alignment>
         <input_file_ref idref="fl-113"/>
      </object_component>
      <object_component id="oc-207">
         <name>.text.DL_Common_delayCycles</name>
         <load_address>0x8d8c</load_address>
         <readonly>true</readonly>
         <executable>true</executable>
         <run_address>0x8d8c</run_address>
         <size>0xa</size>
         <alignment>0x2</alignment>
         <input_file_ref idref="fl-1b"/>
      </object_component>
      <object_component id="oc-167">
         <name>.text.OUTLINED_FUNCTION_0</name>
         <load_address>0x8d96</load_address>
         <readonly>true</readonly>
         <executable>true</executable>
         <run_address>0x8d96</run_address>
         <size>0xa</size>
         <alignment>0x2</alignment>
         <input_file_ref idref="fl-38"/>
      </object_component>
      <object_component id="oc-32f">
         <name>.tramp.__aeabi_dmul.1</name>
         <load_address>0x8da0</load_address>
         <readonly>true</readonly>
         <executable>true</executable>
         <run_address>0x8da0</run_address>
         <size>0x10</size>
         <alignment>0x4</alignment>
         <input_file_ref idref="fl-100"/>
      </object_component>
      <object_component id="oc-201">
         <name>.text.OUTLINED_FUNCTION_0</name>
         <load_address>0x8db0</load_address>
         <readonly>true</readonly>
         <executable>true</executable>
         <run_address>0x8db0</run_address>
         <size>0xa</size>
         <alignment>0x2</alignment>
         <input_file_ref idref="fl-3b"/>
      </object_component>
      <object_component id="oc-16f">
         <name>.text.OUTLINED_FUNCTION_1</name>
         <load_address>0x8dba</load_address>
         <readonly>true</readonly>
         <executable>true</executable>
         <run_address>0x8dba</run_address>
         <size>0xa</size>
         <alignment>0x2</alignment>
         <input_file_ref idref="fl-38"/>
      </object_component>
      <object_component id="oc-16d">
         <name>.text.OUTLINED_FUNCTION_3</name>
         <load_address>0x8dc4</load_address>
         <readonly>true</readonly>
         <executable>true</executable>
         <run_address>0x8dc4</run_address>
         <size>0xa</size>
         <alignment>0x2</alignment>
         <input_file_ref idref="fl-38"/>
      </object_component>
      <object_component id="oc-330">
         <name>.tramp.__aeabi_ddiv.1</name>
         <load_address>0x8dd0</load_address>
         <readonly>true</readonly>
         <executable>true</executable>
         <run_address>0x8dd0</run_address>
         <size>0x10</size>
         <alignment>0x4</alignment>
         <input_file_ref idref="fl-104"/>
      </object_component>
      <object_component id="oc-1d8">
         <name>.text.HW_iic_delayms</name>
         <load_address>0x8de0</load_address>
         <readonly>true</readonly>
         <executable>true</executable>
         <run_address>0x8de0</run_address>
         <size>0x8</size>
         <alignment>0x2</alignment>
         <input_file_ref idref="fl-6"/>
      </object_component>
      <object_component id="oc-202">
         <name>.text.OUTLINED_FUNCTION_2</name>
         <load_address>0x8de8</load_address>
         <readonly>true</readonly>
         <executable>true</executable>
         <run_address>0x8de8</run_address>
         <size>0x8</size>
         <alignment>0x2</alignment>
         <input_file_ref idref="fl-3b"/>
      </object_component>
      <object_component id="oc-15a">
         <name>.text.__aeabi_errno_addr</name>
         <load_address>0x8df0</load_address>
         <readonly>true</readonly>
         <executable>true</executable>
         <run_address>0x8df0</run_address>
         <size>0x8</size>
         <alignment>0x4</alignment>
         <input_file_ref idref="fl-3f"/>
      </object_component>
      <object_component id="oc-47">
         <name>.text.__aeabi_memcpy</name>
         <load_address>0x8df8</load_address>
         <readonly>true</readonly>
         <executable>true</executable>
         <run_address>0x8df8</run_address>
         <size>0x8</size>
         <alignment>0x4</alignment>
         <input_file_ref idref="fl-111"/>
      </object_component>
      <object_component id="oc-26d">
         <name>.text._outc</name>
         <load_address>0x8e00</load_address>
         <readonly>true</readonly>
         <executable>true</executable>
         <run_address>0x8e00</run_address>
         <size>0x8</size>
         <alignment>0x2</alignment>
         <input_file_ref idref="fl-36"/>
      </object_component>
      <object_component id="oc-26c">
         <name>.text._outs</name>
         <load_address>0x8e08</load_address>
         <readonly>true</readonly>
         <executable>true</executable>
         <run_address>0x8e08</run_address>
         <size>0x8</size>
         <alignment>0x2</alignment>
         <input_file_ref idref="fl-36"/>
      </object_component>
      <object_component id="oc-200">
         <name>.text.OUTLINED_FUNCTION_1</name>
         <load_address>0x8e10</load_address>
         <readonly>true</readonly>
         <executable>true</executable>
         <run_address>0x8e10</run_address>
         <size>0x6</size>
         <alignment>0x2</alignment>
         <input_file_ref idref="fl-3b"/>
      </object_component>
      <object_component id="oc-331">
         <name>.tramp.__aeabi_dadd.1</name>
         <load_address>0x8e18</load_address>
         <readonly>true</readonly>
         <executable>true</executable>
         <run_address>0x8e18</run_address>
         <size>0x10</size>
         <alignment>0x4</alignment>
         <input_file_ref idref="fl-ff"/>
      </object_component>
      <object_component id="oc-168">
         <name>.text.OUTLINED_FUNCTION_2</name>
         <load_address>0x8e28</load_address>
         <readonly>true</readonly>
         <executable>true</executable>
         <run_address>0x8e28</run_address>
         <size>0x6</size>
         <alignment>0x2</alignment>
         <input_file_ref idref="fl-38"/>
      </object_component>
      <object_component id="oc-12c">
         <name>.text:abort</name>
         <load_address>0x8e2e</load_address>
         <readonly>true</readonly>
         <executable>true</executable>
         <run_address>0x8e2e</run_address>
         <size>0x6</size>
         <alignment>0x2</alignment>
         <input_file_ref idref="fl-4f"/>
      </object_component>
      <object_component id="oc-1db">
         <name>.text.HOSTexit</name>
         <load_address>0x8e34</load_address>
         <readonly>true</readonly>
         <executable>true</executable>
         <run_address>0x8e34</run_address>
         <size>0x4</size>
         <alignment>0x2</alignment>
         <input_file_ref idref="fl-f3"/>
      </object_component>
      <object_component id="oc-1d5">
         <name>.text.HW_IIC_Master_Receive</name>
         <load_address>0x8e38</load_address>
         <readonly>true</readonly>
         <executable>true</executable>
[...]
         <value>0x0</value>
      </symbol>
      <symbol id="sm-25f">
         <name>__TI_ATRegion0_trg_addr</name>
         <value>0x0</value>
      </symbol>
      <symbol id="sm-260">
         <name>__TI_ATRegion0_region_sz</name>
         <value>0x0</value>
      </symbol>
      <symbol id="sm-261">
         <name>__TI_ATRegion1_src_addr</name>
         <value>0x0</value>
      </symbol>
      <symbol id="sm-262">
         <name>__TI_ATRegion1_trg_addr</name>
         <value>0x0</value>
      </symbol>
      <symbol id="sm-263">
         <name>__TI_ATRegion1_region_sz</name>
         <value>0x0</value>
      </symbol>
      <symbol id="sm-264">
         <name>__TI_ATRegion2_src_addr</name>
         <value>0x0</value>
      </symbol>
      <symbol id="sm-265">
         <name>__TI_ATRegion2_trg_addr</name>
         <value>0x0</value>
      </symbol>
      <symbol id="sm-266">
         <name>__TI_ATRegion2_region_sz</name>
         <value>0x0</value>
      </symbol>
      <symbol id="sm-26f">
         <name>DL_Common_delayCycles</name>
         <value>0x8d8d</value>
         <object_component_ref idref="oc-207"/>
      </symbol>
      <symbol id="sm-27e">
         <name>DL_I2C_setClockConfig</name>
         <value>0x8ba1</value>
         <object_component_ref idref="oc-21d"/>
      </symbol>
      <symbol id="sm-27f">
         <name>DL_I2C_fillControllerTXFIFO</name>
         <value>0x84ad</value>
         <object_component_ref idref="oc-24f"/>
      </symbol>
      <symbol id="sm-280">
         <name>DL_I2C_flushControllerTXFIFO</name>
         <value>0x8851</value>
         <object_component_ref idref="oc-27b"/>
      </symbol>
      <symbol id="sm-29c">
         <name>DL_Timer_setClockConfig</name>
         <value>0x8c89</value>
         <object_component_ref idref="oc-214"/>
      </symbol>
      <symbol id="sm-29d">
         <name>DL_Timer_initTimerMode</name>
         <value>0x6945</value>
         <object_component_ref idref="oc-21a"/>
      </symbol>
      <symbol id="sm-29e">
         <name>DL_Timer_setCaptureCompareValue</name>
         <value>0x8d45</value>
         <object_component_ref idref="oc-e8"/>
      </symbol>
      <symbol id="sm-29f">
         <name>DL_Timer_setCaptCompUpdateMethod</name>
         <value>0x8c6d</value>
         <object_component_ref idref="oc-217"/>
      </symbol>
      <symbol id="sm-2a0">
         <name>DL_Timer_setCaptureCompareOutCtl</name>
         <value>0x8cdd</value>
         <object_component_ref idref="oc-216"/>
      </symbol>
      <symbol id="sm-2a1">
         <name>DL_Timer_initFourCCPWMMode</name>
         <value>0x6841</value>
         <object_component_ref idref="oc-215"/>
      </symbol>
      <symbol id="sm-2b1">
         <name>DL_UART_init</name>
         <value>0x86bd</value>
         <object_component_ref idref="oc-225"/>
      </symbol>
      <symbol id="sm-2b2">
         <name>DL_UART_setClockConfig</name>
         <value>0x8d21</value>
         <object_component_ref idref="oc-224"/>
      </symbol>
      <symbol id="sm-2b3">
         <name>DL_UART_transmitDataBlocking</name>
         <value>0x8ac5</value>
         <object_component_ref idref="oc-1ba"/>
      </symbol>
      <symbol id="sm-2c4">
         <name>DL_SYSCTL_configSYSPLL</name>
         <value>0x6fdd</value>
         <object_component_ref idref="oc-20b"/>
      </symbol>
      <symbol id="sm-2c5">
         <name>DL_SYSCTL_switchMCLKfromSYSOSCtoHSCLK</name>
         <value>0x874d</value>
         <object_component_ref idref="oc-212"/>
      </symbol>
      <symbol id="sm-2c6">
         <name>DL_SYSCTL_configFCC</name>
         <value>0x8c51</value>
         <object_component_ref idref="oc-266"/>
      </symbol>
      <symbol id="sm-2d7">
         <name>printf</name>
         <value>0x850d</value>
         <object_component_ref idref="oc-22b"/>
      </symbol>
      <symbol id="sm-2ed">
         <name>__TI_printfi_minimal</name>
         <value>0x4895</value>
         <object_component_ref idref="oc-27c"/>
      </symbol>
      <symbol id="sm-307">
         <name>asin</name>
         <value>0x39d9</value>
         <object_component_ref idref="oc-b6"/>
      </symbol>
      <symbol id="sm-308">
         <name>asinl</name>
         <value>0x39d9</value>
         <object_component_ref idref="oc-b6"/>
      </symbol>
      <symbol id="sm-316">
         <name>atan2</name>
         <value>0x5cf9</value>
         <object_component_ref idref="oc-c4"/>
      </symbol>
      <symbol id="sm-317">
         <name>atan2l</name>
         <value>0x5cf9</value>
         <object_component_ref idref="oc-c4"/>
      </symbol>
      <symbol id="sm-321">
         <name>sqrt</name>
         <value>0x5ff5</value>
         <object_component_ref idref="oc-169"/>
      </symbol>
      <symbol id="sm-322">
         <name>sqrtl</name>
         <value>0x5ff5</value>
         <object_component_ref idref="oc-169"/>
      </symbol>
      <symbol id="sm-339">
         <name>atan</name>
         <value>0x4045</value>
         <object_component_ref idref="oc-178"/>
      </symbol>
      <symbol id="sm-33a">
         <name>atanl</name>
         <value>0x4045</value>
         <object_component_ref idref="oc-178"/>
      </symbol>
      <symbol id="sm-348">
         <name>__aeabi_errno_addr</name>
         <value>0x8df1</value>
         <object_component_ref idref="oc-15a"/>
      </symbol>
      <symbol id="sm-349">
         <name>__aeabi_errno</name>
         <value>0x20200694</value>
         <object_component_ref idref="oc-1ef"/>
      </symbol>
      <symbol id="sm-352">
         <name>_nop</name>
         <value>0x850b</value>
         <object_component_ref idref="oc-253"/>
      </symbol>
      <symbol id="sm-353">
         <name>_lock</name>
         <value>0x20200698</value>
         <object_component_ref idref="oc-1e1"/>
      </symbol>
      <symbol id="sm-354">
         <name>_unlock</name>
         <value>0x2020069c</value>
         <object_component_ref idref="oc-1e4"/>
      </symbol>
      <symbol id="sm-35c">
         <name>_ftable</name>
         <value>0x20200530</value>
         <object_component_ref idref="oc-26a"/>
      </symbol>
      <symbol id="sm-365">
         <name>memccpy</name>
         <value>0x8bed</value>
         <object_component_ref idref="oc-291"/>
      </symbol>
      <symbol id="sm-370">
         <name>__TI_zero_init</name>
         <value>0x8d55</value>
         <object_component_ref idref="oc-54"/>
      </symbol>
      <symbol id="sm-379">
         <name>__TI_decompress_none</name>
         <value>0x8d33</value>
         <object_component_ref idref="oc-20"/>
      </symbol>
      <symbol id="sm-384">
         <name>__TI_decompress_lzss</name>
         <value>0x8151</value>
         <object_component_ref idref="oc-1c"/>
      </symbol>
      <symbol id="sm-38f">
         <name>_c_int00_noargs</name>
         <value>0x8b79</value>
         <object_component_ref idref="oc-57"/>
      </symbol>
      <symbol id="sm-390">
         <name>__stack</name>
         <value>0x20207e00</value>
         <object_component_ref idref="oc-1a"/>
      </symbol>
      <symbol id="sm-39d">
         <name>abort</name>
         <value>0x8e2f</value>
         <object_component_ref idref="oc-12c"/>
      </symbol>
      <symbol id="sm-3a9">
         <name>__TI_auto_init_nobinit_nopinit</name>
         <value>0x8905</value>
         <object_component_ref idref="oc-133"/>
      </symbol>
      <symbol id="sm-3b1">
         <name>_system_pre_init</name>
         <value>0x8e49</value>
         <object_component_ref idref="oc-95"/>
      </symbol>
      <symbol id="sm-3ba">
         <name>HOSTexit</name>
         <value>0x8e35</value>
         <object_component_ref idref="oc-1db"/>
      </symbol>
      <symbol id="sm-3bb">
         <name>C$$EXIT</name>
         <value>0x8e34</value>
         <object_component_ref idref="oc-1db"/>
      </symbol>
      <symbol id="sm-3cb">
         <name>__aeabi_fadd</name>
         <value>0x70c3</value>
         <object_component_ref idref="oc-ae"/>
      </symbol>
      <symbol id="sm-3cc">
         <name>__addsf3</name>
         <value>0x70c3</value>
         <object_component_ref idref="oc-ae"/>
      </symbol>
      <symbol id="sm-3cd">
         <name>__aeabi_fsub</name>
         <value>0x70b9</value>
         <object_component_ref idref="oc-ae"/>
      </symbol>
      <symbol id="sm-3ce">
         <name>__subsf3</name>
         <value>0x70b9</value>
         <object_component_ref idref="oc-ae"/>
      </symbol>
      <symbol id="sm-3d4">
         <name>__aeabi_dadd</name>
         <value>0x5b6f</value>
         <object_component_ref idref="oc-15f"/>
      </symbol>
      <symbol id="sm-3d5">
         <name>__adddf3</name>
         <value>0x5b6f</value>
         <object_component_ref idref="oc-15f"/>
      </symbol>
      <symbol id="sm-3d6">
         <name>__aeabi_dsub</name>
         <value>0x5b65</value>
         <object_component_ref idref="oc-15f"/>
      </symbol>
      <symbol id="sm-3d7">
         <name>__subdf3</name>
         <value>0x5b65</value>
         <object_component_ref idref="oc-15f"/>
      </symbol>
      <symbol id="sm-3e0">
         <name>__aeabi_dmul</name>
         <value>0x6e15</value>
         <object_component_ref idref="oc-bc"/>
      </symbol>
      <symbol id="sm-3e1">
         <name>__muldf3</name>
         <value>0x6e15</value>
         <object_component_ref idref="oc-bc"/>
      </symbol>
      <symbol id="sm-3ea">
         <name>__muldsi3</name>
         <value>0x897d</value>
         <object_component_ref idref="oc-153"/>
      </symbol>
      <symbol id="sm-3f0">
         <name>__aeabi_fmul</name>
         <value>0x7dad</value>
         <object_component_ref idref="oc-aa"/>
      </symbol>
      <symbol id="sm-3f1">
         <name>__mulsf3</name>
         <value>0x7dad</value>
         <object_component_ref idref="oc-aa"/>
      </symbol>
      <symbol id="sm-3f7">
         <name>__aeabi_fdiv</name>
         <value>0x7fcd</value>
         <object_component_ref idref="oc-23e"/>
      </symbol>
      <symbol id="sm-3f8">
         <name>__divsf3</name>
         <value>0x7fcd</value>
         <object_component_ref idref="oc-23e"/>
      </symbol>
      <symbol id="sm-3fe">
         <name>__aeabi_ddiv</name>
         <value>0x6629</value>
         <object_component_ref idref="oc-170"/>
      </symbol>
      <symbol id="sm-3ff">
         <name>__divdf3</name>
         <value>0x6629</value>
         <object_component_ref idref="oc-170"/>
      </symbol>
      <symbol id="sm-408">
         <name>__aeabi_f2d</name>
         <value>0x87d1</value>
         <object_component_ref idref="oc-b2"/>
      </symbol>
      <symbol id="sm-409">
         <name>__extendsfdf2</name>
         <value>0x87d1</value>
         <object_component_ref idref="oc-b2"/>
      </symbol>
      <symbol id="sm-40f">
         <name>__aeabi_f2iz</name>
         <value>0x89f1</value>
         <object_component_ref idref="oc-dc"/>
      </symbol>
      <symbol id="sm-410">
         <name>__fixsfsi</name>
         <value>0x89f1</value>
         <object_component_ref idref="oc-dc"/>
      </symbol>
      <symbol id="sm-416">
         <name>__aeabi_i2f</name>
         <value>0x888d</value>
         <object_component_ref idref="oc-63"/>
      </symbol>
      <symbol id="sm-417">
         <name>__floatsisf</name>
         <value>0x888d</value>
         <object_component_ref idref="oc-63"/>
      </symbol>
      <symbol id="sm-41d">
         <name>__aeabi_ui2f</name>
         <value>0x8b51</value>
         <object_component_ref idref="oc-270"/>
      </symbol>
      <symbol id="sm-41e">
         <name>__floatunsisf</name>
         <value>0x8b51</value>
         <object_component_ref idref="oc-270"/>
      </symbol>
      <symbol id="sm-424">
         <name>__aeabi_lmul</name>
         <value>0x8bc9</value>
         <object_component_ref idref="oc-244"/>
      </symbol>
      <symbol id="sm-425">
         <name>__muldi3</name>
         <value>0x8bc9</value>
         <object_component_ref idref="oc-244"/>
      </symbol>
      <symbol id="sm-42c">
         <name>__aeabi_d2f</name>
         <value>0x8241</value>
         <object_component_ref idref="oc-c0"/>
      </symbol>
      <symbol id="sm-42d">
         <name>__truncdfsf2</name>
         <value>0x8241</value>
         <object_component_ref idref="oc-c0"/>
      </symbol>
      <symbol id="sm-433">
         <name>__aeabi_dcmpeq</name>
         <value>0x8385</value>
         <object_component_ref idref="oc-163"/>
      </symbol>
      <symbol id="sm-434">
         <name>__aeabi_dcmplt</name>
         <value>0x8399</value>
         <object_component_ref idref="oc-163"/>
      </symbol>
      <symbol id="sm-435">
         <name>__aeabi_dcmple</name>
         <value>0x83ad</value>
         <object_component_ref idref="oc-163"/>
      </symbol>
      <symbol id="sm-436">
         <name>__aeabi_dcmpge</name>
         <value>0x83c1</value>
         <object_component_ref idref="oc-163"/>
      </symbol>
      <symbol id="sm-437">
         <name>__aeabi_dcmpgt</name>
         <value>0x83d5</value>
         <object_component_ref idref="oc-163"/>
      </symbol>
      <symbol id="sm-43d">
         <name>__aeabi_fcmpeq</name>
         <value>0x83e9</value>
         <object_component_ref idref="oc-11b"/>
      </symbol>
      <symbol id="sm-43e">
         <name>__aeabi_fcmplt</name>
         <value>0x83fd</value>
         <object_component_ref idref="oc-11b"/>
      </symbol>
      <symbol id="sm-43f">
         <name>__aeabi_fcmple</name>
         <value>0x8411</value>
         <object_component_ref idref="oc-11b"/>
      </symbol>
      <symbol id="sm-440">
         <name>__aeabi_fcmpge</name>
         <value>0x8425</value>
         <object_component_ref idref="oc-11b"/>
      </symbol>
      <symbol id="sm-441">
         <name>__aeabi_fcmpgt</name>
         <value>0x8439</value>
         <object_component_ref idref="oc-11b"/>
      </symbol>
      <symbol id="sm-447">
         <name>__aeabi_idiv</name>
         <value>0x8569</value>
         <object_component_ref idref="oc-10e"/>
      </symbol>
      <symbol id="sm-448">
         <name>__aeabi_idivmod</name>
         <value>0x8569</value>
         <object_component_ref idref="oc-10e"/>
      </symbol>
      <symbol id="sm-44e">
         <name>__aeabi_ldivmod</name>
         <value>0x8d0d</value>
         <object_component_ref idref="oc-275"/>
      </symbol>
      <symbol id="sm-454">
         <name>__aeabi_memcpy</name>
         <value>0x8df9</value>
         <object_component_ref idref="oc-47"/>
      </symbol>
      <symbol id="sm-455">
         <name>__aeabi_memcpy4</name>
         <value>0x8df9</value>
         <object_component_ref idref="oc-47"/>
      </symbol>
      <symbol id="sm-456">
         <name>__aeabi_memcpy8</name>
         <value>0x8df9</value>
         <object_component_ref idref="oc-47"/>
      </symbol>
      <symbol id="sm-45f">
         <name>__aeabi_memset</name>
         <value>0x8d65</value>
         <object_component_ref idref="oc-290"/>
      </symbol>
      <symbol id="sm-460">
         <name>__aeabi_memset4</name>
         <value>0x8d65</value>
         <object_component_ref idref="oc-290"/>
      </symbol>
      <symbol id="sm-461">
         <name>__aeabi_memset8</name>
         <value>0x8d65</value>
         <object_component_ref idref="oc-290"/>
      </symbol>
      <symbol id="sm-462">
         <name>__aeabi_memclr</name>
         <value>0x8d81</value>
         <object_component_ref idref="oc-90"/>
      </symbol>
      <symbol id="sm-463">
         <name>__aeabi_memclr4</name>
         <value>0x8d81</value>
         <object_component_ref idref="oc-90"/>
      </symbol>
      <symbol id="sm-464">
         <name>__aeabi_memclr8</name>
         <value>0x8d81</value>
         <object_component_ref idref="oc-90"/>
      </symbol>
      <symbol id="sm-46a">
         <name>__aeabi_uidiv</name>
         <value>0x8791</value>
         <object_component_ref idref="oc-1b6"/>
      </symbol>
      <symbol id="sm-46b">
         <name>__aeabi_uidivmod</name>
         <value>0x8791</value>
         <object_component_ref idref="oc-1b6"/>
      </symbol>
      <symbol id="sm-474">
         <name>__eqsf2</name>
         <value>0x8941</value>
         <object_component_ref idref="oc-1cc"/>
      </symbol>
      <symbol id="sm-475">
         <name>__lesf2</name>
         <value>0x8941</value>
         <object_component_ref idref="oc-1cc"/>
      </symbol>
      <symbol id="sm-476">
         <name>__ltsf2</name>
         <value>0x8941</value>
         <object_component_ref idref="oc-1cc"/>
      </symbol>
      <symbol id="sm-477">
         <name>__nesf2</name>
         <value>0x8941</value>
         <object_component_ref idref="oc-1cc"/>
      </symbol>
      <symbol id="sm-478">
         <name>__cmpsf2</name>
         <value>0x8941</value>
         <object_component_ref idref="oc-1cc"/>
      </symbol>
      <symbol id="sm-479">
         <name>__gtsf2</name>
         <value>0x88c9</value>
         <object_component_ref idref="oc-1d1"/>
      </symbol>
      <symbol id="sm-47a">
         <name>__gesf2</name>
         <value>0x88c9</value>
         <object_component_ref idref="oc-1d1"/>
      </symbol>
      <symbol id="sm-480">
         <name>__udivmoddi4</name>
         <value>0x7989</value>
         <object_component_ref idref="oc-2a9"/>
      </symbol>
      <symbol id="sm-486">
         <name>__aeabi_llsl</name>
         <value>0x8c31</value>
         <object_component_ref idref="oc-2d7"/>
      </symbol>
      <symbol id="sm-487">
         <name>__ashldi3</name>
         <value>0x8c31</value>
         <object_component_ref idref="oc-2d7"/>
      </symbol>
      <symbol id="sm-495">
         <name>__ledf2</name>
         <value>0x82b5</value>
         <object_component_ref idref="oc-1f4"/>
      </symbol>
      <symbol id="sm-496">
         <name>__gedf2</name>
         <value>0x81cd</value>
         <object_component_ref idref="oc-1fa"/>
      </symbol>
      <symbol id="sm-497">
         <name>__cmpdf2</name>
         <value>0x82b5</value>
         <object_component_ref idref="oc-1f4"/>
      </symbol>
      <symbol id="sm-498">
         <name>__eqdf2</name>
         <value>0x82b5</value>
         <object_component_ref idref="oc-1f4"/>
      </symbol>
      <symbol id="sm-499">
         <name>__ltdf2</name>
         <value>0x82b5</value>
         <object_component_ref idref="oc-1f4"/>
      </symbol>
      <symbol id="sm-49a">
         <name>__nedf2</name>
         <value>0x82b5</value>
         <object_component_ref idref="oc-1f4"/>
      </symbol>
      <symbol id="sm-49b">
         <name>__gtdf2</name>
         <value>0x81cd</value>
         <object_component_ref idref="oc-1fa"/>
      </symbol>
      <symbol id="sm-4a4">
         <name>__divmoddi4</name>
         <value>0x8811</value>
         <object_component_ref idref="oc-28a"/>
      </symbol>
      <symbol id="sm-4b0">
         <name>__aeabi_idiv0</name>
         <value>0x804f</value>
         <object_component_ref idref="oc-1c2"/>
      </symbol>
      <symbol id="sm-4b1">
         <name>__aeabi_ldiv0</name>
         <value>0x83e7</value>
         <object_component_ref idref="oc-2d6"/>
      </symbol>
      <symbol id="sm-4ca">
         <name>memcpy</name>
         <value>0x7a2b</value>
         <object_component_ref idref="oc-f3"/>
      </symbol>
      <symbol id="sm-4d9">
         <name>memset</name>
         <value>0x844b</value>
         <object_component_ref idref="oc-18a"/>
      </symbol>
      <symbol id="sm-4db">
         <name>__TI_static_base__</name>
         <value>0x0</value>
      </symbol>
      <symbol id="sm-4df">
         <name>__mpu_init</name>
         <value>0x0</value>
      </symbol>
      <symbol id="sm-4e0">
         <name>_system_post_cinit</name>
         <value>0x0</value>
      </symbol>
   </symbol_table>
   <title>Link successful</title>
</link_info>
