******************************************************************************
            TI ARM Clang Linker Unix v4.0.4                    
******************************************************************************
>> Linked Wed Jun 17 22:14:03 2026

OUTPUT FILE NAME:   <TI-M0G3507-V1.1-LUNQU.out>
ENTRY POINT SYMBOL: "_c_int00_noargs"  address: 000094a9


MEMORY CONFIGURATION

         name            origin    length      used     unused   attr    fill
----------------------  --------  ---------  --------  --------  ----  --------
  FLASH                 00000000   00020000  0000b300  00014d00  R  X
  SRAM                  20200000   00008000  000008c9  00007737  RW X
  BCR_CONFIG            41c00000   000000ff  00000000  000000ff  R   
  BSL_CONFIG            41c00100   00000080  00000000  00000080  R   


SEGMENT ALLOCATION MAP

run origin  load origin   length   init length attrs members
----------  ----------- ---------- ----------- ----- -------
00000000    00000000    0000b300   0000b300    r-x
  00000000    00000000    000000c0   000000c0    r-- .intvecs
  000000c0    000000c0    000096e0   000096e0    r-x .text
  000097a0    000097a0    00001ad0   00001ad0    r-- .rodata
  0000b270    0000b270    00000090   00000090    r-- .cinit
20200000    20200000    000006c9   00000000    rw-
  20200000    20200000    00000530   00000000    rw- .bss
  20200530    20200530    00000199   00000000    rw- .data
20207e00    20207e00    00000200   00000000    rw-
  20207e00    20207e00    00000200   00000000    rw- .stack


SECTION ALLOCATION MAP

 output                                  attributes/
section   page    origin      length       input sections
--------  ----  ----------  ----------   ----------------
.intvecs   0    00000000    000000c0     
                  00000000    000000c0     startup_mspm0g350x_ticlang.o (.intvecs)

.text      0    000000c0    000096e0     
                  000000c0    00000fd0     oled.o (.text.OLED_Init)
                  00001090    00000cd0     oled.o (.text.OLED_ShowString)
                  00001d60    00000a90     oled.o (.text.OLED_Clear)
                  000027f0    00000948     inv_mpu.o (.text.mpu_run_self_test)
                  00003138    00000868     libc.a : _printfi.c.obj (.text:__TI_printfi_nofloat)
                  000039a0    00000500     oled.o (.text.OLED_ShowNumber)
                  00003ea0    000004d0     empty.o (.text.main)
                  00004370    000003a0     inv_mpu.o (.text.get_st_biases)
                  00004710    00000364     libc.a : e_asin.c.obj (.text.asin)
                  00004a74    000002f8            : s_atan.c.obj (.text.atan)
                  00004d6c    000002b0     inv_mpu_dmp_motion_driver.o (.text.dmp_enable_feature)
                  0000501c    000002a8     ti_msp_dl_config.o (.text.SYSCFG_DL_SYSCTL_SYSPLL_init)
                  000052c4    00000264     inv_mpu.o (.text.mpu_lp_accel_mode)
                  00005528    00000208     oled.o (.text.OLED_Refresh_Gram)
                  00005730    00000204     MPU6050.o (.text.Read_DMP)
                  00005934    000001c0     board.o (.text.delay_ms)
                  00005af4    000001a8     inv_mpu_dmp_motion_driver.o (.text.dmp_read_fifo)
                  00005c9c    000001a0     inv_mpu.o (.text.mpu_init)
                  00005e3c    000001a0     inv_mpu.o (.text.mpu_reset_fifo)
                  00005fdc    0000019c     inv_mpu.o (.text.mpu_load_firmware)
                  00006178    00000198     MPU6050.o (.text.DMP_Init)
                  00006310    00000192     libclang_rt.builtins.a : adddf3.S.obj (.text.adddf3_subdf3)
                  000064a2    00000002     startup_mspm0g350x_ticlang.o (.text.Default_Handler)
                  000064a4    00000188     libc.a : e_atan2.c.obj (.text.atan2)
                  0000662c    00000174     oled.o (.text.OLED_ShowChar)
                  000067a0    00000170     libc.a : e_sqrt.c.obj (.text.sqrt)
                  00006910    00000158     MPU6050.o (.text.MPU6050_initialize)
                  00006a68    00000134     inv_mpu_dmp_motion_driver.o (.text.dmp_set_tap_thresh)
                  00006b9c    00000124     inv_mpu.o (.text.mpu_set_bypass)
                  00006cc0    0000011c     ti_msp_dl_config.o (.text.SYSCFG_DL_GPIO_init)
                  00006ddc    0000010c     libclang_rt.builtins.a : divdf3.S.obj (.text.__divdf3)
                  00006ee8    0000010c     grey.o (.text.grey_read_digital)
                  00006ff4    0000010c     inv_mpu.o (.text.mpu_set_dmp_state)
                  00007100    00000104     driverlib.a : dl_timer.o (.text.DL_Timer_initFourCCPWMMode)
                  00007204    000000fc                 : dl_timer.o (.text.DL_Timer_initTimerMode)
                  00007300    000000fc     inv_mpu.o (.text.mpu_set_sample_rate)
                  000073fc    000000fc     inv_mpu.o (.text.mpu_set_sensors)
                  000074f8    000000f0     inv_mpu_dmp_motion_driver.o (.text.dmp_set_gyro_bias)
                  000075e8    000000ec     inv_mpu_dmp_motion_driver.o (.text.dmp_set_orientation)
                  000076d4    000000e4     libclang_rt.builtins.a : muldf3.S.obj (.text.__muldf3)
                  000077b8    000000e4     bsp_iic.o (.text.mspm0_i2c_read)
                  0000789c    000000dc     driverlib.a : dl_sysctl_mspm0g1x0x_g3x0x.o (.text.DL_SYSCTL_configSYSPLL)
                  00007978    000000d8     libclang_rt.builtins.a : addsf3.S.obj (.text)
                  00007a50    000000d4     empty.o (.text.UART0_IRQHandler)
                  00007b24    000000d0     inv_mpu.o (.text.mpu_read_fifo_stream)
                  00007bf4    000000c4     inv_mpu.o (.text.mpu_configure_fifo)
                  00007cb8    000000c0     encoder.o (.text.Encoder_IRQ_Handler)
                  00007d78    000000c0     key.o (.text.Key)
                  00007e38    000000c0     inv_mpu_dmp_motion_driver.o (.text.dmp_set_accel_bias)
                  00007ef8    000000b0     bsp_iic.o (.text.HW_IIC_Mem_Write)
                  00007fa8    000000b0     ti_msp_dl_config.o (.text.SYSCFG_DL_SYSCTL_init)
                  00008058    000000a8     board.o (.text.puts)
                  00008100    000000a4     bsp_iic.o (.text.HW_iic_init)
                  000081a4    000000a4     empty.o (.text.TIMG0_IRQHandler)
                  00008248    000000a2     libclang_rt.builtins.a : udivmoddi4.S.obj (.text)
                  000082ea    0000009a     libc.a : memcpy16.S.obj (.text:memcpy)
                  00008384    00000098     board.o (.text.fputs)
                  0000841c    00000098     bsp_iic.o (.text.mpu6050_i2c_sda_unlock)
                  000084b4    00000098     inv_mpu.o (.text.mpu_set_accel_fsr)
                  0000854c    00000094     empty.o (.text.GROUP1_IRQHandler)
                  000085e0    0000008c     ti_msp_dl_config.o (.text.SYSCFG_DL_PWM_0_init)
                  0000866c    0000008c     libclang_rt.builtins.a : mulsf3.S.obj (.text.__mulsf3)
                  000086f8    0000008c     inv_mpu.o (.text.mpu_set_lpf)
                  00008784    00000084     ti_msp_dl_config.o (.text.SYSCFG_DL_UART_0_init)
                  00008808    00000084     inv_mpu.o (.text.mpu_write_mem)
                  0000888c    00000082     libclang_rt.builtins.a : divsf3.S.obj (.text.__divsf3)
                  0000890e    00000002                            : aeabi_div0.c.obj (.text.__aeabi_idiv0)
                  00008910    00000080     motor.o (.text.Velocity_A)
                  00008990    00000080     motor.o (.text.Velocity_B)
                  00008a10    0000007c     libc.a : copy_decompress_lzss.c.obj (.text:decompress:lzss)
                  00008a8c    00000074     libclang_rt.builtins.a : comparedf2.c.obj (.text.__gedf2)
                  00008b00    00000074                            : truncdfsf2.S.obj (.text.__truncdfsf2)
                  00008b74    00000068                            : comparedf2.c.obj (.text.__ledf2)
                  00008bdc    00000068     inv_mpu_dmp_motion_driver.o (.text.dmp_set_fifo_rate)
                  00008c44    00000062     libclang_rt.builtins.a : aeabi_dcmp.S.obj (.text.__aeabi_dcmp)
                  00008ca6    00000002                            : aeabi_div0.c.obj (.text.__aeabi_ldiv0)
                  00008ca8    00000062                            : aeabi_fcmp.S.obj (.text.__aeabi_fcmp)
                  00008d0a    00000062     libc.a : memset16.S.obj (.text:memset)
                  00008d6c    0000005e     driverlib.a : dl_i2c.o (.text.DL_I2C_fillControllerTXFIFO)
                  00008dca    00000002     libc.a : _lock.c.obj (.text._nop)
                  00008dcc    0000005c            : printf.c.obj (.text.printf)
                  00008e28    00000056     libclang_rt.builtins.a : aeabi_idivmod.S.obj (.text.__aeabi_idivmod)
                  00008e7e    00000002     inv_mpu.o (.text.myget_ms)
                  00008e80    00000054     ti_msp_dl_config.o (.text.SYSCFG_DL_I2C_0_init)
                  00008ed4    00000054     ti_msp_dl_config.o (.text.SYSCFG_DL_initPower)
                  00008f28    00000054     motor.o (.text.Set_PWM)
                  00008f7c    00000048     driverlib.a : dl_uart.o (.text.DL_UART_init)
                  00008fc4    00000048     inv_mpu.o (.text.mpu_get_gyro_sens)
                  0000900c    00000044     driverlib.a : dl_sysctl_mspm0g1x0x_g3x0x.o (.text.DL_SYSCTL_switchMCLKfromSYSOSCtoHSCLK)
                  00009050    00000040     libclang_rt.builtins.a : aeabi_uidivmod.S.obj (.text.__aeabi_uidivmod)
                  00009090    00000040                            : extendsfdf2.S.obj (.text.__extendsfdf2)
                  000090d0    00000040     libc.a : atoi.c.obj (.text.atoi)
                  00009110    0000003e     libclang_rt.builtins.a : divmoddi4.c.obj (.text.__divmoddi4)
                  0000914e    00000002     --HOLE-- [fill = 0]
                  00009150    0000003c     driverlib.a : dl_i2c.o (.text.DL_I2C_flushControllerTXFIFO)
                  0000918c    0000003c     libclang_rt.builtins.a : floatsisf.S.obj (.text.__floatsisf)
                  000091c8    0000003c                            : comparesf2.S.obj (.text.__gtsf2)
                  00009204    0000003c     libc.a : autoinit.c.obj (.text:__TI_auto_init_nobinit_nopinit)
                  00009240    0000003a     libclang_rt.builtins.a : comparesf2.S.obj (.text.__eqsf2)
                  0000927a    00000002     --HOLE-- [fill = 0]
                  0000927c    0000003a                            : muldsi3.S.obj (.text.__muldsi3)
                  000092b6    00000002     --HOLE-- [fill = 0]
                  000092b8    00000038     ti_msp_dl_config.o (.text.SYSCFG_DL_TIMER_0_init)
                  000092f0    00000038     libclang_rt.builtins.a : fixsfsi.S.obj (.text.__fixsfsi)
                  00009328    00000034     led.o (.text.LED_Flash)
                  0000935c    00000034     inv_mpu.o (.text.mpu_get_accel_fsr)
                  00009390    00000034     inv_mpu.o (.text.mpu_get_accel_sens)
                  000093c4    00000030     driverlib.a : dl_uart.o (.text.DL_UART_transmitDataBlocking)
                  000093f4    00000030     ti_msp_dl_config.o (.text.SYSCFG_DL_init)
                  00009424    00000030     grey.o (.text.grey_init)
                  00009454    0000002c     board.o (.text.fputc)
                  00009480    00000028     libclang_rt.builtins.a : floatunsisf.S.obj (.text.__floatunsisf)
                  000094a8    00000028     libc.a : boot_cortex_m.c.obj (.text:_c_int00_noargs)
                  000094d0    00000026     driverlib.a : dl_i2c.o (.text.DL_I2C_setClockConfig)
                  000094f6    00000002     --HOLE-- [fill = 0]
                  000094f8    00000024     libclang_rt.builtins.a : muldi3.S.obj (.text.__muldi3)
                  0000951c    00000022     libc.a : memccpy.c.obj (.text.memccpy)
                  0000953e    00000002     --HOLE-- [fill = 0]
                  00009540    00000020     ti_msp_dl_config.o (.text.SYSCFG_DL_SYSTICK_init)
                  00009560    0000001e     libclang_rt.builtins.a : ashldi3.S.obj (.text.__ashldi3)
                  0000957e    00000002     --HOLE-- [fill = 0]
                  00009580    0000001c     driverlib.a : dl_sysctl_mspm0g1x0x_g3x0x.o (.text.DL_SYSCTL_configFCC)
                  0000959c    0000001c                 : dl_timer.o (.text.DL_Timer_setCaptCompUpdateMethod)
                  000095b8    0000001c                 : dl_timer.o (.text.DL_Timer_setClockConfig)
                  000095d4    0000001c     inv_mpu_dmp_motion_driver.o (.text.dmp_load_motion_driver_firmware)
                  000095f0    0000001a     motor.o (.text.limit_PWM)
                  0000960a    00000002     --HOLE-- [fill = 0]
                  0000960c    00000018     driverlib.a : dl_timer.o (.text.DL_Timer_setCaptureCompareOutCtl)
                  00009624    00000018     bsp_iic.o (.text.HW_IIC_Mem_Read)
                  0000963c    00000014     libclang_rt.builtins.a : aeabi_ldivmod.S.obj (.text.__aeabi_ldivmod)
                  00009650    00000014                            : aeabi_uldivmod.S.obj (.text.__aeabi_uldivmod)
                  00009664    00000012     driverlib.a : dl_uart.o (.text.DL_UART_setClockConfig)
                  00009676    00000012     libc.a : copy_decompress_none.c.obj (.text:decompress:none)
                  00009688    00000010     driverlib.a : dl_timer.o (.text.DL_Timer_setCaptureCompareValue)
                  00009698    00000010     libc.a : wcslen.c.obj (.text.wcslen)
                  000096a8    00000010            : copy_zero_init.c.obj (.text:decompress:ZI)
                  000096b8    0000000e     libclang_rt.builtins.a : aeabi_memset.S.obj (.text.__aeabi_memset)
                  000096c6    0000000e     libc.a : _printfi.c.obj (.text.strlen)
                  000096d4    0000000c     libclang_rt.builtins.a : aeabi_memset.S.obj (.text.__aeabi_memclr)
                  000096e0    0000000a     driverlib.a : dl_common.o (.text.DL_Common_delayCycles)
                  000096ea    0000000a     libc.a : e_asin.c.obj (.text.OUTLINED_FUNCTION_0)
                  000096f4    00000010     libclang_rt.builtins.a : muldf3.S.obj (.tramp.__aeabi_dmul.1)
                  00009704    0000000a     libc.a : s_atan.c.obj (.text.OUTLINED_FUNCTION_0)
                  0000970e    0000000a            : e_asin.c.obj (.text.OUTLINED_FUNCTION_1)
                  00009718    0000000a            : e_asin.c.obj (.text.OUTLINED_FUNCTION_3)
                  00009722    00000002     --HOLE-- [fill = 0]
                  00009724    00000010     libclang_rt.builtins.a : divdf3.S.obj (.tramp.__aeabi_ddiv.1)
                  00009734    00000008     bsp_iic.o (.text.HW_iic_delayms)
                  0000973c    00000008     libc.a : s_atan.c.obj (.text.OUTLINED_FUNCTION_2)
                  00009744    00000008            : aeabi_portable.c.obj (.text.__aeabi_errno_addr)
                  0000974c    00000008     libclang_rt.builtins.a : aeabi_memcpy.S.obj (.text.__aeabi_memcpy)
                  00009754    00000008     libc.a : printf.c.obj (.text._outc)
                  0000975c    00000008            : printf.c.obj (.text._outs)
                  00009764    00000006            : s_atan.c.obj (.text.OUTLINED_FUNCTION_1)
                  0000976a    00000002     --HOLE-- [fill = 0]
                  0000976c    00000010     libclang_rt.builtins.a : adddf3.S.obj (.tramp.__aeabi_dadd.1)
                  0000977c    00000006     libc.a : e_asin.c.obj (.text.OUTLINED_FUNCTION_2)
                  00009782    00000006            : exit.c.obj (.text:abort)
                  00009788    00000004     libsysbm.a : hostexit.c.obj (.text.HOSTexit)
                  0000978c    00000004     bsp_iic.o (.text.HW_IIC_Master_Receive)
                  00009790    00000004     bsp_iic.o (.text.HW_IIC_Master_Transmit)
                  00009794    00000004     libc.a : e_asin.c.obj (.text.OUTLINED_FUNCTION_4)
                  00009798    00000004     startup_mspm0g350x_ticlang.o (.text.Reset_Handler)
                  0000979c    00000004     libc.a : pre_init.c.obj (.text._system_pre_init)

.cinit     0    0000b270    00000090     
                  0000b270    00000069     (.cinit..data.load) [load image, compression = lzss]
                  0000b2d9    00000003     --HOLE-- [fill = 0]
                  0000b2dc    0000000c     (__TI_handler_table)
                  0000b2e8    00000008     (.cinit..bss.load) [load image, compression = zero_init]
                  0000b2f0    00000010     (__TI_cinit_table)

.rodata    0    000097a0    00001ad0     
                  000097a0    00000bf6     inv_mpu_dmp_motion_driver.o (.rodata.dmp_memory)
                  0000a396    000005f0     oled.o (.rodata.oled_asc2_1608)
                  0000a986    00000474     oled.o (.rodata.oled_asc2_1206)
                  0000adfa    00000005     empty.o (.rodata.str1.11898133897667081452.1)
                  0000adff    00000001     --HOLE-- [fill = 0]
                  0000ae00    00000101     libc.a : aeabi_ctype.S.obj (.rodata:__aeabi_ctype_table_)
                  0000af01    0000004d     inv_mpu.o (.rodata.str1.8692541638590777450.1)
                  0000af4e    00000002     ti_msp_dl_config.o (.rodata.gI2C_0ClockConfig)
                  0000af50    00000040     libc.a : s_atan.c.obj (.rodata.cst32)
                  0000af90    00000031     MPU6050.o (.rodata.str1.1177023886228264183.1)
                  0000afc1    00000003     inv_mpu_dmp_motion_driver.o (.rodata..L__const.dmp_set_orientation.accel_axes)
                  0000afc4    00000028     ti_msp_dl_config.o (.rodata.gSYSPLLConfig)
                  0000afec    00000028     inv_mpu.o (.rodata.test)
                  0000b014    00000026     inv_mpu.o (.rodata.str1.9326010155561577916.1)
                  0000b03a    00000025     MPU6050.o (.rodata.str1.2306948448645570305.1)
                  0000b05f    00000025     MPU6050.o (.rodata.str1.3045663099629573116.1)
                  0000b084    00000024     MPU6050.o (.rodata.str1.12462728197473874794.1)
                  0000b0a8    00000024     MPU6050.o (.rodata.str1.5761002395799941449.1)
                  0000b0cc    00000023     MPU6050.o (.rodata.str1.1130459053719618486.1)
                  0000b0ef    00000023     MPU6050.o (.rodata.str1.1797649524439871336.1)
                  0000b112    00000002     ti_msp_dl_config.o (.rodata.gUART_0ClockConfig)
                  0000b114    00000020     inv_mpu.o (.rodata.cst16)
                  0000b134    00000020     MPU6050.o (.rodata.str1.4089348243279281316.1)
                  0000b154    0000001e     inv_mpu.o (.rodata.str1.3678834825845439161.1)
                  0000b172    0000001b     inv_mpu.o (.rodata.reg)
                  0000b18d    00000001     --HOLE-- [fill = 0]
                  0000b18e    00000018     inv_mpu.o (.rodata.cst8)
                  0000b1a6    00000002     --HOLE-- [fill = 0]
                  0000b1a8    00000014     ti_msp_dl_config.o (.rodata.gTIMER_0TimerConfig)
                  0000b1bc    00000011     libc.a : _printfi.c.obj (.rodata.str1.10348868589481759720.1)
                  0000b1cd    00000011            : _printfi.c.obj (.rodata.str1.15363888844622738466.1)
                  0000b1de    00000011     empty.o (.rodata.str1.8138751173933995641.1)
                  0000b1ef    00000010     empty.o (.rodata.str1.15190448488113460700.1)
                  0000b1ff    0000000f     empty.o (.rodata.str1.12440687345393219333.1)
                  0000b20e    0000000f     empty.o (.rodata.str1.9517790425240694019.1)
                  0000b21d    0000000e     empty.o (.rodata.str1.7386103758396746866.1)
                  0000b22b    00000001     --HOLE-- [fill = 0]
                  0000b22c    0000000c     inv_mpu.o (.rodata.hw)
                  0000b238    0000000a     ti_msp_dl_config.o (.rodata.gUART_0Config)
                  0000b242    00000002     --HOLE-- [fill = 0]
                  0000b244    00000008     ti_msp_dl_config.o (.rodata.gPWM_0Config)
                  0000b24c    00000005     empty.o (.rodata.str1.7401042497206923953.1)
                  0000b251    00000004     empty.o (.rodata.str1.17686411042290499047.1)
                  0000b255    00000004     empty.o (.rodata.str1.9410084661655729462.1)
                  0000b259    00000003     inv_mpu_dmp_motion_driver.o (.rodata..L__const.dmp_set_orientation.gyro_axes)
                  0000b25c    00000003     ti_msp_dl_config.o (.rodata.gPWM_0ClockConfig)
                  0000b25f    00000003     ti_msp_dl_config.o (.rodata.gTIMER_0ClockConfig)
                  0000b262    00000003     empty.o (.rodata.str1.150872071346279890.1)
                  0000b265    00000003     empty.o (.rodata.str1.15706828512682300538.1)
                  0000b268    00000003     empty.o (.rodata.str1.16704889451495720520.1)
                  0000b26b    00000003     empty.o (.rodata.str1.2196762768037919588.1)
                  0000b26e    00000002     --HOLE-- [fill = 0]

.init_array 
*          0    00000000    00000000     UNINITIALIZED

.binit     0    00000000    00000000     

.bss       0    20200000    00000530     UNINITIALIZED
                  20200000    00000400     (.common:OLED_GRAM)
                  20200400    000000bc     (.common:gPWM_0Backup)
                  202004bc    00000014     empty.o (.bss.proto_buf)
                  202004d0    0000000e     (.common:buffer)
                  202004de    00000006     (.common:accel)
                  202004e4    00000006     (.common:gyro)
                  202004ea    00000002     led.o (.bss.LED_Flash.temp)
                  202004ec    00000004     motor.o (.bss.Velocity_A.ControlVelocityA)
                  202004f0    00000004     motor.o (.bss.Velocity_A.Last_biasA)
                  202004f4    00000004     motor.o (.bss.Velocity_B.ControlVelocityB)
                  202004f8    00000004     motor.o (.bss.Velocity_B.Last_biasB)
                  202004fc    00000004     (.common:Get_Encoder_countA)
                  20200500    00000004     (.common:Get_Encoder_countB)
                  20200504    00000004     (.common:PWMA)
                  20200508    00000004     (.common:PWMB)
                  2020050c    00000004     (.common:Pitch)
                  20200510    00000004     (.common:Roll)
                  20200514    00000004     (.common:Yaw)
                  20200518    00000004     (.common:encoderA_cnt)
                  2020051c    00000004     (.common:encoderB_cnt)
                  20200520    00000004     (.common:gpio_interrup1)
                  20200524    00000004     (.common:gpio_interrup2)
                  20200528    00000002     key.o (.bss.click_N_Double.Forever_count)
                  2020052a    00000002     key.o (.bss.click_N_Double.count_single)
                  2020052c    00000002     (.common:sensors)
                  2020052e    00000001     key.o (.bss.click_N_Double.count_key)
                  2020052f    00000001     key.o (.bss.click_N_Double.flag_key)

.data      0    20200530    00000199     UNINITIALIZED
                  20200530    000000f0     libc.a : defs.c.obj (.data._ftable)
                  20200620    0000002c     inv_mpu.o (.data.st)
                  2020064c    00000024     MPU6050.o (.data.mpu6050)
                  20200670    00000018     bsp_iic.o (.data.User_sIICDev)
                  20200688    00000004     empty.o (.data.Flag_Stop)
                  2020068c    00000004     motor.o (.data.Velcity_Ki)
                  20200690    00000004     motor.o (.data.Velcity_Kp)
                  20200694    00000004     libc.a : aeabi_portable.c.obj (.data.__aeabi_errno)
                  20200698    00000004            : _lock.c.obj (.data._lock)
                  2020069c    00000004            : _lock.c.obj (.data._unlock)
                  202006a0    00000004     inv_mpu_dmp_motion_driver.o (.data.dmp.0)
                  202006a4    00000004     inv_mpu_dmp_motion_driver.o (.data.dmp.1)
                  202006a8    00000004     MPU6050.o (.data.q0)
                  202006ac    00000004     MPU6050.o (.data.q1)
                  202006b0    00000004     MPU6050.o (.data.q2)
                  202006b4    00000004     MPU6050.o (.data.q3)
                  202006b8    00000004     empty.o (.data.yaw_offset)
                  202006bc    00000002     inv_mpu_dmp_motion_driver.o (.data.dmp.2)
                  202006be    00000002     empty.o (.data.main.grey_cnt)
                  202006c0    00000002     inv_mpu_dmp_motion_driver.o (.data.dmp.3)
                  202006c2    00000001     key.o (.data.click_N_Double.double_key)
                  202006c3    00000001     empty.o (.data.proto_idx)
                  202006c4    00000002     inv_mpu_dmp_motion_driver.o (.data.dmp.4)
                  202006c6    00000001     inv_mpu_dmp_motion_driver.o (.data.dmp.5)
                  202006c7    00000001     empty.o (.data.yaw_calibed)
                  202006c8    00000001     empty.o (.data.yaw_reset_req)

.stack     0    20207e00    00000200     UNINITIALIZED
                  20207e00    00000004     libc.a : boot_cortex_m.c.obj (.stack)
                  20207e04    000001fc     --HOLE--

__llvm_prf_cnts 
*          0    20200000    00000000     UNINITIALIZED

__llvm_prf_bits 
*          0    20200000    00000000     UNINITIALIZED

MODULE SUMMARY

       Module                         code    ro data   rw data
       ------                         ----    -------   -------
    ./
       ti_msp_dl_config.o             1716    88        188    
       empty.o                        1756    107       49     
       startup_mspm0g350x_ticlang.o   6       192       0      
    +--+------------------------------+-------+---------+---------+
       Total:                         3478    387       237    
                                                               
    ./Hardware/
       oled.o                         12204   2660      1024   
       inv_mpu.o                      7230    280       44     
       inv_mpu_dmp_motion_driver.o    2220    3068      15     
       MPU6050.o                      1268    297       92     
       board.o                        812     0         0      
       bsp_iic.o                      760     0         24     
       motor.o                        366     0         24     
       grey.o                         316     0         0      
       encoder.o                      192     0         16     
       key.o                          192     0         7      
       led.o                          52      0         2      
    +--+------------------------------+-------+---------+---------+
       Total:                         25612   6305      1248   
                                                               
    /home/arch/ti/mspm0_sdk_2_10_00_04/source/ti/driverlib/lib/ticlang/m0p/mspm0g1x0x_g3x0x/driverlib.a
       dl_timer.o                     608     0         0      
       dl_sysctl_mspm0g1x0x_g3x0x.o   316     0         0      
       dl_i2c.o                       192     0         0      
       dl_uart.o                      138     0         0      
       dl_common.o                    10      0         0      
    +--+------------------------------+-------+---------+---------+
       Total:                         1264    0         0      
                                                               
    /opt/ccstudio/ccs/tools/compiler/ti-cgt-armllvm_4.0.4.LTS/lib/armv6m-ti-none-eabi/c/libc.a
       _printfi.c.obj                 2166    34        0      
       e_asin.c.obj                   908     0         0      
       s_atan.c.obj                   784     64        0      
       e_atan2.c.obj                  392     0         0      
       e_sqrt.c.obj                   368     0         0      
       aeabi_ctype.S.obj              0       257       0      
       defs.c.obj                     0       0         240    
       memcpy16.S.obj                 154     0         0      
       copy_decompress_lzss.c.obj     124     0         0      
       printf.c.obj                   108     0         0      
       memset16.S.obj                 98      0         0      
       atoi.c.obj                     64      0         0      
       autoinit.c.obj                 60      0         0      
       boot_cortex_m.c.obj            40      0         0      
       memccpy.c.obj                  34      0         0      
       copy_decompress_none.c.obj     18      0         0      
       copy_zero_init.c.obj           16      0         0      
       wcslen.c.obj                   16      0         0      
       aeabi_portable.c.obj           8       0         4      
       _lock.c.obj                    2       0         8      
       exit.c.obj                     6       0         0      
       pre_init.c.obj                 4       0         0      
    +--+------------------------------+-------+---------+---------+
       Total:                         5370    355       252    
                                                               
    /opt/ccstudio/ccs/tools/compiler/ti-cgt-armllvm_4.0.4.LTS/lib/armv6m-ti-none-eabi/c/libsysbm.a
       hostexit.c.obj                 4       0         0      
    +--+------------------------------+-------+---------+---------+
       Total:                         4       0         0      
                                                               
    /opt/ccstudio/ccs/tools/compiler/ti-cgt-armllvm_4.0.4.LTS/lib/armv6m-ti-none-eabi/libclang_rt.builtins.a
       adddf3.S.obj                   418     0         0      
       divdf3.S.obj                   284     0         0      
       muldf3.S.obj                   244     0         0      
       comparedf2.c.obj               220     0         0      
       addsf3.S.obj                   216     0         0      
       udivmoddi4.S.obj               162     0         0      
       mulsf3.S.obj                   140     0         0      
       divsf3.S.obj                   130     0         0      
       comparesf2.S.obj               118     0         0      
       truncdfsf2.S.obj               116     0         0      
       aeabi_dcmp.S.obj               98      0         0      
       aeabi_fcmp.S.obj               98      0         0      
       aeabi_idivmod.S.obj            86      0         0      
       aeabi_uidivmod.S.obj           64      0         0      
       extendsfdf2.S.obj              64      0         0      
       divmoddi4.c.obj                62      0         0      
       floatsisf.S.obj                60      0         0      
       muldsi3.S.obj                  58      0         0      
       fixsfsi.S.obj                  56      0         0      
       floatunsisf.S.obj              40      0         0      
       muldi3.S.obj                   36      0         0      
       ashldi3.S.obj                  30      0         0      
       aeabi_memset.S.obj             26      0         0      
       aeabi_ldivmod.S.obj            20      0         0      
       aeabi_uldivmod.S.obj           20      0         0      
       aeabi_memcpy.S.obj             8       0         0      
       aeabi_div0.c.obj               4       0         0      
    +--+------------------------------+-------+---------+---------+
       Total:                         2878    0         0      
                                                               
       Stack:                         0       0         512    
       Linker Generated:              0       141       0      
    +--+------------------------------+-------+---------+---------+
       Grand Total:                   38606   7188      2249   


LINKER GENERATED COPY TABLES

__TI_cinit_table @ 0000b2f0 records: 2, size/record: 8, table size: 16
	.data: load addr=0000b270, load size=00000069 bytes, run addr=20200530, run size=00000199 bytes, compression=lzss
	.bss: load addr=0000b2e8, load size=00000008 bytes, run addr=20200000, run size=00000530 bytes, compression=zero_init


LINKER GENERATED HANDLER TABLE

__TI_handler_table @ 0000b2dc records: 3, size/record: 4, table size: 12
	index: 0, handler: __TI_decompress_lzss
	index: 1, handler: __TI_decompress_none
	index: 2, handler: __TI_zero_init


FAR CALL TRAMPOLINES

callee name               trampoline name
   callee addr  tramp addr   call addr  call info
--------------  -----------  ---------  ----------------
__aeabi_dmul              $Tramp$TT$L$PI$$__aeabi_dmul
   000076d5     000096f4     000096f2   libc.a : e_asin.c.obj (.text.OUTLINED_FUNCTION_0)
                             0000970c          : s_atan.c.obj (.text.OUTLINED_FUNCTION_0)
                             00009716          : e_asin.c.obj (.text.OUTLINED_FUNCTION_1)
                             00009742          : s_atan.c.obj (.text.OUTLINED_FUNCTION_2)
                             00009780          : e_asin.c.obj (.text.OUTLINED_FUNCTION_2)
__aeabi_ddiv              $Tramp$TT$L$PI$$__aeabi_ddiv
   00006ddd     00009724     00009720   libc.a : e_asin.c.obj (.text.OUTLINED_FUNCTION_3)
__aeabi_dadd              $Tramp$TT$L$PI$$__aeabi_dadd
   0000631b     0000976c     00009768   libc.a : s_atan.c.obj (.text.OUTLINED_FUNCTION_1)
                             00009796          : e_asin.c.obj (.text.OUTLINED_FUNCTION_4)

[3 trampolines]
[8 trampoline calls]


GLOBAL SYMBOLS: SORTED ALPHABETICALLY BY Name 

address   name                                 
-------   ----                                 
000064a3  ADC0_IRQHandler                      
000064a3  ADC1_IRQHandler                      
000064a3  AES_IRQHandler                       
00009788  C$$EXIT                              
000064a3  CANFD0_IRQHandler                    
000064a3  DAC0_IRQHandler                      
000096e1  DL_Common_delayCycles                
00008d6d  DL_I2C_fillControllerTXFIFO          
00009151  DL_I2C_flushControllerTXFIFO         
000094d1  DL_I2C_setClockConfig                
00009581  DL_SYSCTL_configFCC                  
0000789d  DL_SYSCTL_configSYSPLL               
0000900d  DL_SYSCTL_switchMCLKfromSYSOSCtoHSCLK
00007101  DL_Timer_initFourCCPWMMode           
00007205  DL_Timer_initTimerMode               
0000959d  DL_Timer_setCaptCompUpdateMethod     
0000960d  DL_Timer_setCaptureCompareOutCtl     
00009689  DL_Timer_setCaptureCompareValue      
000095b9  DL_Timer_setClockConfig              
00008f7d  DL_UART_init                         
00009665  DL_UART_setClockConfig               
000093c5  DL_UART_transmitDataBlocking         
000064a3  DMA_IRQHandler                       
00006179  DMP_Init                             
000064a3  Default_Handler                      
00007cb9  Encoder_IRQ_Handler                  
20200688  Flag_Stop                            
000064a3  GROUP0_IRQHandler                    
0000854d  GROUP1_IRQHandler                    
202004fc  Get_Encoder_countA                   
20200500  Get_Encoder_countB                   
00009789  HOSTexit                             
000064a3  HardFault_Handler                    
000064a3  I2C0_IRQHandler                      
000064a3  I2C1_IRQHandler                      
00007d79  Key                                  
00009329  LED_Flash                            
00006911  MPU6050_initialize                   
000064a3  NMI_Handler                          
00001d61  OLED_Clear                           
20200000  OLED_GRAM                            
000000c1  OLED_Init                            
00005529  OLED_Refresh_Gram                    
0000662d  OLED_ShowChar                        
000039a1  OLED_ShowNumber                      
00001091  OLED_ShowString                      
20200504  PWMA                                 
20200508  PWMB                                 
000064a3  PendSV_Handler                       
2020050c  Pitch                                
000064a3  RTC_IRQHandler                       
00005731  Read_DMP                             
00009799  Reset_Handler                        
20200510  Roll                                 
000064a3  SPI0_IRQHandler                      
000064a3  SPI1_IRQHandler                      
000064a3  SVC_Handler                          
00006cc1  SYSCFG_DL_GPIO_init                  
00008e81  SYSCFG_DL_I2C_0_init                 
000085e1  SYSCFG_DL_PWM_0_init                 
0000501d  SYSCFG_DL_SYSCTL_SYSPLL_init         
00007fa9  SYSCFG_DL_SYSCTL_init                
00009541  SYSCFG_DL_SYSTICK_init               
000092b9  SYSCFG_DL_TIMER_0_init               
00008785  SYSCFG_DL_UART_0_init                
000093f5  SYSCFG_DL_init                       
00008ed5  SYSCFG_DL_initPower                  
00008f29  Set_PWM                              
000064a3  SysTick_Handler                      
000064a3  TIMA0_IRQHandler                     
000064a3  TIMA1_IRQHandler                     
000081a5  TIMG0_IRQHandler                     
000064a3  TIMG12_IRQHandler                    
000064a3  TIMG6_IRQHandler                     
000064a3  TIMG7_IRQHandler                     
000064a3  TIMG8_IRQHandler                     
00007a51  UART0_IRQHandler                     
000064a3  UART1_IRQHandler                     
000064a3  UART2_IRQHandler                     
000064a3  UART3_IRQHandler                     
20200670  User_sIICDev                         
2020068c  Velcity_Ki                           
20200690  Velcity_Kp                           
00008911  Velocity_A                           
00008991  Velocity_B                           
20200514  Yaw                                  
20208000  __STACK_END                          
00000200  __STACK_SIZE                         
00000000  __TI_ATRegion0_region_sz             
00000000  __TI_ATRegion0_src_addr              
00000000  __TI_ATRegion0_trg_addr              
00000000  __TI_ATRegion1_region_sz             
00000000  __TI_ATRegion1_src_addr              
00000000  __TI_ATRegion1_trg_addr              
00000000  __TI_ATRegion2_region_sz             
00000000  __TI_ATRegion2_src_addr              
00000000  __TI_ATRegion2_trg_addr              
0000b2f0  __TI_CINIT_Base                      
0000b300  __TI_CINIT_Limit                     
0000b300  __TI_CINIT_Warm                      
0000b2dc  __TI_Handler_Table_Base              
0000b2e8  __TI_Handler_Table_Limit             
00009205  __TI_auto_init_nobinit_nopinit       
00008a11  __TI_decompress_lzss                 
00009677  __TI_decompress_none                 
ffffffff  __TI_pprof_out_hndl                  
00003139  __TI_printfi_nofloat                 
ffffffff  __TI_prof_data_size                  
ffffffff  __TI_prof_data_start                 
00000000  __TI_static_base__                   
000096a9  __TI_zero_init                       
0000631b  __adddf3                             
00007983  __addsf3                             
0000ae00  __aeabi_ctype_table_                 
0000ae00  __aeabi_ctype_table_C                
00008b01  __aeabi_d2f                          
0000631b  __aeabi_dadd                         
00008c45  __aeabi_dcmpeq                       
00008c81  __aeabi_dcmpge                       
00008c95  __aeabi_dcmpgt                       
00008c6d  __aeabi_dcmple                       
00008c59  __aeabi_dcmplt                       
00006ddd  __aeabi_ddiv                         
000076d5  __aeabi_dmul                         
00006311  __aeabi_dsub                         
20200694  __aeabi_errno                        
00009745  __aeabi_errno_addr                   
00009091  __aeabi_f2d                          
000092f1  __aeabi_f2iz                         
00007983  __aeabi_fadd                         
00008ca9  __aeabi_fcmpeq                       
00008ce5  __aeabi_fcmpge                       
00008cf9  __aeabi_fcmpgt                       
00008cd1  __aeabi_fcmple                       
00008cbd  __aeabi_fcmplt                       
0000888d  __aeabi_fdiv                         
0000866d  __aeabi_fmul                         
00007979  __aeabi_fsub                         
0000918d  __aeabi_i2f                          
00008e29  __aeabi_idiv                         
0000890f  __aeabi_idiv0                        
00008e29  __aeabi_idivmod                      
00008ca7  __aeabi_ldiv0                        
0000963d  __aeabi_ldivmod                      
00009561  __aeabi_llsl                         
000094f9  __aeabi_lmul                         
000096d5  __aeabi_memclr                       
000096d5  __aeabi_memclr4                      
000096d5  __aeabi_memclr8                      
0000974d  __aeabi_memcpy                       
0000974d  __aeabi_memcpy4                      
0000974d  __aeabi_memcpy8                      
000096b9  __aeabi_memset                       
000096b9  __aeabi_memset4                      
000096b9  __aeabi_memset8                      
00009481  __aeabi_ui2f                         
00009051  __aeabi_uidiv                        
00009051  __aeabi_uidivmod                     
00009651  __aeabi_uldivmod                     
00009561  __ashldi3                            
ffffffff  __binit__                            
00008b75  __cmpdf2                             
00009241  __cmpsf2                             
00006ddd  __divdf3                             
00009111  __divmoddi4                          
0000888d  __divsf3                             
00008b75  __eqdf2                              
00009241  __eqsf2                              
00009091  __extendsfdf2                        
000092f1  __fixsfsi                            
0000918d  __floatsisf                          
00009481  __floatunsisf                        
00008a8d  __gedf2                              
000091c9  __gesf2                              
00008a8d  __gtdf2                              
000091c9  __gtsf2                              
00008b75  __ledf2                              
00009241  __lesf2                              
00008b75  __ltdf2                              
00009241  __ltsf2                              
UNDEFED   __mpu_init                           
000076d5  __muldf3                             
000094f9  __muldi3                             
0000927d  __muldsi3                            
0000866d  __mulsf3                             
00008b75  __nedf2                              
00009241  __nesf2                              
20207e00  __stack                              
20200000  __start___llvm_prf_bits              
20200000  __start___llvm_prf_cnts              
20200000  __stop___llvm_prf_bits               
20200000  __stop___llvm_prf_cnts               
00006311  __subdf3                             
00007979  __subsf3                             
00008b01  __truncdfsf2                         
00008249  __udivmoddi4                         
000094a9  _c_int00_noargs                      
20200530  _ftable                              
20200698  _lock                                
00008dcb  _nop                                 
UNDEFED   _system_post_cinit                   
0000979d  _system_pre_init                     
2020069c  _unlock                              
00009783  abort                                
202004de  accel                                
00004711  asin                                 
00004711  asinl                                
00004a75  atan                                 
000064a5  atan2                                
000064a5  atan2l                               
00004a75  atanl                                
000090d1  atoi                                 
ffffffff  binit                                
202004d0  buffer                               
00005935  delay_ms                             
00004d6d  dmp_enable_feature                   
000095d5  dmp_load_motion_driver_firmware      
00005af5  dmp_read_fifo                        
00007e39  dmp_set_accel_bias                   
00008bdd  dmp_set_fifo_rate                    
000074f9  dmp_set_gyro_bias                    
000075e9  dmp_set_orientation                  
00006a69  dmp_set_tap_thresh                   
20200518  encoderA_cnt                         
2020051c  encoderB_cnt                         
00009455  fputc                                
00008385  fputs                                
20200400  gPWM_0Backup                         
20200520  gpio_interrup1                       
20200524  gpio_interrup2                       
00009425  grey_init                            
00006ee9  grey_read_digital                    
202004e4  gyro                                 
0000b22c  hw                                   
00000000  interruptVectors                     
000095f1  limit_PWM                            
00003ea1  main                                 
0000951d  memccpy                              
000082eb  memcpy                               
00008d0b  memset                               
2020064c  mpu6050                              
0000841d  mpu6050_i2c_sda_unlock               
00007bf5  mpu_configure_fifo                   
0000935d  mpu_get_accel_fsr                    
00009391  mpu_get_accel_sens                   
00008fc5  mpu_get_gyro_sens                    
00005c9d  mpu_init                             
00005fdd  mpu_load_firmware                    
000052c5  mpu_lp_accel_mode                    
00007b25  mpu_read_fifo_stream                 
00005e3d  mpu_reset_fifo                       
000027f1  mpu_run_self_test                    
000084b5  mpu_set_accel_fsr                    
00006b9d  mpu_set_bypass                       
00006ff5  mpu_set_dmp_state                    
000086f9  mpu_set_lpf                          
00007301  mpu_set_sample_rate                  
000073fd  mpu_set_sensors                      
00008809  mpu_write_mem                        
000077b9  mspm0_i2c_read                       
00008e7f  myget_ms                             
0000a986  oled_asc2_1206                       
0000a396  oled_asc2_1608                       
00008dcd  printf                               
00008059  puts                                 
202006a8  q0                                   
202006ac  q1                                   
202006b0  q2                                   
202006b4  q3                                   
0000b172  reg                                  
2020052c  sensors                              
000067a1  sqrt                                 
000067a1  sqrtl                                
0000afec  test                                 
00009699  wcslen                               


GLOBAL SYMBOLS: SORTED BY Symbol Address 

address   name                                 
-------   ----                                 
00000000  __TI_ATRegion0_region_sz             
00000000  __TI_ATRegion0_src_addr              
00000000  __TI_ATRegion0_trg_addr              
00000000  __TI_ATRegion1_region_sz             
00000000  __TI_ATRegion1_src_addr              
00000000  __TI_ATRegion1_trg_addr              
00000000  __TI_ATRegion2_region_sz             
00000000  __TI_ATRegion2_src_addr              
00000000  __TI_ATRegion2_trg_addr              
00000000  __TI_static_base__                   
00000000  interruptVectors                     
000000c1  OLED_Init                            
00000200  __STACK_SIZE                         
00001091  OLED_ShowString                      
00001d61  OLED_Clear                           
000027f1  mpu_run_self_test                    
00003139  __TI_printfi_nofloat                 
000039a1  OLED_ShowNumber                      
00003ea1  main                                 
00004711  asin                                 
00004711  asinl                                
00004a75  atan                                 
00004a75  atanl                                
00004d6d  dmp_enable_feature                   
0000501d  SYSCFG_DL_SYSCTL_SYSPLL_init         
000052c5  mpu_lp_accel_mode                    
00005529  OLED_Refresh_Gram                    
00005731  Read_DMP                             
00005935  delay_ms                             
00005af5  dmp_read_fifo                        
00005c9d  mpu_init                             
00005e3d  mpu_reset_fifo                       
00005fdd  mpu_load_firmware                    
00006179  DMP_Init                             
00006311  __aeabi_dsub                         
00006311  __subdf3                             
0000631b  __adddf3                             
0000631b  __aeabi_dadd                         
000064a3  ADC0_IRQHandler                      
000064a3  ADC1_IRQHandler                      
000064a3  AES_IRQHandler                       
000064a3  CANFD0_IRQHandler                    
000064a3  DAC0_IRQHandler                      
000064a3  DMA_IRQHandler                       
000064a3  Default_Handler                      
000064a3  GROUP0_IRQHandler                    
000064a3  HardFault_Handler                    
000064a3  I2C0_IRQHandler                      
000064a3  I2C1_IRQHandler                      
000064a3  NMI_Handler                          
000064a3  PendSV_Handler                       
000064a3  RTC_IRQHandler                       
000064a3  SPI0_IRQHandler                      
000064a3  SPI1_IRQHandler                      
000064a3  SVC_Handler                          
000064a3  SysTick_Handler                      
000064a3  TIMA0_IRQHandler                     
000064a3  TIMA1_IRQHandler                     
000064a3  TIMG12_IRQHandler                    
000064a3  TIMG6_IRQHandler                     
000064a3  TIMG7_IRQHandler                     
000064a3  TIMG8_IRQHandler                     
000064a3  UART1_IRQHandler                     
000064a3  UART2_IRQHandler                     
000064a3  UART3_IRQHandler                     
000064a5  atan2                                
000064a5  atan2l                               
0000662d  OLED_ShowChar                        
000067a1  sqrt                                 
000067a1  sqrtl                                
00006911  MPU6050_initialize                   
00006a69  dmp_set_tap_thresh                   
00006b9d  mpu_set_bypass                       
00006cc1  SYSCFG_DL_GPIO_init                  
00006ddd  __aeabi_ddiv                         
00006ddd  __divdf3                             
00006ee9  grey_read_digital                    
00006ff5  mpu_set_dmp_state                    
00007101  DL_Timer_initFourCCPWMMode           
00007205  DL_Timer_initTimerMode               
00007301  mpu_set_sample_rate                  
000073fd  mpu_set_sensors                      
000074f9  dmp_set_gyro_bias                    
000075e9  dmp_set_orientation                  
000076d5  __aeabi_dmul                         
000076d5  __muldf3                             
000077b9  mspm0_i2c_read                       
0000789d  DL_SYSCTL_configSYSPLL               
00007979  __aeabi_fsub                         
00007979  __subsf3                             
00007983  __addsf3                             
00007983  __aeabi_fadd                         
00007a51  UART0_IRQHandler                     
00007b25  mpu_read_fifo_stream                 
00007bf5  mpu_configure_fifo                   
00007cb9  Encoder_IRQ_Handler                  
00007d79  Key                                  
00007e39  dmp_set_accel_bias                   
00007fa9  SYSCFG_DL_SYSCTL_init                
00008059  puts                                 
000081a5  TIMG0_IRQHandler                     
00008249  __udivmoddi4                         
000082eb  memcpy                               
00008385  fputs                                
0000841d  mpu6050_i2c_sda_unlock               
000084b5  mpu_set_accel_fsr                    
0000854d  GROUP1_IRQHandler                    
000085e1  SYSCFG_DL_PWM_0_init                 
0000866d  __aeabi_fmul                         
0000866d  __mulsf3                             
000086f9  mpu_set_lpf                          
00008785  SYSCFG_DL_UART_0_init                
00008809  mpu_write_mem                        
0000888d  __aeabi_fdiv                         
0000888d  __divsf3                             
0000890f  __aeabi_idiv0                        
00008911  Velocity_A                           
00008991  Velocity_B                           
00008a11  __TI_decompress_lzss                 
00008a8d  __gedf2                              
00008a8d  __gtdf2                              
00008b01  __aeabi_d2f                          
00008b01  __truncdfsf2                         
00008b75  __cmpdf2                             
00008b75  __eqdf2                              
00008b75  __ledf2                              
00008b75  __ltdf2                              
00008b75  __nedf2                              
00008bdd  dmp_set_fifo_rate                    
00008c45  __aeabi_dcmpeq                       
00008c59  __aeabi_dcmplt                       
00008c6d  __aeabi_dcmple                       
00008c81  __aeabi_dcmpge                       
00008c95  __aeabi_dcmpgt                       
00008ca7  __aeabi_ldiv0                        
00008ca9  __aeabi_fcmpeq                       
00008cbd  __aeabi_fcmplt                       
00008cd1  __aeabi_fcmple                       
00008ce5  __aeabi_fcmpge                       
00008cf9  __aeabi_fcmpgt                       
00008d0b  memset                               
00008d6d  DL_I2C_fillControllerTXFIFO          
00008dcb  _nop                                 
00008dcd  printf                               
00008e29  __aeabi_idiv                         
00008e29  __aeabi_idivmod                      
00008e7f  myget_ms                             
00008e81  SYSCFG_DL_I2C_0_init                 
00008ed5  SYSCFG_DL_initPower                  
00008f29  Set_PWM                              
00008f7d  DL_UART_init                         
00008fc5  mpu_get_gyro_sens                    
0000900d  DL_SYSCTL_switchMCLKfromSYSOSCtoHSCLK
00009051  __aeabi_uidiv                        
00009051  __aeabi_uidivmod                     
00009091  __aeabi_f2d                          
00009091  __extendsfdf2                        
000090d1  atoi                                 
00009111  __divmoddi4                          
00009151  DL_I2C_flushControllerTXFIFO         
0000918d  __aeabi_i2f                          
0000918d  __floatsisf                          
000091c9  __gesf2                              
000091c9  __gtsf2                              
00009205  __TI_auto_init_nobinit_nopinit       
00009241  __cmpsf2                             
00009241  __eqsf2                              
00009241  __lesf2                              
00009241  __ltsf2                              
00009241  __nesf2                              
0000927d  __muldsi3                            
000092b9  SYSCFG_DL_TIMER_0_init               
000092f1  __aeabi_f2iz                         
000092f1  __fixsfsi                            
00009329  LED_Flash                            
0000935d  mpu_get_accel_fsr                    
00009391  mpu_get_accel_sens                   
000093c5  DL_UART_transmitDataBlocking         
000093f5  SYSCFG_DL_init                       
00009425  grey_init                            
00009455  fputc                                
00009481  __aeabi_ui2f                         
00009481  __floatunsisf                        
000094a9  _c_int00_noargs                      
000094d1  DL_I2C_setClockConfig                
000094f9  __aeabi_lmul                         
000094f9  __muldi3                             
0000951d  memccpy                              
00009541  SYSCFG_DL_SYSTICK_init               
00009561  __aeabi_llsl                         
00009561  __ashldi3                            
00009581  DL_SYSCTL_configFCC                  
0000959d  DL_Timer_setCaptCompUpdateMethod     
000095b9  DL_Timer_setClockConfig              
000095d5  dmp_load_motion_driver_firmware      
000095f1  limit_PWM                            
0000960d  DL_Timer_setCaptureCompareOutCtl     
0000963d  __aeabi_ldivmod                      
00009651  __aeabi_uldivmod                     
00009665  DL_UART_setClockConfig               
00009677  __TI_decompress_none                 
00009689  DL_Timer_setCaptureCompareValue      
00009699  wcslen                               
000096a9  __TI_zero_init                       
000096b9  __aeabi_memset                       
000096b9  __aeabi_memset4                      
000096b9  __aeabi_memset8                      
000096d5  __aeabi_memclr                       
000096d5  __aeabi_memclr4                      
000096d5  __aeabi_memclr8                      
000096e1  DL_Common_delayCycles                
00009745  __aeabi_errno_addr                   
0000974d  __aeabi_memcpy                       
0000974d  __aeabi_memcpy4                      
0000974d  __aeabi_memcpy8                      
00009783  abort                                
00009788  C$$EXIT                              
00009789  HOSTexit                             
00009799  Reset_Handler                        
0000979d  _system_pre_init                     
0000a396  oled_asc2_1608                       
0000a986  oled_asc2_1206                       
0000ae00  __aeabi_ctype_table_                 
0000ae00  __aeabi_ctype_table_C                
0000afec  test                                 
0000b172  reg                                  
0000b22c  hw                                   
0000b2dc  __TI_Handler_Table_Base              
0000b2e8  __TI_Handler_Table_Limit             
0000b2f0  __TI_CINIT_Base                      
0000b300  __TI_CINIT_Limit                     
0000b300  __TI_CINIT_Warm                      
20200000  OLED_GRAM                            
20200000  __start___llvm_prf_bits              
20200000  __start___llvm_prf_cnts              
20200000  __stop___llvm_prf_bits               
20200000  __stop___llvm_prf_cnts               
20200400  gPWM_0Backup                         
202004d0  buffer                               
202004de  accel                                
202004e4  gyro                                 
202004fc  Get_Encoder_countA                   
20200500  Get_Encoder_countB                   
20200504  PWMA                                 
20200508  PWMB                                 
2020050c  Pitch                                
20200510  Roll                                 
20200514  Yaw                                  
20200518  encoderA_cnt                         
2020051c  encoderB_cnt                         
20200520  gpio_interrup1                       
20200524  gpio_interrup2                       
2020052c  sensors                              
20200530  _ftable                              
2020064c  mpu6050                              
20200670  User_sIICDev                         
20200688  Flag_Stop                            
2020068c  Velcity_Ki                           
20200690  Velcity_Kp                           
20200694  __aeabi_errno                        
20200698  _lock                                
2020069c  _unlock                              
202006a8  q0                                   
202006ac  q1                                   
202006b0  q2                                   
202006b4  q3                                   
20207e00  __stack                              
20208000  __STACK_END                          
ffffffff  __TI_pprof_out_hndl                  
ffffffff  __TI_prof_data_size                  
ffffffff  __TI_prof_data_start                 
ffffffff  __binit__                            
ffffffff  binit                                
UNDEFED   __mpu_init                           
UNDEFED   _system_post_cinit                   

[275 symbols]
