******************************************************************************
            TI ARM Clang Linker Unix v4.0.4                    
******************************************************************************
>> Linked Wed Jun 17 21:28:02 2026

OUTPUT FILE NAME:   <TI-M0G3507-V1.1-LUNQU.out>
ENTRY POINT SYMBOL: "_c_int00_noargs"  address: 00009369


MEMORY CONFIGURATION

         name            origin    length      used     unused   attr    fill
----------------------  --------  ---------  --------  --------  ----  --------
  FLASH                 00000000   00020000  0000b1c0  00014e40  R  X
  SRAM                  20200000   00008000  000008c9  00007737  RW X
  BCR_CONFIG            41c00000   000000ff  00000000  000000ff  R   
  BSL_CONFIG            41c00100   00000080  00000000  00000080  R   


SEGMENT ALLOCATION MAP

run origin  load origin   length   init length attrs members
----------  ----------- ---------- ----------- ----- -------
00000000    00000000    0000b1c0   0000b1c0    r-x
  00000000    00000000    000000c0   000000c0    r-- .intvecs
  000000c0    000000c0    000095a0   000095a0    r-x .text
  00009660    00009660    00001ad0   00001ad0    r-- .rodata
  0000b130    0000b130    00000090   00000090    r-- .cinit
20200000    20200000    000006c9   00000000    rw-
  20200000    20200000    00000530   00000000    rw- .bss
  20200530    20200530    00000199   00000000    rw- .data
20207e00    20207e00    00000200   00000000    rw-
  20207e00    20207e00    00000200   00000000    rw- .stack


SECTION ALLOCATION MAP

 output                                  attributes/
section   page    origin      length       input sections
--------  ----  ----------  ----------   ----------------
.intvecs   0    00000000    000000c0     
                  00000000    000000c0     startup_mspm0g350x_ticlang.o (.intvecs)

.text      0    000000c0    000095a0     
                  000000c0    00000fd0     oled.o (.text.OLED_Init)
                  00001090    00000cd0     oled.o (.text.OLED_ShowString)
                  00001d60    00000a90     oled.o (.text.OLED_Clear)
                  000027f0    00000948     inv_mpu.o (.text.mpu_run_self_test)
                  00003138    00000868     libc.a : _printfi.c.obj (.text:__TI_printfi_nofloat)
                  000039a0    00000500     oled.o (.text.OLED_ShowNumber)
                  00003ea0    000003a0     inv_mpu.o (.text.get_st_biases)
                  00004240    00000384     empty.o (.text.main)
                  000045c4    00000364     libc.a : e_asin.c.obj (.text.asin)
                  00004928    000002f8            : s_atan.c.obj (.text.atan)
                  00004c20    000002b0     inv_mpu_dmp_motion_driver.o (.text.dmp_enable_feature)
                  00004ed0    000002a8     ti_msp_dl_config.o (.text.SYSCFG_DL_SYSCTL_SYSPLL_init)
                  00005178    00000264     inv_mpu.o (.text.mpu_lp_accel_mode)
                  000053dc    00000208     oled.o (.text.OLED_Refresh_Gram)
                  000055e4    00000204     MPU6050.o (.text.Read_DMP)
                  000057e8    000001c0     board.o (.text.delay_ms)
                  000059a8    000001a8     inv_mpu_dmp_motion_driver.o (.text.dmp_read_fifo)
                  00005b50    000001a0     inv_mpu.o (.text.mpu_init)
                  00005cf0    000001a0     inv_mpu.o (.text.mpu_reset_fifo)
                  00005e90    0000019c     inv_mpu.o (.text.mpu_load_firmware)
                  0000602c    00000198     MPU6050.o (.text.DMP_Init)
                  000061c4    00000192     libclang_rt.builtins.a : adddf3.S.obj (.text.adddf3_subdf3)
                  00006356    00000002     startup_mspm0g350x_ticlang.o (.text.Default_Handler)
                  00006358    00000188     libc.a : e_atan2.c.obj (.text.atan2)
                  000064e0    00000174     oled.o (.text.OLED_ShowChar)
                  00006654    00000170     libc.a : e_sqrt.c.obj (.text.sqrt)
                  000067c4    00000158     MPU6050.o (.text.MPU6050_initialize)
                  0000691c    00000134     inv_mpu_dmp_motion_driver.o (.text.dmp_set_tap_thresh)
                  00006a50    00000124     inv_mpu.o (.text.mpu_set_bypass)
                  00006b74    0000011c     ti_msp_dl_config.o (.text.SYSCFG_DL_GPIO_init)
                  00006c90    0000010c     libclang_rt.builtins.a : divdf3.S.obj (.text.__divdf3)
                  00006d9c    0000010c     grey.o (.text.grey_read_digital)
                  00006ea8    0000010c     inv_mpu.o (.text.mpu_set_dmp_state)
                  00006fb4    00000104     driverlib.a : dl_timer.o (.text.DL_Timer_initFourCCPWMMode)
                  000070b8    000000fc                 : dl_timer.o (.text.DL_Timer_initTimerMode)
                  000071b4    000000fc     inv_mpu.o (.text.mpu_set_sample_rate)
                  000072b0    000000fc     inv_mpu.o (.text.mpu_set_sensors)
                  000073ac    000000f0     inv_mpu_dmp_motion_driver.o (.text.dmp_set_gyro_bias)
                  0000749c    000000ec     inv_mpu_dmp_motion_driver.o (.text.dmp_set_orientation)
                  00007588    000000e4     libclang_rt.builtins.a : muldf3.S.obj (.text.__muldf3)
                  0000766c    000000e4     bsp_iic.o (.text.mspm0_i2c_read)
                  00007750    000000dc     driverlib.a : dl_sysctl_mspm0g1x0x_g3x0x.o (.text.DL_SYSCTL_configSYSPLL)
                  0000782c    000000d8     libclang_rt.builtins.a : addsf3.S.obj (.text)
                  00007904    000000d4     empty.o (.text.UART0_IRQHandler)
                  000079d8    000000d0     inv_mpu.o (.text.mpu_read_fifo_stream)
                  00007aa8    000000c4     inv_mpu.o (.text.mpu_configure_fifo)
                  00007b6c    000000c0     encoder.o (.text.Encoder_IRQ_Handler)
                  00007c2c    000000c0     key.o (.text.Key)
                  00007cec    000000c0     inv_mpu_dmp_motion_driver.o (.text.dmp_set_accel_bias)
                  00007dac    000000b0     bsp_iic.o (.text.HW_IIC_Mem_Write)
                  00007e5c    000000b0     ti_msp_dl_config.o (.text.SYSCFG_DL_SYSCTL_init)
                  00007f0c    000000a8     board.o (.text.puts)
                  00007fb4    000000a4     bsp_iic.o (.text.HW_iic_init)
                  00008058    000000a4     empty.o (.text.TIMG0_IRQHandler)
                  000080fc    000000a2     libclang_rt.builtins.a : udivmoddi4.S.obj (.text)
                  0000819e    0000009a     libc.a : memcpy16.S.obj (.text:memcpy)
                  00008238    00000098     board.o (.text.fputs)
                  000082d0    00000098     bsp_iic.o (.text.mpu6050_i2c_sda_unlock)
                  00008368    00000098     inv_mpu.o (.text.mpu_set_accel_fsr)
                  00008400    00000094     empty.o (.text.GROUP1_IRQHandler)
                  00008494    0000008c     ti_msp_dl_config.o (.text.SYSCFG_DL_PWM_0_init)
                  00008520    0000008c     libclang_rt.builtins.a : mulsf3.S.obj (.text.__mulsf3)
                  000085ac    0000008c     inv_mpu.o (.text.mpu_set_lpf)
                  00008638    00000084     ti_msp_dl_config.o (.text.SYSCFG_DL_UART_0_init)
                  000086bc    00000084     inv_mpu.o (.text.mpu_write_mem)
                  00008740    00000082     libclang_rt.builtins.a : divsf3.S.obj (.text.__divsf3)
                  000087c2    00000002                            : aeabi_div0.c.obj (.text.__aeabi_idiv0)
                  000087c4    00000080     motor.o (.text.Velocity_A)
                  00008844    00000080     motor.o (.text.Velocity_B)
                  000088c4    0000007c     libc.a : copy_decompress_lzss.c.obj (.text:decompress:lzss)
                  00008940    00000074     libclang_rt.builtins.a : comparedf2.c.obj (.text.__gedf2)
                  000089b4    0000000c                            : aeabi_memset.S.obj (.text.__aeabi_memclr)
                  000089c0    00000074                            : truncdfsf2.S.obj (.text.__truncdfsf2)
                  00008a34    00000068                            : comparedf2.c.obj (.text.__ledf2)
                  00008a9c    00000068     inv_mpu_dmp_motion_driver.o (.text.dmp_set_fifo_rate)
                  00008b04    00000062     libclang_rt.builtins.a : aeabi_dcmp.S.obj (.text.__aeabi_dcmp)
                  00008b66    00000002                            : aeabi_div0.c.obj (.text.__aeabi_ldiv0)
                  00008b68    00000062                            : aeabi_fcmp.S.obj (.text.__aeabi_fcmp)
                  00008bca    00000062     libc.a : memset16.S.obj (.text:memset)
                  00008c2c    0000005e     driverlib.a : dl_i2c.o (.text.DL_I2C_fillControllerTXFIFO)
                  00008c8a    00000002     libc.a : _lock.c.obj (.text._nop)
                  00008c8c    0000005c            : printf.c.obj (.text.printf)
                  00008ce8    00000056     libclang_rt.builtins.a : aeabi_idivmod.S.obj (.text.__aeabi_idivmod)
                  00008d3e    00000002     inv_mpu.o (.text.myget_ms)
                  00008d40    00000054     ti_msp_dl_config.o (.text.SYSCFG_DL_I2C_0_init)
                  00008d94    00000054     ti_msp_dl_config.o (.text.SYSCFG_DL_initPower)
                  00008de8    00000054     motor.o (.text.Set_PWM)
                  00008e3c    00000048     driverlib.a : dl_uart.o (.text.DL_UART_init)
                  00008e84    00000048     inv_mpu.o (.text.mpu_get_gyro_sens)
                  00008ecc    00000044     driverlib.a : dl_sysctl_mspm0g1x0x_g3x0x.o (.text.DL_SYSCTL_switchMCLKfromSYSOSCtoHSCLK)
                  00008f10    00000040     libclang_rt.builtins.a : aeabi_uidivmod.S.obj (.text.__aeabi_uidivmod)
                  00008f50    00000040                            : extendsfdf2.S.obj (.text.__extendsfdf2)
                  00008f90    00000040     libc.a : atoi.c.obj (.text.atoi)
                  00008fd0    0000003e     libclang_rt.builtins.a : divmoddi4.c.obj (.text.__divmoddi4)
                  0000900e    00000002     --HOLE-- [fill = 0]
                  00009010    0000003c     driverlib.a : dl_i2c.o (.text.DL_I2C_flushControllerTXFIFO)
                  0000904c    0000003c     libclang_rt.builtins.a : floatsisf.S.obj (.text.__floatsisf)
                  00009088    0000003c                            : comparesf2.S.obj (.text.__gtsf2)
                  000090c4    0000003c     libc.a : autoinit.c.obj (.text:__TI_auto_init_nobinit_nopinit)
                  00009100    0000003a     libclang_rt.builtins.a : comparesf2.S.obj (.text.__eqsf2)
                  0000913a    00000002     --HOLE-- [fill = 0]
                  0000913c    0000003a                            : muldsi3.S.obj (.text.__muldsi3)
                  00009176    00000002     --HOLE-- [fill = 0]
                  00009178    00000038     ti_msp_dl_config.o (.text.SYSCFG_DL_TIMER_0_init)
                  000091b0    00000038     libclang_rt.builtins.a : fixsfsi.S.obj (.text.__fixsfsi)
                  000091e8    00000034     led.o (.text.LED_Flash)
                  0000921c    00000034     inv_mpu.o (.text.mpu_get_accel_fsr)
                  00009250    00000034     inv_mpu.o (.text.mpu_get_accel_sens)
                  00009284    00000030     driverlib.a : dl_uart.o (.text.DL_UART_transmitDataBlocking)
                  000092b4    00000030     ti_msp_dl_config.o (.text.SYSCFG_DL_init)
                  000092e4    00000030     grey.o (.text.grey_init)
                  00009314    0000002c     board.o (.text.fputc)
                  00009340    00000028     libclang_rt.builtins.a : floatunsisf.S.obj (.text.__floatunsisf)
                  00009368    00000028     libc.a : boot_cortex_m.c.obj (.text:_c_int00_noargs)
                  00009390    00000026     driverlib.a : dl_i2c.o (.text.DL_I2C_setClockConfig)
                  000093b6    00000002     --HOLE-- [fill = 0]
                  000093b8    00000024     libclang_rt.builtins.a : muldi3.S.obj (.text.__muldi3)
                  000093dc    00000022     libc.a : memccpy.c.obj (.text.memccpy)
                  000093fe    00000002     --HOLE-- [fill = 0]
                  00009400    00000020     ti_msp_dl_config.o (.text.SYSCFG_DL_SYSTICK_init)
                  00009420    0000001e     libclang_rt.builtins.a : ashldi3.S.obj (.text.__ashldi3)
                  0000943e    00000002     --HOLE-- [fill = 0]
                  00009440    0000001c     driverlib.a : dl_sysctl_mspm0g1x0x_g3x0x.o (.text.DL_SYSCTL_configFCC)
                  0000945c    0000001c                 : dl_timer.o (.text.DL_Timer_setCaptCompUpdateMethod)
                  00009478    0000001c                 : dl_timer.o (.text.DL_Timer_setClockConfig)
                  00009494    0000001c     inv_mpu_dmp_motion_driver.o (.text.dmp_load_motion_driver_firmware)
                  000094b0    0000001a     motor.o (.text.limit_PWM)
                  000094ca    00000002     --HOLE-- [fill = 0]
                  000094cc    00000018     driverlib.a : dl_timer.o (.text.DL_Timer_setCaptureCompareOutCtl)
                  000094e4    00000018     bsp_iic.o (.text.HW_IIC_Mem_Read)
                  000094fc    00000014     libclang_rt.builtins.a : aeabi_ldivmod.S.obj (.text.__aeabi_ldivmod)
                  00009510    00000014                            : aeabi_uldivmod.S.obj (.text.__aeabi_uldivmod)
                  00009524    00000012     driverlib.a : dl_uart.o (.text.DL_UART_setClockConfig)
                  00009536    00000012     libc.a : copy_decompress_none.c.obj (.text:decompress:none)
                  00009548    00000010     driverlib.a : dl_timer.o (.text.DL_Timer_setCaptureCompareValue)
                  00009558    00000010     libc.a : wcslen.c.obj (.text.wcslen)
                  00009568    00000010            : copy_zero_init.c.obj (.text:decompress:ZI)
                  00009578    0000000e     libclang_rt.builtins.a : aeabi_memset.S.obj (.text.__aeabi_memset)
                  00009586    0000000e     libc.a : _printfi.c.obj (.text.strlen)
                  00009594    0000000a     driverlib.a : dl_common.o (.text.DL_Common_delayCycles)
                  0000959e    0000000a     libc.a : e_asin.c.obj (.text.OUTLINED_FUNCTION_0)
                  000095a8    00000010     libclang_rt.builtins.a : muldf3.S.obj (.tramp.__aeabi_dmul.1)
                  000095b8    0000000a     libc.a : s_atan.c.obj (.text.OUTLINED_FUNCTION_0)
                  000095c2    0000000a            : e_asin.c.obj (.text.OUTLINED_FUNCTION_1)
                  000095cc    0000000a            : e_asin.c.obj (.text.OUTLINED_FUNCTION_3)
                  000095d6    00000002     --HOLE-- [fill = 0]
                  000095d8    00000010     libclang_rt.builtins.a : divdf3.S.obj (.tramp.__aeabi_ddiv.1)
                  000095e8    00000008     bsp_iic.o (.text.HW_iic_delayms)
                  000095f0    00000008     libc.a : s_atan.c.obj (.text.OUTLINED_FUNCTION_2)
                  000095f8    00000008            : aeabi_portable.c.obj (.text.__aeabi_errno_addr)
                  00009600    00000008     libclang_rt.builtins.a : aeabi_memcpy.S.obj (.text.__aeabi_memcpy)
                  00009608    00000008     libc.a : printf.c.obj (.text._outc)
                  00009610    00000008            : printf.c.obj (.text._outs)
                  00009618    00000006            : s_atan.c.obj (.text.OUTLINED_FUNCTION_1)
                  0000961e    00000002     --HOLE-- [fill = 0]
                  00009620    00000010     libclang_rt.builtins.a : adddf3.S.obj (.tramp.__aeabi_dadd.1)
                  00009630    00000006     libc.a : e_asin.c.obj (.text.OUTLINED_FUNCTION_2)
                  00009636    00000006            : exit.c.obj (.text:abort)
                  0000963c    00000004     libsysbm.a : hostexit.c.obj (.text.HOSTexit)
                  00009640    00000004     bsp_iic.o (.text.HW_IIC_Master_Receive)
                  00009644    00000004     bsp_iic.o (.text.HW_IIC_Master_Transmit)
                  00009648    00000004     libc.a : e_asin.c.obj (.text.OUTLINED_FUNCTION_4)
                  0000964c    00000004     startup_mspm0g350x_ticlang.o (.text.Reset_Handler)
                  00009650    00000004     libc.a : pre_init.c.obj (.text._system_pre_init)
                  00009654    0000000c     --HOLE-- [fill = 0]

.cinit     0    0000b130    00000090     
                  0000b130    00000066     (.cinit..data.load) [load image, compression = lzss]
                  0000b196    00000002     --HOLE-- [fill = 0]
                  0000b198    0000000c     (__TI_handler_table)
                  0000b1a4    00000008     (.cinit..bss.load) [load image, compression = zero_init]
                  0000b1ac    00000010     (__TI_cinit_table)
                  0000b1bc    00000004     --HOLE-- [fill = 0]

.rodata    0    00009660    00001ad0     
                  00009660    00000bf6     inv_mpu_dmp_motion_driver.o (.rodata.dmp_memory)
                  0000a256    000005f0     oled.o (.rodata.oled_asc2_1608)
                  0000a846    00000474     oled.o (.rodata.oled_asc2_1206)
                  0000acba    00000005     empty.o (.rodata.str1.11898133897667081452.1)
                  0000acbf    00000001     --HOLE-- [fill = 0]
                  0000acc0    00000101     libc.a : aeabi_ctype.S.obj (.rodata:__aeabi_ctype_table_)
                  0000adc1    0000004d     inv_mpu.o (.rodata.str1.8692541638590777450.1)
                  0000ae0e    00000002     ti_msp_dl_config.o (.rodata.gI2C_0ClockConfig)
                  0000ae10    00000040     libc.a : s_atan.c.obj (.rodata.cst32)
                  0000ae50    00000031     MPU6050.o (.rodata.str1.1177023886228264183.1)
                  0000ae81    00000003     inv_mpu_dmp_motion_driver.o (.rodata..L__const.dmp_set_orientation.accel_axes)
                  0000ae84    00000028     ti_msp_dl_config.o (.rodata.gSYSPLLConfig)
                  0000aeac    00000028     inv_mpu.o (.rodata.test)
                  0000aed4    00000026     inv_mpu.o (.rodata.str1.9326010155561577916.1)
                  0000aefa    00000025     MPU6050.o (.rodata.str1.2306948448645570305.1)
                  0000af1f    00000025     MPU6050.o (.rodata.str1.3045663099629573116.1)
                  0000af44    00000024     MPU6050.o (.rodata.str1.12462728197473874794.1)
                  0000af68    00000024     MPU6050.o (.rodata.str1.5761002395799941449.1)
                  0000af8c    00000023     MPU6050.o (.rodata.str1.1130459053719618486.1)
                  0000afaf    00000023     MPU6050.o (.rodata.str1.1797649524439871336.1)
                  0000afd2    00000002     ti_msp_dl_config.o (.rodata.gUART_0ClockConfig)
                  0000afd4    00000020     inv_mpu.o (.rodata.cst16)
                  0000aff4    00000020     MPU6050.o (.rodata.str1.4089348243279281316.1)
                  0000b014    0000001e     inv_mpu.o (.rodata.str1.3678834825845439161.1)
                  0000b032    0000001b     inv_mpu.o (.rodata.reg)
                  0000b04d    00000001     --HOLE-- [fill = 0]
                  0000b04e    00000018     inv_mpu.o (.rodata.cst8)
                  0000b066    00000002     --HOLE-- [fill = 0]
                  0000b068    00000014     ti_msp_dl_config.o (.rodata.gTIMER_0TimerConfig)
                  0000b07c    00000011     libc.a : _printfi.c.obj (.rodata.str1.10348868589481759720.1)
                  0000b08d    00000011            : _printfi.c.obj (.rodata.str1.15363888844622738466.1)
                  0000b09e    00000011     empty.o (.rodata.str1.8138751173933995641.1)
                  0000b0af    00000010     empty.o (.rodata.str1.6882831155057630604.1)
                  0000b0bf    0000000f     empty.o (.rodata.str1.2195073566703606718.1)
                  0000b0ce    0000000f     empty.o (.rodata.str1.9517790425240694019.1)
                  0000b0dd    0000000e     empty.o (.rodata.str1.2196762768037919588.1)
                  0000b0eb    00000001     --HOLE-- [fill = 0]
                  0000b0ec    0000000c     inv_mpu.o (.rodata.hw)
                  0000b0f8    0000000a     ti_msp_dl_config.o (.rodata.gUART_0Config)
                  0000b102    00000002     --HOLE-- [fill = 0]
                  0000b104    00000008     ti_msp_dl_config.o (.rodata.gPWM_0Config)
                  0000b10c    00000005     empty.o (.rodata.str1.7401042497206923953.1)
                  0000b111    00000003     inv_mpu_dmp_motion_driver.o (.rodata..L__const.dmp_set_orientation.gyro_axes)
                  0000b114    00000003     ti_msp_dl_config.o (.rodata.gPWM_0ClockConfig)
                  0000b117    00000003     ti_msp_dl_config.o (.rodata.gTIMER_0ClockConfig)
                  0000b11a    00000003     empty.o (.rodata.str1.150872071346279890.1)
                  0000b11d    00000003     empty.o (.rodata.str1.15706828512682300538.1)
                  0000b120    00000003     empty.o (.rodata.str1.16704889451495720520.1)
                  0000b123    0000000d     --HOLE-- [fill = 0]

.init_array 
*          0    00000000    00000000     UNINITIALIZED

.binit     0    00000000    00000000     

.bss       0    20200000    00000530     UNINITIALIZED
                  20200000    00000400     (.common:OLED_GRAM)
                  20200400    000000bc     (.common:gPWM_0Backup)
                  202004bc    00000014     empty.o (.bss.proto_buf)
                  202004d0    0000000e     (.common:buffer)
                  202004de    00000006     (.common:accel)
                  202004e4    00000006     (.common:gyro)
                  202004ea    00000002     led.o (.bss.LED_Flash.temp)
                  202004ec    00000004     motor.o (.bss.Velocity_A.ControlVelocityA)
                  202004f0    00000004     motor.o (.bss.Velocity_A.Last_biasA)
                  202004f4    00000004     motor.o (.bss.Velocity_B.ControlVelocityB)
                  202004f8    00000004     motor.o (.bss.Velocity_B.Last_biasB)
                  202004fc    00000004     (.common:Get_Encoder_countA)
                  20200500    00000004     (.common:Get_Encoder_countB)
                  20200504    00000004     (.common:PWMA)
                  20200508    00000004     (.common:PWMB)
                  2020050c    00000004     (.common:Pitch)
                  20200510    00000004     (.common:Roll)
                  20200514    00000004     (.common:Yaw)
                  20200518    00000004     (.common:encoderA_cnt)
                  2020051c    00000004     (.common:encoderB_cnt)
                  20200520    00000004     (.common:gpio_interrup1)
                  20200524    00000004     (.common:gpio_interrup2)
                  20200528    00000002     key.o (.bss.click_N_Double.Forever_count)
                  2020052a    00000002     key.o (.bss.click_N_Double.count_single)
                  2020052c    00000002     (.common:sensors)
                  2020052e    00000001     key.o (.bss.click_N_Double.count_key)
                  2020052f    00000001     key.o (.bss.click_N_Double.flag_key)

.data      0    20200530    00000199     UNINITIALIZED
                  20200530    000000f0     libc.a : defs.c.obj (.data._ftable)
                  20200620    0000002c     inv_mpu.o (.data.st)
                  2020064c    00000024     MPU6050.o (.data.mpu6050)
                  20200670    00000018     bsp_iic.o (.data.User_sIICDev)
                  20200688    00000004     empty.o (.data.Flag_Stop)
                  2020068c    00000004     motor.o (.data.Velcity_Ki)
                  20200690    00000004     motor.o (.data.Velcity_Kp)
                  20200694    00000004     libc.a : aeabi_portable.c.obj (.data.__aeabi_errno)
                  20200698    00000004            : _lock.c.obj (.data._lock)
                  2020069c    00000004            : _lock.c.obj (.data._unlock)
                  202006a0    00000004     inv_mpu_dmp_motion_driver.o (.data.dmp.0)
                  202006a4    00000004     inv_mpu_dmp_motion_driver.o (.data.dmp.1)
                  202006a8    00000004     MPU6050.o (.data.q0)
                  202006ac    00000004     MPU6050.o (.data.q1)
                  202006b0    00000004     MPU6050.o (.data.q2)
                  202006b4    00000004     MPU6050.o (.data.q3)
                  202006b8    00000004     empty.o (.data.yaw_offset)
                  202006bc    00000002     inv_mpu_dmp_motion_driver.o (.data.dmp.2)
                  202006be    00000002     empty.o (.data.main.grey_cnt)
                  202006c0    00000002     inv_mpu_dmp_motion_driver.o (.data.dmp.3)
                  202006c2    00000001     key.o (.data.click_N_Double.double_key)
                  202006c3    00000001     empty.o (.data.proto_idx)
                  202006c4    00000002     inv_mpu_dmp_motion_driver.o (.data.dmp.4)
                  202006c6    00000001     inv_mpu_dmp_motion_driver.o (.data.dmp.5)
                  202006c7    00000001     empty.o (.data.yaw_calibed)
                  202006c8    00000001     empty.o (.data.yaw_reset_req)

.stack     0    20207e00    00000200     UNINITIALIZED
                  20207e00    00000004     libc.a : boot_cortex_m.c.obj (.stack)
                  20207e04    000001fc     --HOLE--

__llvm_prf_cnts 
*          0    20200000    00000000     UNINITIALIZED

__llvm_prf_bits 
*          0    20200000    00000000     UNINITIALIZED

MODULE SUMMARY

       Module                         code    ro data   rw data
       ------                         ----    -------   -------
    ./
       ti_msp_dl_config.o             1716    88        188    
       empty.o                        1424    96        49     
       startup_mspm0g350x_ticlang.o   6       192       0      
    +--+------------------------------+-------+---------+---------+
       Total:                         3146    376       237    
                                                               
    ./Hardware/
       oled.o                         12204   2660      1024   
       inv_mpu.o                      7230    280       44     
       inv_mpu_dmp_motion_driver.o    2220    3068      15     
       MPU6050.o                      1268    297       92     
       board.o                        812     0         0      
       bsp_iic.o                      760     0         24     
       motor.o                        366     0         24     
       grey.o                         316     0         0      
       encoder.o                      192     0         16     
       key.o                          192     0         7      
       led.o                          52      0         2      
    +--+------------------------------+-------+---------+---------+
       Total:                         25612   6305      1248   
                                                               
    /home/arch/ti/mspm0_sdk_2_10_00_04/source/ti/driverlib/lib/ticlang/m0p/mspm0g1x0x_g3x0x/driverlib.a
       dl_timer.o                     608     0         0      
       dl_sysctl_mspm0g1x0x_g3x0x.o   316     0         0      
       dl_i2c.o                       192     0         0      
       dl_uart.o                      138     0         0      
       dl_common.o                    10      0         0      
    +--+------------------------------+-------+---------+---------+
       Total:                         1264    0         0      
                                                               
    /opt/ccstudio/ccs/tools/compiler/ti-cgt-armllvm_4.0.4.LTS/lib/armv6m-ti-none-eabi/c/libc.a
       _printfi.c.obj                 2166    34        0      
       e_asin.c.obj                   908     0         0      
       s_atan.c.obj                   784     64        0      
       e_atan2.c.obj                  392     0         0      
       e_sqrt.c.obj                   368     0         0      
       aeabi_ctype.S.obj              0       257       0      
       defs.c.obj                     0       0         240    
       memcpy16.S.obj                 154     0         0      
       copy_decompress_lzss.c.obj     124     0         0      
       printf.c.obj                   108     0         0      
       memset16.S.obj                 98      0         0      
       atoi.c.obj                     64      0         0      
       autoinit.c.obj                 60      0         0      
       boot_cortex_m.c.obj            40      0         0      
       memccpy.c.obj                  34      0         0      
       copy_decompress_none.c.obj     18      0         0      
       copy_zero_init.c.obj           16      0         0      
       wcslen.c.obj                   16      0         0      
       aeabi_portable.c.obj           8       0         4      
       _lock.c.obj                    2       0         8      
       exit.c.obj                     6       0         0      
       pre_init.c.obj                 4       0         0      
    +--+------------------------------+-------+---------+---------+
       Total:                         5370    355       252    
                                                               
    /opt/ccstudio/ccs/tools/compiler/ti-cgt-armllvm_4.0.4.LTS/lib/armv6m-ti-none-eabi/c/libsysbm.a
       hostexit.c.obj                 4       0         0      
    +--+------------------------------+-------+---------+---------+
       Total:                         4       0         0      
                                                               
    /opt/ccstudio/ccs/tools/compiler/ti-cgt-armllvm_4.0.4.LTS/lib/armv6m-ti-none-eabi/libclang_rt.builtins.a
       adddf3.S.obj                   418     0         0      
       divdf3.S.obj                   284     0         0      
       muldf3.S.obj                   244     0         0      
       comparedf2.c.obj               220     0         0      
       addsf3.S.obj                   216     0         0      
       udivmoddi4.S.obj               162     0         0      
       mulsf3.S.obj                   140     0         0      
       divsf3.S.obj                   130     0         0      
       comparesf2.S.obj               118     0         0      
       truncdfsf2.S.obj               116     0         0      
       aeabi_dcmp.S.obj               98      0         0      
       aeabi_fcmp.S.obj               98      0         0      
       aeabi_idivmod.S.obj            86      0         0      
       aeabi_uidivmod.S.obj           64      0         0      
       extendsfdf2.S.obj              64      0         0      
       divmoddi4.c.obj                62      0         0      
       floatsisf.S.obj                60      0         0      
       muldsi3.S.obj                  58      0         0      
       fixsfsi.S.obj                  56      0         0      
       floatunsisf.S.obj              40      0         0      
       muldi3.S.obj                   36      0         0      
       ashldi3.S.obj                  30      0         0      
       aeabi_memset.S.obj             26      0         0      
       aeabi_ldivmod.S.obj            20      0         0      
       aeabi_uldivmod.S.obj           20      0         0      
       aeabi_memcpy.S.obj             8       0         0      
       aeabi_div0.c.obj               4       0         0      
    +--+------------------------------+-------+---------+---------+
       Total:                         2878    0         0      
                                                               
       Stack:                         0       0         512    
       Linker Generated:              0       138       0      
    +--+------------------------------+-------+---------+---------+
       Grand Total:                   38274   7174      2249   


LINKER GENERATED COPY TABLES

__TI_cinit_table @ 0000b1ac records: 2, size/record: 8, table size: 16
	.data: load addr=0000b130, load size=00000066 bytes, run addr=20200530, run size=00000199 bytes, compression=lzss
	.bss: load addr=0000b1a4, load size=00000008 bytes, run addr=20200000, run size=00000530 bytes, compression=zero_init


LINKER GENERATED HANDLER TABLE

__TI_handler_table @ 0000b198 records: 3, size/record: 4, table size: 12
	index: 0, handler: __TI_decompress_lzss
	index: 1, handler: __TI_decompress_none
	index: 2, handler: __TI_zero_init


FAR CALL TRAMPOLINES

callee name               trampoline name
   callee addr  tramp addr   call addr  call info
--------------  -----------  ---------  ----------------
__aeabi_dmul              $Tramp$TT$L$PI$$__aeabi_dmul
   00007589     000095a8     000095a6   libc.a : e_asin.c.obj (.text.OUTLINED_FUNCTION_0)
                             000095c0          : s_atan.c.obj (.text.OUTLINED_FUNCTION_0)
                             000095ca          : e_asin.c.obj (.text.OUTLINED_FUNCTION_1)
                             000095f6          : s_atan.c.obj (.text.OUTLINED_FUNCTION_2)
                             00009634          : e_asin.c.obj (.text.OUTLINED_FUNCTION_2)
__aeabi_ddiv              $Tramp$TT$L$PI$$__aeabi_ddiv
   00006c91     000095d8     000095d4   libc.a : e_asin.c.obj (.text.OUTLINED_FUNCTION_3)
__aeabi_dadd              $Tramp$TT$L$PI$$__aeabi_dadd
   000061cf     00009620     0000961c   libc.a : s_atan.c.obj (.text.OUTLINED_FUNCTION_1)
                             0000964a          : e_asin.c.obj (.text.OUTLINED_FUNCTION_4)

[3 trampolines]
[8 trampoline calls]


GLOBAL SYMBOLS: SORTED ALPHABETICALLY BY Name 

address   name                                 
-------   ----                                 
00006357  ADC0_IRQHandler                      
00006357  ADC1_IRQHandler                      
00006357  AES_IRQHandler                       
0000963c  C$$EXIT                              
00006357  CANFD0_IRQHandler                    
00006357  DAC0_IRQHandler                      
00009595  DL_Common_delayCycles                
00008c2d  DL_I2C_fillControllerTXFIFO          
00009011  DL_I2C_flushControllerTXFIFO         
00009391  DL_I2C_setClockConfig                
00009441  DL_SYSCTL_configFCC                  
00007751  DL_SYSCTL_configSYSPLL               
00008ecd  DL_SYSCTL_switchMCLKfromSYSOSCtoHSCLK
00006fb5  DL_Timer_initFourCCPWMMode           
000070b9  DL_Timer_initTimerMode               
0000945d  DL_Timer_setCaptCompUpdateMethod     
000094cd  DL_Timer_setCaptureCompareOutCtl     
00009549  DL_Timer_setCaptureCompareValue      
00009479  DL_Timer_setClockConfig              
00008e3d  DL_UART_init                         
00009525  DL_UART_setClockConfig               
00009285  DL_UART_transmitDataBlocking         
00006357  DMA_IRQHandler                       
0000602d  DMP_Init                             
00006357  Default_Handler                      
00007b6d  Encoder_IRQ_Handler                  
20200688  Flag_Stop                            
00006357  GROUP0_IRQHandler                    
00008401  GROUP1_IRQHandler                    
202004fc  Get_Encoder_countA                   
20200500  Get_Encoder_countB                   
0000963d  HOSTexit                             
00006357  HardFault_Handler                    
00006357  I2C0_IRQHandler                      
00006357  I2C1_IRQHandler                      
00007c2d  Key                                  
000091e9  LED_Flash                            
000067c5  MPU6050_initialize                   
00006357  NMI_Handler                          
00001d61  OLED_Clear                           
20200000  OLED_GRAM                            
000000c1  OLED_Init                            
000053dd  OLED_Refresh_Gram                    
000064e1  OLED_ShowChar                        
000039a1  OLED_ShowNumber                      
00001091  OLED_ShowString                      
20200504  PWMA                                 
20200508  PWMB                                 
00006357  PendSV_Handler                       
2020050c  Pitch                                
00006357  RTC_IRQHandler                       
000055e5  Read_DMP                             
0000964d  Reset_Handler                        
20200510  Roll                                 
00006357  SPI0_IRQHandler                      
00006357  SPI1_IRQHandler                      
00006357  SVC_Handler                          
00006b75  SYSCFG_DL_GPIO_init                  
00008d41  SYSCFG_DL_I2C_0_init                 
00008495  SYSCFG_DL_PWM_0_init                 
00004ed1  SYSCFG_DL_SYSCTL_SYSPLL_init         
00007e5d  SYSCFG_DL_SYSCTL_init                
00009401  SYSCFG_DL_SYSTICK_init               
00009179  SYSCFG_DL_TIMER_0_init               
00008639  SYSCFG_DL_UART_0_init                
000092b5  SYSCFG_DL_init                       
00008d95  SYSCFG_DL_initPower                  
00008de9  Set_PWM                              
00006357  SysTick_Handler                      
00006357  TIMA0_IRQHandler                     
00006357  TIMA1_IRQHandler                     
00008059  TIMG0_IRQHandler                     
00006357  TIMG12_IRQHandler                    
00006357  TIMG6_IRQHandler                     
00006357  TIMG7_IRQHandler                     
00006357  TIMG8_IRQHandler                     
00007905  UART0_IRQHandler                     
00006357  UART1_IRQHandler                     
00006357  UART2_IRQHandler                     
00006357  UART3_IRQHandler                     
20200670  User_sIICDev                         
2020068c  Velcity_Ki                           
20200690  Velcity_Kp                           
000087c5  Velocity_A                           
00008845  Velocity_B                           
20200514  Yaw                                  
20208000  __STACK_END                          
00000200  __STACK_SIZE                         
00000000  __TI_ATRegion0_region_sz             
00000000  __TI_ATRegion0_src_addr              
00000000  __TI_ATRegion0_trg_addr              
00000000  __TI_ATRegion1_region_sz             
00000000  __TI_ATRegion1_src_addr              
00000000  __TI_ATRegion1_trg_addr              
00000000  __TI_ATRegion2_region_sz             
00000000  __TI_ATRegion2_src_addr              
00000000  __TI_ATRegion2_trg_addr              
0000b1ac  __TI_CINIT_Base                      
0000b1bc  __TI_CINIT_Limit                     
0000b1bc  __TI_CINIT_Warm                      
0000b198  __TI_Handler_Table_Base              
0000b1a4  __TI_Handler_Table_Limit             
000090c5  __TI_auto_init_nobinit_nopinit       
000088c5  __TI_decompress_lzss                 
00009537  __TI_decompress_none                 
ffffffff  __TI_pprof_out_hndl                  
00003139  __TI_printfi_nofloat                 
ffffffff  __TI_prof_data_size                  
ffffffff  __TI_prof_data_start                 
00000000  __TI_static_base__                   
00009569  __TI_zero_init                       
000061cf  __adddf3                             
00007837  __addsf3                             
0000acc0  __aeabi_ctype_table_                 
0000acc0  __aeabi_ctype_table_C                
000089c1  __aeabi_d2f                          
000061cf  __aeabi_dadd                         
00008b05  __aeabi_dcmpeq                       
00008b41  __aeabi_dcmpge                       
00008b55  __aeabi_dcmpgt                       
00008b2d  __aeabi_dcmple                       
00008b19  __aeabi_dcmplt                       
00006c91  __aeabi_ddiv                         
00007589  __aeabi_dmul                         
000061c5  __aeabi_dsub                         
20200694  __aeabi_errno                        
000095f9  __aeabi_errno_addr                   
00008f51  __aeabi_f2d                          
000091b1  __aeabi_f2iz                         
00007837  __aeabi_fadd                         
00008b69  __aeabi_fcmpeq                       
00008ba5  __aeabi_fcmpge                       
00008bb9  __aeabi_fcmpgt                       
00008b91  __aeabi_fcmple                       
00008b7d  __aeabi_fcmplt                       
00008741  __aeabi_fdiv                         
00008521  __aeabi_fmul                         
0000782d  __aeabi_fsub                         
0000904d  __aeabi_i2f                          
00008ce9  __aeabi_idiv                         
000087c3  __aeabi_idiv0                        
00008ce9  __aeabi_idivmod                      
00008b67  __aeabi_ldiv0                        
000094fd  __aeabi_ldivmod                      
00009421  __aeabi_llsl                         
000093b9  __aeabi_lmul                         
000089b5  __aeabi_memclr                       
000089b5  __aeabi_memclr4                      
000089b5  __aeabi_memclr8                      
00009601  __aeabi_memcpy                       
00009601  __aeabi_memcpy4                      
00009601  __aeabi_memcpy8                      
00009579  __aeabi_memset                       
00009579  __aeabi_memset4                      
00009579  __aeabi_memset8                      
00009341  __aeabi_ui2f                         
00008f11  __aeabi_uidiv                        
00008f11  __aeabi_uidivmod                     
00009511  __aeabi_uldivmod                     
00009421  __ashldi3                            
ffffffff  __binit__                            
00008a35  __cmpdf2                             
00009101  __cmpsf2                             
00006c91  __divdf3                             
00008fd1  __divmoddi4                          
00008741  __divsf3                             
00008a35  __eqdf2                              
00009101  __eqsf2                              
00008f51  __extendsfdf2                        
000091b1  __fixsfsi                            
0000904d  __floatsisf                          
00009341  __floatunsisf                        
00008941  __gedf2                              
00009089  __gesf2                              
00008941  __gtdf2                              
00009089  __gtsf2                              
00008a35  __ledf2                              
00009101  __lesf2                              
00008a35  __ltdf2                              
00009101  __ltsf2                              
UNDEFED   __mpu_init                           
00007589  __muldf3                             
000093b9  __muldi3                             
0000913d  __muldsi3                            
00008521  __mulsf3                             
00008a35  __nedf2                              
00009101  __nesf2                              
20207e00  __stack                              
20200000  __start___llvm_prf_bits              
20200000  __start___llvm_prf_cnts              
20200000  __stop___llvm_prf_bits               
20200000  __stop___llvm_prf_cnts               
000061c5  __subdf3                             
0000782d  __subsf3                             
000089c1  __truncdfsf2                         
000080fd  __udivmoddi4                         
00009369  _c_int00_noargs                      
20200530  _ftable                              
20200698  _lock                                
00008c8b  _nop                                 
UNDEFED   _system_post_cinit                   
00009651  _system_pre_init                     
2020069c  _unlock                              
00009637  abort                                
202004de  accel                                
000045c5  asin                                 
000045c5  asinl                                
00004929  atan                                 
00006359  atan2                                
00006359  atan2l                               
00004929  atanl                                
00008f91  atoi                                 
ffffffff  binit                                
202004d0  buffer                               
000057e9  delay_ms                             
00004c21  dmp_enable_feature                   
00009495  dmp_load_motion_driver_firmware      
000059a9  dmp_read_fifo                        
00007ced  dmp_set_accel_bias                   
00008a9d  dmp_set_fifo_rate                    
000073ad  dmp_set_gyro_bias                    
0000749d  dmp_set_orientation                  
0000691d  dmp_set_tap_thresh                   
20200518  encoderA_cnt                         
2020051c  encoderB_cnt                         
00009315  fputc                                
00008239  fputs                                
20200400  gPWM_0Backup                         
20200520  gpio_interrup1                       
20200524  gpio_interrup2                       
000092e5  grey_init                            
00006d9d  grey_read_digital                    
202004e4  gyro                                 
0000b0ec  hw                                   
00000000  interruptVectors                     
000094b1  limit_PWM                            
00004241  main                                 
000093dd  memccpy                              
0000819f  memcpy                               
00008bcb  memset                               
2020064c  mpu6050                              
000082d1  mpu6050_i2c_sda_unlock               
00007aa9  mpu_configure_fifo                   
0000921d  mpu_get_accel_fsr                    
00009251  mpu_get_accel_sens                   
00008e85  mpu_get_gyro_sens                    
00005b51  mpu_init                             
00005e91  mpu_load_firmware                    
00005179  mpu_lp_accel_mode                    
000079d9  mpu_read_fifo_stream                 
00005cf1  mpu_reset_fifo                       
000027f1  mpu_run_self_test                    
00008369  mpu_set_accel_fsr                    
00006a51  mpu_set_bypass                       
00006ea9  mpu_set_dmp_state                    
000085ad  mpu_set_lpf                          
000071b5  mpu_set_sample_rate                  
000072b1  mpu_set_sensors                      
000086bd  mpu_write_mem                        
0000766d  mspm0_i2c_read                       
00008d3f  myget_ms                             
0000a846  oled_asc2_1206                       
0000a256  oled_asc2_1608                       
00008c8d  printf                               
00007f0d  puts                                 
202006a8  q0                                   
202006ac  q1                                   
202006b0  q2                                   
202006b4  q3                                   
0000b032  reg                                  
2020052c  sensors                              
00006655  sqrt                                 
00006655  sqrtl                                
0000aeac  test                                 
00009559  wcslen                               


GLOBAL SYMBOLS: SORTED BY Symbol Address 

address   name                                 
-------   ----                                 
00000000  __TI_ATRegion0_region_sz             
00000000  __TI_ATRegion0_src_addr              
00000000  __TI_ATRegion0_trg_addr              
00000000  __TI_ATRegion1_region_sz             
00000000  __TI_ATRegion1_src_addr              
00000000  __TI_ATRegion1_trg_addr              
00000000  __TI_ATRegion2_region_sz             
00000000  __TI_ATRegion2_src_addr              
00000000  __TI_ATRegion2_trg_addr              
00000000  __TI_static_base__                   
00000000  interruptVectors                     
000000c1  OLED_Init                            
00000200  __STACK_SIZE                         
00001091  OLED_ShowString                      
00001d61  OLED_Clear                           
000027f1  mpu_run_self_test                    
00003139  __TI_printfi_nofloat                 
000039a1  OLED_ShowNumber                      
00004241  main                                 
000045c5  asin                                 
000045c5  asinl                                
00004929  atan                                 
00004929  atanl                                
00004c21  dmp_enable_feature                   
00004ed1  SYSCFG_DL_SYSCTL_SYSPLL_init         
00005179  mpu_lp_accel_mode                    
000053dd  OLED_Refresh_Gram                    
000055e5  Read_DMP                             
000057e9  delay_ms                             
000059a9  dmp_read_fifo                        
00005b51  mpu_init                             
00005cf1  mpu_reset_fifo                       
00005e91  mpu_load_firmware                    
0000602d  DMP_Init                             
000061c5  __aeabi_dsub                         
000061c5  __subdf3                             
000061cf  __adddf3                             
000061cf  __aeabi_dadd                         
00006357  ADC0_IRQHandler                      
00006357  ADC1_IRQHandler                      
00006357  AES_IRQHandler                       
00006357  CANFD0_IRQHandler                    
00006357  DAC0_IRQHandler                      
00006357  DMA_IRQHandler                       
00006357  Default_Handler                      
00006357  GROUP0_IRQHandler                    
00006357  HardFault_Handler                    
00006357  I2C0_IRQHandler                      
00006357  I2C1_IRQHandler                      
00006357  NMI_Handler                          
00006357  PendSV_Handler                       
00006357  RTC_IRQHandler                       
00006357  SPI0_IRQHandler                      
00006357  SPI1_IRQHandler                      
00006357  SVC_Handler                          
00006357  SysTick_Handler                      
00006357  TIMA0_IRQHandler                     
00006357  TIMA1_IRQHandler                     
00006357  TIMG12_IRQHandler                    
00006357  TIMG6_IRQHandler                     
00006357  TIMG7_IRQHandler                     
00006357  TIMG8_IRQHandler                     
00006357  UART1_IRQHandler                     
00006357  UART2_IRQHandler                     
00006357  UART3_IRQHandler                     
00006359  atan2                                
00006359  atan2l                               
000064e1  OLED_ShowChar                        
00006655  sqrt                                 
00006655  sqrtl                                
000067c5  MPU6050_initialize                   
0000691d  dmp_set_tap_thresh                   
00006a51  mpu_set_bypass                       
00006b75  SYSCFG_DL_GPIO_init                  
00006c91  __aeabi_ddiv                         
00006c91  __divdf3                             
00006d9d  grey_read_digital                    
00006ea9  mpu_set_dmp_state                    
00006fb5  DL_Timer_initFourCCPWMMode           
000070b9  DL_Timer_initTimerMode               
000071b5  mpu_set_sample_rate                  
000072b1  mpu_set_sensors                      
000073ad  dmp_set_gyro_bias                    
0000749d  dmp_set_orientation                  
00007589  __aeabi_dmul                         
00007589  __muldf3                             
0000766d  mspm0_i2c_read                       
00007751  DL_SYSCTL_configSYSPLL               
0000782d  __aeabi_fsub                         
0000782d  __subsf3                             
00007837  __addsf3                             
00007837  __aeabi_fadd                         
00007905  UART0_IRQHandler                     
000079d9  mpu_read_fifo_stream                 
00007aa9  mpu_configure_fifo                   
00007b6d  Encoder_IRQ_Handler                  
00007c2d  Key                                  
00007ced  dmp_set_accel_bias                   
00007e5d  SYSCFG_DL_SYSCTL_init                
00007f0d  puts                                 
00008059  TIMG0_IRQHandler                     
000080fd  __udivmoddi4                         
0000819f  memcpy                               
00008239  fputs                                
000082d1  mpu6050_i2c_sda_unlock               
00008369  mpu_set_accel_fsr                    
00008401  GROUP1_IRQHandler                    
00008495  SYSCFG_DL_PWM_0_init                 
00008521  __aeabi_fmul                         
00008521  __mulsf3                             
000085ad  mpu_set_lpf                          
00008639  SYSCFG_DL_UART_0_init                
000086bd  mpu_write_mem                        
00008741  __aeabi_fdiv                         
00008741  __divsf3                             
000087c3  __aeabi_idiv0                        
000087c5  Velocity_A                           
00008845  Velocity_B                           
000088c5  __TI_decompress_lzss                 
00008941  __gedf2                              
00008941  __gtdf2                              
000089b5  __aeabi_memclr                       
000089b5  __aeabi_memclr4                      
000089b5  __aeabi_memclr8                      
000089c1  __aeabi_d2f                          
000089c1  __truncdfsf2                         
00008a35  __cmpdf2                             
00008a35  __eqdf2                              
00008a35  __ledf2                              
00008a35  __ltdf2                              
00008a35  __nedf2                              
00008a9d  dmp_set_fifo_rate                    
00008b05  __aeabi_dcmpeq                       
00008b19  __aeabi_dcmplt                       
00008b2d  __aeabi_dcmple                       
00008b41  __aeabi_dcmpge                       
00008b55  __aeabi_dcmpgt                       
00008b67  __aeabi_ldiv0                        
00008b69  __aeabi_fcmpeq                       
00008b7d  __aeabi_fcmplt                       
00008b91  __aeabi_fcmple                       
00008ba5  __aeabi_fcmpge                       
00008bb9  __aeabi_fcmpgt                       
00008bcb  memset                               
00008c2d  DL_I2C_fillControllerTXFIFO          
00008c8b  _nop                                 
00008c8d  printf                               
00008ce9  __aeabi_idiv                         
00008ce9  __aeabi_idivmod                      
00008d3f  myget_ms                             
00008d41  SYSCFG_DL_I2C_0_init                 
00008d95  SYSCFG_DL_initPower                  
00008de9  Set_PWM                              
00008e3d  DL_UART_init                         
00008e85  mpu_get_gyro_sens                    
00008ecd  DL_SYSCTL_switchMCLKfromSYSOSCtoHSCLK
00008f11  __aeabi_uidiv                        
00008f11  __aeabi_uidivmod                     
00008f51  __aeabi_f2d                          
00008f51  __extendsfdf2                        
00008f91  atoi                                 
00008fd1  __divmoddi4                          
00009011  DL_I2C_flushControllerTXFIFO         
0000904d  __aeabi_i2f                          
0000904d  __floatsisf                          
00009089  __gesf2                              
00009089  __gtsf2                              
000090c5  __TI_auto_init_nobinit_nopinit       
00009101  __cmpsf2                             
00009101  __eqsf2                              
00009101  __lesf2                              
00009101  __ltsf2                              
00009101  __nesf2                              
0000913d  __muldsi3                            
00009179  SYSCFG_DL_TIMER_0_init               
000091b1  __aeabi_f2iz                         
000091b1  __fixsfsi                            
000091e9  LED_Flash                            
0000921d  mpu_get_accel_fsr                    
00009251  mpu_get_accel_sens                   
00009285  DL_UART_transmitDataBlocking         
000092b5  SYSCFG_DL_init                       
000092e5  grey_init                            
00009315  fputc                                
00009341  __aeabi_ui2f                         
00009341  __floatunsisf                        
00009369  _c_int00_noargs                      
00009391  DL_I2C_setClockConfig                
000093b9  __aeabi_lmul                         
000093b9  __muldi3                             
000093dd  memccpy                              
00009401  SYSCFG_DL_SYSTICK_init               
00009421  __aeabi_llsl                         
00009421  __ashldi3                            
00009441  DL_SYSCTL_configFCC                  
0000945d  DL_Timer_setCaptCompUpdateMethod     
00009479  DL_Timer_setClockConfig              
00009495  dmp_load_motion_driver_firmware      
000094b1  limit_PWM                            
000094cd  DL_Timer_setCaptureCompareOutCtl     
000094fd  __aeabi_ldivmod                      
00009511  __aeabi_uldivmod                     
00009525  DL_UART_setClockConfig               
00009537  __TI_decompress_none                 
00009549  DL_Timer_setCaptureCompareValue      
00009559  wcslen                               
00009569  __TI_zero_init                       
00009579  __aeabi_memset                       
00009579  __aeabi_memset4                      
00009579  __aeabi_memset8                      
00009595  DL_Common_delayCycles                
000095f9  __aeabi_errno_addr                   
00009601  __aeabi_memcpy                       
00009601  __aeabi_memcpy4                      
00009601  __aeabi_memcpy8                      
00009637  abort                                
0000963c  C$$EXIT                              
0000963d  HOSTexit                             
0000964d  Reset_Handler                        
00009651  _system_pre_init                     
0000a256  oled_asc2_1608                       
0000a846  oled_asc2_1206                       
0000acc0  __aeabi_ctype_table_                 
0000acc0  __aeabi_ctype_table_C                
0000aeac  test                                 
0000b032  reg                                  
0000b0ec  hw                                   
0000b198  __TI_Handler_Table_Base              
0000b1a4  __TI_Handler_Table_Limit             
0000b1ac  __TI_CINIT_Base                      
0000b1bc  __TI_CINIT_Limit                     
0000b1bc  __TI_CINIT_Warm                      
20200000  OLED_GRAM                            
20200000  __start___llvm_prf_bits              
20200000  __start___llvm_prf_cnts              
20200000  __stop___llvm_prf_bits               
20200000  __stop___llvm_prf_cnts               
20200400  gPWM_0Backup                         
202004d0  buffer                               
202004de  accel                                
202004e4  gyro                                 
202004fc  Get_Encoder_countA                   
20200500  Get_Encoder_countB                   
20200504  PWMA                                 
20200508  PWMB                                 
2020050c  Pitch                                
20200510  Roll                                 
20200514  Yaw                                  
20200518  encoderA_cnt                         
2020051c  encoderB_cnt                         
20200520  gpio_interrup1                       
20200524  gpio_interrup2                       
2020052c  sensors                              
20200530  _ftable                              
2020064c  mpu6050                              
20200670  User_sIICDev                         
20200688  Flag_Stop                            
2020068c  Velcity_Ki                           
20200690  Velcity_Kp                           
20200694  __aeabi_errno                        
20200698  _lock                                
2020069c  _unlock                              
202006a8  q0                                   
202006ac  q1                                   
202006b0  q2                                   
202006b4  q3                                   
20207e00  __stack                              
20208000  __STACK_END                          
ffffffff  __TI_pprof_out_hndl                  
ffffffff  __TI_prof_data_size                  
ffffffff  __TI_prof_data_start                 
ffffffff  __binit__                            
ffffffff  binit                                
UNDEFED   __mpu_init                           
UNDEFED   _system_post_cinit                   

[275 symbols]
