******************************************************************************
            TI ARM Clang Linker Unix v4.0.4                    
******************************************************************************
>> Linked Wed Jun 17 18:41:08 2026

OUTPUT FILE NAME:   <TI-M0G3507-V1.1-LUNQU.out>
ENTRY POINT SYMBOL: "_c_int00_noargs"  address: 00009319


MEMORY CONFIGURATION

         name            origin    length      used     unused   attr    fill
----------------------  --------  ---------  --------  --------  ----  --------
  FLASH                 00000000   00020000  0000b170  00014e90  R  X
  SRAM                  20200000   00008000  000008c9  00007737  RW X
  BCR_CONFIG            41c00000   000000ff  00000000  000000ff  R   
  BSL_CONFIG            41c00100   00000080  00000000  00000080  R   


SEGMENT ALLOCATION MAP

run origin  load origin   length   init length attrs members
----------  ----------- ---------- ----------- ----- -------
00000000    00000000    0000b170   0000b170    r-x
  00000000    00000000    000000c0   000000c0    r-- .intvecs
  000000c0    000000c0    00009550   00009550    r-x .text
  00009610    00009610    00001ad0   00001ad0    r-- .rodata
  0000b0e0    0000b0e0    00000090   00000090    r-- .cinit
20200000    20200000    000006c9   00000000    rw-
  20200000    20200000    00000530   00000000    rw- .bss
  20200530    20200530    00000199   00000000    rw- .data
20207e00    20207e00    00000200   00000000    rw-
  20207e00    20207e00    00000200   00000000    rw- .stack


SECTION ALLOCATION MAP

 output                                  attributes/
section   page    origin      length       input sections
--------  ----  ----------  ----------   ----------------
.intvecs   0    00000000    000000c0     
                  00000000    000000c0     startup_mspm0g350x_ticlang.o (.intvecs)

.text      0    000000c0    00009550     
                  000000c0    00000fd0     oled.o (.text.OLED_Init)
                  00001090    00000cd0     oled.o (.text.OLED_ShowString)
                  00001d60    00000a90     oled.o (.text.OLED_Clear)
                  000027f0    00000948     inv_mpu.o (.text.mpu_run_self_test)
                  00003138    00000868     libc.a : _printfi.c.obj (.text:__TI_printfi_nofloat)
                  000039a0    00000500     oled.o (.text.OLED_ShowNumber)
                  00003ea0    000003a0     inv_mpu.o (.text.get_st_biases)
                  00004240    00000364     libc.a : e_asin.c.obj (.text.asin)
                  000045a4    00000340     empty.o (.text.main)
                  000048e4    000002f8     libc.a : s_atan.c.obj (.text.atan)
                  00004bdc    000002b0     inv_mpu_dmp_motion_driver.o (.text.dmp_enable_feature)
                  00004e8c    000002a8     ti_msp_dl_config.o (.text.SYSCFG_DL_SYSCTL_SYSPLL_init)
                  00005134    00000264     inv_mpu.o (.text.mpu_lp_accel_mode)
                  00005398    00000208     oled.o (.text.OLED_Refresh_Gram)
                  000055a0    00000204     MPU6050.o (.text.Read_DMP)
                  000057a4    000001c0     board.o (.text.delay_ms)
                  00005964    000001a8     inv_mpu_dmp_motion_driver.o (.text.dmp_read_fifo)
                  00005b0c    000001a0     inv_mpu.o (.text.mpu_init)
                  00005cac    000001a0     inv_mpu.o (.text.mpu_reset_fifo)
                  00005e4c    0000019c     inv_mpu.o (.text.mpu_load_firmware)
                  00005fe8    00000198     MPU6050.o (.text.DMP_Init)
                  00006180    00000192     libclang_rt.builtins.a : adddf3.S.obj (.text.adddf3_subdf3)
                  00006312    00000002     startup_mspm0g350x_ticlang.o (.text.Default_Handler)
                  00006314    00000188     libc.a : e_atan2.c.obj (.text.atan2)
                  0000649c    00000174     oled.o (.text.OLED_ShowChar)
                  00006610    00000170     libc.a : e_sqrt.c.obj (.text.sqrt)
                  00006780    00000158     MPU6050.o (.text.MPU6050_initialize)
                  000068d8    00000134     inv_mpu_dmp_motion_driver.o (.text.dmp_set_tap_thresh)
                  00006a0c    00000124     inv_mpu.o (.text.mpu_set_bypass)
                  00006b30    0000011c     ti_msp_dl_config.o (.text.SYSCFG_DL_GPIO_init)
                  00006c4c    0000010c     libclang_rt.builtins.a : divdf3.S.obj (.text.__divdf3)
                  00006d58    0000010c     grey.o (.text.grey_read_digital)
                  00006e64    0000010c     inv_mpu.o (.text.mpu_set_dmp_state)
                  00006f70    00000104     driverlib.a : dl_timer.o (.text.DL_Timer_initFourCCPWMMode)
                  00007074    000000fc                 : dl_timer.o (.text.DL_Timer_initTimerMode)
                  00007170    000000fc     inv_mpu.o (.text.mpu_set_sample_rate)
                  0000726c    000000fc     inv_mpu.o (.text.mpu_set_sensors)
                  00007368    000000f0     inv_mpu_dmp_motion_driver.o (.text.dmp_set_gyro_bias)
                  00007458    000000ec     inv_mpu_dmp_motion_driver.o (.text.dmp_set_orientation)
                  00007544    000000e4     libclang_rt.builtins.a : muldf3.S.obj (.text.__muldf3)
                  00007628    000000e4     bsp_iic.o (.text.mspm0_i2c_read)
                  0000770c    000000dc     driverlib.a : dl_sysctl_mspm0g1x0x_g3x0x.o (.text.DL_SYSCTL_configSYSPLL)
                  000077e8    000000d8     libclang_rt.builtins.a : addsf3.S.obj (.text)
                  000078c0    000000d4     empty.o (.text.UART0_IRQHandler)
                  00007994    000000d0     inv_mpu.o (.text.mpu_read_fifo_stream)
                  00007a64    000000c4     inv_mpu.o (.text.mpu_configure_fifo)
                  00007b28    000000c0     encoder.o (.text.Encoder_IRQ_Handler)
                  00007be8    000000c0     key.o (.text.Key)
                  00007ca8    000000c0     inv_mpu_dmp_motion_driver.o (.text.dmp_set_accel_bias)
                  00007d68    000000b0     bsp_iic.o (.text.HW_IIC_Mem_Write)
                  00007e18    000000b0     ti_msp_dl_config.o (.text.SYSCFG_DL_SYSCTL_init)
                  00007ec8    000000a8     board.o (.text.puts)
                  00007f70    000000a4     bsp_iic.o (.text.HW_iic_init)
                  00008014    000000a4     empty.o (.text.TIMG0_IRQHandler)
                  000080b8    000000a2     libclang_rt.builtins.a : udivmoddi4.S.obj (.text)
                  0000815a    0000009a     libc.a : memcpy16.S.obj (.text:memcpy)
                  000081f4    00000098     board.o (.text.fputs)
                  0000828c    00000098     bsp_iic.o (.text.mpu6050_i2c_sda_unlock)
                  00008324    00000098     inv_mpu.o (.text.mpu_set_accel_fsr)
                  000083bc    00000094     empty.o (.text.GROUP1_IRQHandler)
                  00008450    0000008c     ti_msp_dl_config.o (.text.SYSCFG_DL_PWM_0_init)
                  000084dc    0000008c     libclang_rt.builtins.a : mulsf3.S.obj (.text.__mulsf3)
                  00008568    0000008c     inv_mpu.o (.text.mpu_set_lpf)
                  000085f4    00000084     ti_msp_dl_config.o (.text.SYSCFG_DL_UART_0_init)
                  00008678    00000084     inv_mpu.o (.text.mpu_write_mem)
                  000086fc    00000082     libclang_rt.builtins.a : divsf3.S.obj (.text.__divsf3)
                  0000877e    00000002                            : aeabi_div0.c.obj (.text.__aeabi_idiv0)
                  00008780    00000080     motor.o (.text.Velocity_A)
                  00008800    00000080     motor.o (.text.Velocity_B)
                  00008880    0000007c     libc.a : copy_decompress_lzss.c.obj (.text:decompress:lzss)
                  000088fc    00000074     libclang_rt.builtins.a : comparedf2.c.obj (.text.__gedf2)
                  00008970    00000074                            : truncdfsf2.S.obj (.text.__truncdfsf2)
                  000089e4    00000068                            : comparedf2.c.obj (.text.__ledf2)
                  00008a4c    00000068     inv_mpu_dmp_motion_driver.o (.text.dmp_set_fifo_rate)
                  00008ab4    00000062     libclang_rt.builtins.a : aeabi_dcmp.S.obj (.text.__aeabi_dcmp)
                  00008b16    00000002                            : aeabi_div0.c.obj (.text.__aeabi_ldiv0)
                  00008b18    00000062                            : aeabi_fcmp.S.obj (.text.__aeabi_fcmp)
                  00008b7a    00000062     libc.a : memset16.S.obj (.text:memset)
                  00008bdc    0000005e     driverlib.a : dl_i2c.o (.text.DL_I2C_fillControllerTXFIFO)
                  00008c3a    00000002     libc.a : _lock.c.obj (.text._nop)
                  00008c3c    0000005c            : printf.c.obj (.text.printf)
                  00008c98    00000056     libclang_rt.builtins.a : aeabi_idivmod.S.obj (.text.__aeabi_idivmod)
                  00008cee    00000002     inv_mpu.o (.text.myget_ms)
                  00008cf0    00000054     ti_msp_dl_config.o (.text.SYSCFG_DL_I2C_0_init)
                  00008d44    00000054     ti_msp_dl_config.o (.text.SYSCFG_DL_initPower)
                  00008d98    00000054     motor.o (.text.Set_PWM)
                  00008dec    00000048     driverlib.a : dl_uart.o (.text.DL_UART_init)
                  00008e34    00000048     inv_mpu.o (.text.mpu_get_gyro_sens)
                  00008e7c    00000044     driverlib.a : dl_sysctl_mspm0g1x0x_g3x0x.o (.text.DL_SYSCTL_switchMCLKfromSYSOSCtoHSCLK)
                  00008ec0    00000040     libclang_rt.builtins.a : aeabi_uidivmod.S.obj (.text.__aeabi_uidivmod)
                  00008f00    00000040                            : extendsfdf2.S.obj (.text.__extendsfdf2)
                  00008f40    00000040     libc.a : atoi.c.obj (.text.atoi)
                  00008f80    0000003e     libclang_rt.builtins.a : divmoddi4.c.obj (.text.__divmoddi4)
                  00008fbe    00000002     --HOLE-- [fill = 0]
                  00008fc0    0000003c     driverlib.a : dl_i2c.o (.text.DL_I2C_flushControllerTXFIFO)
                  00008ffc    0000003c     libclang_rt.builtins.a : floatsisf.S.obj (.text.__floatsisf)
                  00009038    0000003c                            : comparesf2.S.obj (.text.__gtsf2)
                  00009074    0000003c     libc.a : autoinit.c.obj (.text:__TI_auto_init_nobinit_nopinit)
                  000090b0    0000003a     libclang_rt.builtins.a : comparesf2.S.obj (.text.__eqsf2)
                  000090ea    00000002     --HOLE-- [fill = 0]
                  000090ec    0000003a                            : muldsi3.S.obj (.text.__muldsi3)
                  00009126    00000002     --HOLE-- [fill = 0]
                  00009128    00000038     ti_msp_dl_config.o (.text.SYSCFG_DL_TIMER_0_init)
                  00009160    00000038     libclang_rt.builtins.a : fixsfsi.S.obj (.text.__fixsfsi)
                  00009198    00000034     led.o (.text.LED_Flash)
                  000091cc    00000034     inv_mpu.o (.text.mpu_get_accel_fsr)
                  00009200    00000034     inv_mpu.o (.text.mpu_get_accel_sens)
                  00009234    00000030     driverlib.a : dl_uart.o (.text.DL_UART_transmitDataBlocking)
                  00009264    00000030     ti_msp_dl_config.o (.text.SYSCFG_DL_init)
                  00009294    00000030     grey.o (.text.grey_init)
                  000092c4    0000002c     board.o (.text.fputc)
                  000092f0    00000028     libclang_rt.builtins.a : floatunsisf.S.obj (.text.__floatunsisf)
                  00009318    00000028     libc.a : boot_cortex_m.c.obj (.text:_c_int00_noargs)
                  00009340    00000026     driverlib.a : dl_i2c.o (.text.DL_I2C_setClockConfig)
                  00009366    00000002     --HOLE-- [fill = 0]
                  00009368    00000024     libclang_rt.builtins.a : muldi3.S.obj (.text.__muldi3)
                  0000938c    00000022     libc.a : memccpy.c.obj (.text.memccpy)
                  000093ae    00000002     --HOLE-- [fill = 0]
                  000093b0    00000020     ti_msp_dl_config.o (.text.SYSCFG_DL_SYSTICK_init)
                  000093d0    0000001e     libclang_rt.builtins.a : ashldi3.S.obj (.text.__ashldi3)
                  000093ee    00000002     --HOLE-- [fill = 0]
                  000093f0    0000001c     driverlib.a : dl_sysctl_mspm0g1x0x_g3x0x.o (.text.DL_SYSCTL_configFCC)
                  0000940c    0000001c                 : dl_timer.o (.text.DL_Timer_setCaptCompUpdateMethod)
                  00009428    0000001c                 : dl_timer.o (.text.DL_Timer_setClockConfig)
                  00009444    0000001c     inv_mpu_dmp_motion_driver.o (.text.dmp_load_motion_driver_firmware)
                  00009460    0000001a     motor.o (.text.limit_PWM)
                  0000947a    00000002     --HOLE-- [fill = 0]
                  0000947c    00000018     driverlib.a : dl_timer.o (.text.DL_Timer_setCaptureCompareOutCtl)
                  00009494    00000018     bsp_iic.o (.text.HW_IIC_Mem_Read)
                  000094ac    00000014     libclang_rt.builtins.a : aeabi_ldivmod.S.obj (.text.__aeabi_ldivmod)
                  000094c0    00000014                            : aeabi_uldivmod.S.obj (.text.__aeabi_uldivmod)
                  000094d4    00000012     driverlib.a : dl_uart.o (.text.DL_UART_setClockConfig)
                  000094e6    00000012     libc.a : copy_decompress_none.c.obj (.text:decompress:none)
                  000094f8    00000010     driverlib.a : dl_timer.o (.text.DL_Timer_setCaptureCompareValue)
                  00009508    00000010     libc.a : wcslen.c.obj (.text.wcslen)
                  00009518    00000010            : copy_zero_init.c.obj (.text:decompress:ZI)
                  00009528    0000000e     libclang_rt.builtins.a : aeabi_memset.S.obj (.text.__aeabi_memset)
                  00009536    0000000e     libc.a : _printfi.c.obj (.text.strlen)
                  00009544    0000000c     libclang_rt.builtins.a : aeabi_memset.S.obj (.text.__aeabi_memclr)
                  00009550    0000000a     driverlib.a : dl_common.o (.text.DL_Common_delayCycles)
                  0000955a    0000000a     libc.a : e_asin.c.obj (.text.OUTLINED_FUNCTION_0)
                  00009564    00000010     libclang_rt.builtins.a : muldf3.S.obj (.tramp.__aeabi_dmul.1)
                  00009574    0000000a     libc.a : s_atan.c.obj (.text.OUTLINED_FUNCTION_0)
                  0000957e    0000000a            : e_asin.c.obj (.text.OUTLINED_FUNCTION_1)
                  00009588    0000000a            : e_asin.c.obj (.text.OUTLINED_FUNCTION_3)
                  00009592    00000002     --HOLE-- [fill = 0]
                  00009594    00000010     libclang_rt.builtins.a : divdf3.S.obj (.tramp.__aeabi_ddiv.1)
                  000095a4    00000008     bsp_iic.o (.text.HW_iic_delayms)
                  000095ac    00000008     libc.a : s_atan.c.obj (.text.OUTLINED_FUNCTION_2)
                  000095b4    00000008            : aeabi_portable.c.obj (.text.__aeabi_errno_addr)
                  000095bc    00000008     libclang_rt.builtins.a : aeabi_memcpy.S.obj (.text.__aeabi_memcpy)
                  000095c4    00000008     libc.a : printf.c.obj (.text._outc)
                  000095cc    00000008            : printf.c.obj (.text._outs)
                  000095d4    00000006            : s_atan.c.obj (.text.OUTLINED_FUNCTION_1)
                  000095da    00000002     --HOLE-- [fill = 0]
                  000095dc    00000010     libclang_rt.builtins.a : adddf3.S.obj (.tramp.__aeabi_dadd.1)
                  000095ec    00000006     libc.a : e_asin.c.obj (.text.OUTLINED_FUNCTION_2)
                  000095f2    00000006            : exit.c.obj (.text:abort)
                  000095f8    00000004     libsysbm.a : hostexit.c.obj (.text.HOSTexit)
                  000095fc    00000004     bsp_iic.o (.text.HW_IIC_Master_Receive)
                  00009600    00000004     bsp_iic.o (.text.HW_IIC_Master_Transmit)
                  00009604    00000004     libc.a : e_asin.c.obj (.text.OUTLINED_FUNCTION_4)
                  00009608    00000004     startup_mspm0g350x_ticlang.o (.text.Reset_Handler)
                  0000960c    00000004     libc.a : pre_init.c.obj (.text._system_pre_init)

.cinit     0    0000b0e0    00000090     
                  0000b0e0    00000069     (.cinit..data.load) [load image, compression = lzss]
                  0000b149    00000003     --HOLE-- [fill = 0]
                  0000b14c    0000000c     (__TI_handler_table)
                  0000b158    00000008     (.cinit..bss.load) [load image, compression = zero_init]
                  0000b160    00000010     (__TI_cinit_table)

.rodata    0    00009610    00001ad0     
                  00009610    00000bf6     inv_mpu_dmp_motion_driver.o (.rodata.dmp_memory)
                  0000a206    000005f0     oled.o (.rodata.oled_asc2_1608)
                  0000a7f6    00000474     oled.o (.rodata.oled_asc2_1206)
                  0000ac6a    00000005     empty.o (.rodata.str1.11898133897667081452.1)
                  0000ac6f    00000001     --HOLE-- [fill = 0]
                  0000ac70    00000101     libc.a : aeabi_ctype.S.obj (.rodata:__aeabi_ctype_table_)
                  0000ad71    0000004d     inv_mpu.o (.rodata.str1.8692541638590777450.1)
                  0000adbe    00000002     ti_msp_dl_config.o (.rodata.gI2C_0ClockConfig)
                  0000adc0    00000040     libc.a : s_atan.c.obj (.rodata.cst32)
                  0000ae00    00000031     MPU6050.o (.rodata.str1.1177023886228264183.1)
                  0000ae31    00000003     inv_mpu_dmp_motion_driver.o (.rodata..L__const.dmp_set_orientation.accel_axes)
                  0000ae34    00000028     ti_msp_dl_config.o (.rodata.gSYSPLLConfig)
                  0000ae5c    00000028     inv_mpu.o (.rodata.test)
                  0000ae84    00000026     inv_mpu.o (.rodata.str1.9326010155561577916.1)
                  0000aeaa    00000025     MPU6050.o (.rodata.str1.2306948448645570305.1)
                  0000aecf    00000025     MPU6050.o (.rodata.str1.3045663099629573116.1)
                  0000aef4    00000024     MPU6050.o (.rodata.str1.12462728197473874794.1)
                  0000af18    00000024     MPU6050.o (.rodata.str1.5761002395799941449.1)
                  0000af3c    00000023     MPU6050.o (.rodata.str1.1130459053719618486.1)
                  0000af5f    00000023     MPU6050.o (.rodata.str1.1797649524439871336.1)
                  0000af82    00000002     ti_msp_dl_config.o (.rodata.gUART_0ClockConfig)
                  0000af84    00000020     inv_mpu.o (.rodata.cst16)
                  0000afa4    00000020     MPU6050.o (.rodata.str1.4089348243279281316.1)
                  0000afc4    0000001e     inv_mpu.o (.rodata.str1.3678834825845439161.1)
                  0000afe2    0000001b     inv_mpu.o (.rodata.reg)
                  0000affd    00000001     --HOLE-- [fill = 0]
                  0000affe    00000018     inv_mpu.o (.rodata.cst8)
                  0000b016    00000002     --HOLE-- [fill = 0]
                  0000b018    00000014     ti_msp_dl_config.o (.rodata.gTIMER_0TimerConfig)
                  0000b02c    00000011     libc.a : _printfi.c.obj (.rodata.str1.10348868589481759720.1)
                  0000b03d    00000011            : _printfi.c.obj (.rodata.str1.15363888844622738466.1)
                  0000b04e    00000011     empty.o (.rodata.str1.8138751173933995641.1)
                  0000b05f    00000010     empty.o (.rodata.str1.6882831155057630604.1)
                  0000b06f    0000000f     empty.o (.rodata.str1.2195073566703606718.1)
                  0000b07e    0000000f     empty.o (.rodata.str1.9517790425240694019.1)
                  0000b08d    0000000e     empty.o (.rodata.str1.2196762768037919588.1)
                  0000b09b    00000001     --HOLE-- [fill = 0]
                  0000b09c    0000000c     inv_mpu.o (.rodata.hw)
                  0000b0a8    0000000a     ti_msp_dl_config.o (.rodata.gUART_0Config)
                  0000b0b2    00000002     --HOLE-- [fill = 0]
                  0000b0b4    00000008     ti_msp_dl_config.o (.rodata.gPWM_0Config)
                  0000b0bc    00000005     empty.o (.rodata.str1.7401042497206923953.1)
                  0000b0c1    00000003     inv_mpu_dmp_motion_driver.o (.rodata..L__const.dmp_set_orientation.gyro_axes)
                  0000b0c4    00000003     ti_msp_dl_config.o (.rodata.gPWM_0ClockConfig)
                  0000b0c7    00000003     ti_msp_dl_config.o (.rodata.gTIMER_0ClockConfig)
                  0000b0ca    00000003     empty.o (.rodata.str1.150872071346279890.1)
                  0000b0cd    00000003     empty.o (.rodata.str1.15706828512682300538.1)
                  0000b0d0    00000003     empty.o (.rodata.str1.16704889451495720520.1)
                  0000b0d3    0000000d     --HOLE-- [fill = 0]

.init_array 
*          0    00000000    00000000     UNINITIALIZED

.binit     0    00000000    00000000     

.bss       0    20200000    00000530     UNINITIALIZED
                  20200000    00000400     (.common:OLED_GRAM)
                  20200400    000000bc     (.common:gPWM_0Backup)
                  202004bc    00000014     empty.o (.bss.proto_buf)
                  202004d0    0000000e     (.common:buffer)
                  202004de    00000006     (.common:accel)
                  202004e4    00000006     (.common:gyro)
                  202004ea    00000002     led.o (.bss.LED_Flash.temp)
                  202004ec    00000004     motor.o (.bss.Velocity_A.ControlVelocityA)
                  202004f0    00000004     motor.o (.bss.Velocity_A.Last_biasA)
                  202004f4    00000004     motor.o (.bss.Velocity_B.ControlVelocityB)
                  202004f8    00000004     motor.o (.bss.Velocity_B.Last_biasB)
                  202004fc    00000004     (.common:Get_Encoder_countA)
                  20200500    00000004     (.common:Get_Encoder_countB)
                  20200504    00000004     (.common:PWMA)
                  20200508    00000004     (.common:PWMB)
                  2020050c    00000004     (.common:Pitch)
                  20200510    00000004     (.common:Roll)
                  20200514    00000004     (.common:Yaw)
                  20200518    00000004     (.common:encoderA_cnt)
                  2020051c    00000004     (.common:encoderB_cnt)
                  20200520    00000004     (.common:gpio_interrup1)
                  20200524    00000004     (.common:gpio_interrup2)
                  20200528    00000002     key.o (.bss.click_N_Double.Forever_count)
                  2020052a    00000002     key.o (.bss.click_N_Double.count_single)
                  2020052c    00000002     (.common:sensors)
                  2020052e    00000001     key.o (.bss.click_N_Double.count_key)
                  2020052f    00000001     key.o (.bss.click_N_Double.flag_key)

.data      0    20200530    00000199     UNINITIALIZED
                  20200530    000000f0     libc.a : defs.c.obj (.data._ftable)
                  20200620    0000002c     inv_mpu.o (.data.st)
                  2020064c    00000024     MPU6050.o (.data.mpu6050)
                  20200670    00000018     bsp_iic.o (.data.User_sIICDev)
                  20200688    00000004     empty.o (.data.Flag_Stop)
                  2020068c    00000004     motor.o (.data.Velcity_Ki)
                  20200690    00000004     motor.o (.data.Velcity_Kp)
                  20200694    00000004     libc.a : aeabi_portable.c.obj (.data.__aeabi_errno)
                  20200698    00000004            : _lock.c.obj (.data._lock)
                  2020069c    00000004            : _lock.c.obj (.data._unlock)
                  202006a0    00000004     inv_mpu_dmp_motion_driver.o (.data.dmp.0)
                  202006a4    00000004     inv_mpu_dmp_motion_driver.o (.data.dmp.1)
                  202006a8    00000004     MPU6050.o (.data.q0)
                  202006ac    00000004     MPU6050.o (.data.q1)
                  202006b0    00000004     MPU6050.o (.data.q2)
                  202006b4    00000004     MPU6050.o (.data.q3)
                  202006b8    00000004     empty.o (.data.yaw_offset)
                  202006bc    00000002     inv_mpu_dmp_motion_driver.o (.data.dmp.2)
                  202006be    00000002     empty.o (.data.main.grey_cnt)
                  202006c0    00000002     inv_mpu_dmp_motion_driver.o (.data.dmp.3)
                  202006c2    00000001     key.o (.data.click_N_Double.double_key)
                  202006c3    00000001     empty.o (.data.proto_idx)
                  202006c4    00000002     inv_mpu_dmp_motion_driver.o (.data.dmp.4)
                  202006c6    00000001     inv_mpu_dmp_motion_driver.o (.data.dmp.5)
                  202006c7    00000001     empty.o (.data.yaw_calibed)
                  202006c8    00000001     empty.o (.data.yaw_reset_req)

.stack     0    20207e00    00000200     UNINITIALIZED
                  20207e00    00000004     libc.a : boot_cortex_m.c.obj (.stack)
                  20207e04    000001fc     --HOLE--

__llvm_prf_cnts 
*          0    20200000    00000000     UNINITIALIZED

__llvm_prf_bits 
*          0    20200000    00000000     UNINITIALIZED

MODULE SUMMARY

       Module                         code    ro data   rw data
       ------                         ----    -------   -------
    ./
       ti_msp_dl_config.o             1716    88        188    
       empty.o                        1356    96        49     
       startup_mspm0g350x_ticlang.o   6       192       0      
    +--+------------------------------+-------+---------+---------+
       Total:                         3078    376       237    
                                                               
    ./Hardware/
       oled.o                         12204   2660      1024   
       inv_mpu.o                      7230    280       44     
       inv_mpu_dmp_motion_driver.o    2220    3068      15     
       MPU6050.o                      1268    297       92     
       board.o                        812     0         0      
       bsp_iic.o                      760     0         24     
       motor.o                        366     0         24     
       grey.o                         316     0         0      
       encoder.o                      192     0         16     
       key.o                          192     0         7      
       led.o                          52      0         2      
    +--+------------------------------+-------+---------+---------+
       Total:                         25612   6305      1248   
                                                               
    /home/arch/ti/mspm0_sdk_2_10_00_04/source/ti/driverlib/lib/ticlang/m0p/mspm0g1x0x_g3x0x/driverlib.a
       dl_timer.o                     608     0         0      
       dl_sysctl_mspm0g1x0x_g3x0x.o   316     0         0      
       dl_i2c.o                       192     0         0      
       dl_uart.o                      138     0         0      
       dl_common.o                    10      0         0      
    +--+------------------------------+-------+---------+---------+
       Total:                         1264    0         0      
                                                               
    /opt/ccstudio/ccs/tools/compiler/ti-cgt-armllvm_4.0.4.LTS/lib/armv6m-ti-none-eabi/c/libc.a
       _printfi.c.obj                 2166    34        0      
       e_asin.c.obj                   908     0         0      
       s_atan.c.obj                   784     64        0      
       e_atan2.c.obj                  392     0         0      
       e_sqrt.c.obj                   368     0         0      
       aeabi_ctype.S.obj              0       257       0      
       defs.c.obj                     0       0         240    
       memcpy16.S.obj                 154     0         0      
       copy_decompress_lzss.c.obj     124     0         0      
       printf.c.obj                   108     0         0      
       memset16.S.obj                 98      0         0      
       atoi.c.obj                     64      0         0      
       autoinit.c.obj                 60      0         0      
       boot_cortex_m.c.obj            40      0         0      
       memccpy.c.obj                  34      0         0      
       copy_decompress_none.c.obj     18      0         0      
       copy_zero_init.c.obj           16      0         0      
       wcslen.c.obj                   16      0         0      
       aeabi_portable.c.obj           8       0         4      
       _lock.c.obj                    2       0         8      
       exit.c.obj                     6       0         0      
       pre_init.c.obj                 4       0         0      
    +--+------------------------------+-------+---------+---------+
       Total:                         5370    355       252    
                                                               
    /opt/ccstudio/ccs/tools/compiler/ti-cgt-armllvm_4.0.4.LTS/lib/armv6m-ti-none-eabi/c/libsysbm.a
       hostexit.c.obj                 4       0         0      
    +--+------------------------------+-------+---------+---------+
       Total:                         4       0         0      
                                                               
    /opt/ccstudio/ccs/tools/compiler/ti-cgt-armllvm_4.0.4.LTS/lib/armv6m-ti-none-eabi/libclang_rt.builtins.a
       adddf3.S.obj                   418     0         0      
       divdf3.S.obj                   284     0         0      
       muldf3.S.obj                   244     0         0      
       comparedf2.c.obj               220     0         0      
       addsf3.S.obj                   216     0         0      
       udivmoddi4.S.obj               162     0         0      
       mulsf3.S.obj                   140     0         0      
       divsf3.S.obj                   130     0         0      
       comparesf2.S.obj               118     0         0      
       truncdfsf2.S.obj               116     0         0      
       aeabi_dcmp.S.obj               98      0         0      
       aeabi_fcmp.S.obj               98      0         0      
       aeabi_idivmod.S.obj            86      0         0      
       aeabi_uidivmod.S.obj           64      0         0      
       extendsfdf2.S.obj              64      0         0      
       divmoddi4.c.obj                62      0         0      
       floatsisf.S.obj                60      0         0      
       muldsi3.S.obj                  58      0         0      
       fixsfsi.S.obj                  56      0         0      
       floatunsisf.S.obj              40      0         0      
       muldi3.S.obj                   36      0         0      
       ashldi3.S.obj                  30      0         0      
       aeabi_memset.S.obj             26      0         0      
       aeabi_ldivmod.S.obj            20      0         0      
       aeabi_uldivmod.S.obj           20      0         0      
       aeabi_memcpy.S.obj             8       0         0      
       aeabi_div0.c.obj               4       0         0      
    +--+------------------------------+-------+---------+---------+
       Total:                         2878    0         0      
                                                               
       Stack:                         0       0         512    
       Linker Generated:              0       141       0      
    +--+------------------------------+-------+---------+---------+
       Grand Total:                   38206   7177      2249   


LINKER GENERATED COPY TABLES

__TI_cinit_table @ 0000b160 records: 2, size/record: 8, table size: 16
	.data: load addr=0000b0e0, load size=00000069 bytes, run addr=20200530, run size=00000199 bytes, compression=lzss
	.bss: load addr=0000b158, load size=00000008 bytes, run addr=20200000, run size=00000530 bytes, compression=zero_init


LINKER GENERATED HANDLER TABLE

__TI_handler_table @ 0000b14c records: 3, size/record: 4, table size: 12
	index: 0, handler: __TI_decompress_lzss
	index: 1, handler: __TI_decompress_none
	index: 2, handler: __TI_zero_init


FAR CALL TRAMPOLINES

callee name               trampoline name
   callee addr  tramp addr   call addr  call info
--------------  -----------  ---------  ----------------
__aeabi_dmul              $Tramp$TT$L$PI$$__aeabi_dmul
   00007545     00009564     00009562   libc.a : e_asin.c.obj (.text.OUTLINED_FUNCTION_0)
                             0000957c          : s_atan.c.obj (.text.OUTLINED_FUNCTION_0)
                             00009586          : e_asin.c.obj (.text.OUTLINED_FUNCTION_1)
                             000095b2          : s_atan.c.obj (.text.OUTLINED_FUNCTION_2)
                             000095f0          : e_asin.c.obj (.text.OUTLINED_FUNCTION_2)
__aeabi_ddiv              $Tramp$TT$L$PI$$__aeabi_ddiv
   00006c4d     00009594     00009590   libc.a : e_asin.c.obj (.text.OUTLINED_FUNCTION_3)
__aeabi_dadd              $Tramp$TT$L$PI$$__aeabi_dadd
   0000618b     000095dc     000095d8   libc.a : s_atan.c.obj (.text.OUTLINED_FUNCTION_1)
                             00009606          : e_asin.c.obj (.text.OUTLINED_FUNCTION_4)

[3 trampolines]
[8 trampoline calls]


GLOBAL SYMBOLS: SORTED ALPHABETICALLY BY Name 

address   name                                 
-------   ----                                 
00006313  ADC0_IRQHandler                      
00006313  ADC1_IRQHandler                      
00006313  AES_IRQHandler                       
000095f8  C$$EXIT                              
00006313  CANFD0_IRQHandler                    
00006313  DAC0_IRQHandler                      
00009551  DL_Common_delayCycles                
00008bdd  DL_I2C_fillControllerTXFIFO          
00008fc1  DL_I2C_flushControllerTXFIFO         
00009341  DL_I2C_setClockConfig                
000093f1  DL_SYSCTL_configFCC                  
0000770d  DL_SYSCTL_configSYSPLL               
00008e7d  DL_SYSCTL_switchMCLKfromSYSOSCtoHSCLK
00006f71  DL_Timer_initFourCCPWMMode           
00007075  DL_Timer_initTimerMode               
0000940d  DL_Timer_setCaptCompUpdateMethod     
0000947d  DL_Timer_setCaptureCompareOutCtl     
000094f9  DL_Timer_setCaptureCompareValue      
00009429  DL_Timer_setClockConfig              
00008ded  DL_UART_init                         
000094d5  DL_UART_setClockConfig               
00009235  DL_UART_transmitDataBlocking         
00006313  DMA_IRQHandler                       
00005fe9  DMP_Init                             
00006313  Default_Handler                      
00007b29  Encoder_IRQ_Handler                  
20200688  Flag_Stop                            
00006313  GROUP0_IRQHandler                    
000083bd  GROUP1_IRQHandler                    
202004fc  Get_Encoder_countA                   
20200500  Get_Encoder_countB                   
000095f9  HOSTexit                             
00006313  HardFault_Handler                    
00006313  I2C0_IRQHandler                      
00006313  I2C1_IRQHandler                      
00007be9  Key                                  
00009199  LED_Flash                            
00006781  MPU6050_initialize                   
00006313  NMI_Handler                          
00001d61  OLED_Clear                           
20200000  OLED_GRAM                            
000000c1  OLED_Init                            
00005399  OLED_Refresh_Gram                    
0000649d  OLED_ShowChar                        
000039a1  OLED_ShowNumber                      
00001091  OLED_ShowString                      
20200504  PWMA                                 
20200508  PWMB                                 
00006313  PendSV_Handler                       
2020050c  Pitch                                
00006313  RTC_IRQHandler                       
000055a1  Read_DMP                             
00009609  Reset_Handler                        
20200510  Roll                                 
00006313  SPI0_IRQHandler                      
00006313  SPI1_IRQHandler                      
00006313  SVC_Handler                          
00006b31  SYSCFG_DL_GPIO_init                  
00008cf1  SYSCFG_DL_I2C_0_init                 
00008451  SYSCFG_DL_PWM_0_init                 
00004e8d  SYSCFG_DL_SYSCTL_SYSPLL_init         
00007e19  SYSCFG_DL_SYSCTL_init                
000093b1  SYSCFG_DL_SYSTICK_init               
00009129  SYSCFG_DL_TIMER_0_init               
000085f5  SYSCFG_DL_UART_0_init                
00009265  SYSCFG_DL_init                       
00008d45  SYSCFG_DL_initPower                  
00008d99  Set_PWM                              
00006313  SysTick_Handler                      
00006313  TIMA0_IRQHandler                     
00006313  TIMA1_IRQHandler                     
00008015  TIMG0_IRQHandler                     
00006313  TIMG12_IRQHandler                    
00006313  TIMG6_IRQHandler                     
00006313  TIMG7_IRQHandler                     
00006313  TIMG8_IRQHandler                     
000078c1  UART0_IRQHandler                     
00006313  UART1_IRQHandler                     
00006313  UART2_IRQHandler                     
00006313  UART3_IRQHandler                     
20200670  User_sIICDev                         
2020068c  Velcity_Ki                           
20200690  Velcity_Kp                           
00008781  Velocity_A                           
00008801  Velocity_B                           
20200514  Yaw                                  
20208000  __STACK_END                          
00000200  __STACK_SIZE                         
00000000  __TI_ATRegion0_region_sz             
00000000  __TI_ATRegion0_src_addr              
00000000  __TI_ATRegion0_trg_addr              
00000000  __TI_ATRegion1_region_sz             
00000000  __TI_ATRegion1_src_addr              
00000000  __TI_ATRegion1_trg_addr              
00000000  __TI_ATRegion2_region_sz             
00000000  __TI_ATRegion2_src_addr              
00000000  __TI_ATRegion2_trg_addr              
0000b160  __TI_CINIT_Base                      
0000b170  __TI_CINIT_Limit                     
0000b170  __TI_CINIT_Warm                      
0000b14c  __TI_Handler_Table_Base              
0000b158  __TI_Handler_Table_Limit             
00009075  __TI_auto_init_nobinit_nopinit       
00008881  __TI_decompress_lzss                 
000094e7  __TI_decompress_none                 
ffffffff  __TI_pprof_out_hndl                  
00003139  __TI_printfi_nofloat                 
ffffffff  __TI_prof_data_size                  
ffffffff  __TI_prof_data_start                 
00000000  __TI_static_base__                   
00009519  __TI_zero_init                       
0000618b  __adddf3                             
000077f3  __addsf3                             
0000ac70  __aeabi_ctype_table_                 
0000ac70  __aeabi_ctype_table_C                
00008971  __aeabi_d2f                          
0000618b  __aeabi_dadd                         
00008ab5  __aeabi_dcmpeq                       
00008af1  __aeabi_dcmpge                       
00008b05  __aeabi_dcmpgt                       
00008add  __aeabi_dcmple                       
00008ac9  __aeabi_dcmplt                       
00006c4d  __aeabi_ddiv                         
00007545  __aeabi_dmul                         
00006181  __aeabi_dsub                         
20200694  __aeabi_errno                        
000095b5  __aeabi_errno_addr                   
00008f01  __aeabi_f2d                          
00009161  __aeabi_f2iz                         
000077f3  __aeabi_fadd                         
00008b19  __aeabi_fcmpeq                       
00008b55  __aeabi_fcmpge                       
00008b69  __aeabi_fcmpgt                       
00008b41  __aeabi_fcmple                       
00008b2d  __aeabi_fcmplt                       
000086fd  __aeabi_fdiv                         
000084dd  __aeabi_fmul                         
000077e9  __aeabi_fsub                         
00008ffd  __aeabi_i2f                          
00008c99  __aeabi_idiv                         
0000877f  __aeabi_idiv0                        
00008c99  __aeabi_idivmod                      
00008b17  __aeabi_ldiv0                        
000094ad  __aeabi_ldivmod                      
000093d1  __aeabi_llsl                         
00009369  __aeabi_lmul                         
00009545  __aeabi_memclr                       
00009545  __aeabi_memclr4                      
00009545  __aeabi_memclr8                      
000095bd  __aeabi_memcpy                       
000095bd  __aeabi_memcpy4                      
000095bd  __aeabi_memcpy8                      
00009529  __aeabi_memset                       
00009529  __aeabi_memset4                      
00009529  __aeabi_memset8                      
000092f1  __aeabi_ui2f                         
00008ec1  __aeabi_uidiv                        
00008ec1  __aeabi_uidivmod                     
000094c1  __aeabi_uldivmod                     
000093d1  __ashldi3                            
ffffffff  __binit__                            
000089e5  __cmpdf2                             
000090b1  __cmpsf2                             
00006c4d  __divdf3                             
00008f81  __divmoddi4                          
000086fd  __divsf3                             
000089e5  __eqdf2                              
000090b1  __eqsf2                              
00008f01  __extendsfdf2                        
00009161  __fixsfsi                            
00008ffd  __floatsisf                          
000092f1  __floatunsisf                        
000088fd  __gedf2                              
00009039  __gesf2                              
000088fd  __gtdf2                              
00009039  __gtsf2                              
000089e5  __ledf2                              
000090b1  __lesf2                              
000089e5  __ltdf2                              
000090b1  __ltsf2                              
UNDEFED   __mpu_init                           
00007545  __muldf3                             
00009369  __muldi3                             
000090ed  __muldsi3                            
000084dd  __mulsf3                             
000089e5  __nedf2                              
000090b1  __nesf2                              
20207e00  __stack                              
20200000  __start___llvm_prf_bits              
20200000  __start___llvm_prf_cnts              
20200000  __stop___llvm_prf_bits               
20200000  __stop___llvm_prf_cnts               
00006181  __subdf3                             
000077e9  __subsf3                             
00008971  __truncdfsf2                         
000080b9  __udivmoddi4                         
00009319  _c_int00_noargs                      
20200530  _ftable                              
20200698  _lock                                
00008c3b  _nop                                 
UNDEFED   _system_post_cinit                   
0000960d  _system_pre_init                     
2020069c  _unlock                              
000095f3  abort                                
202004de  accel                                
00004241  asin                                 
00004241  asinl                                
000048e5  atan                                 
00006315  atan2                                
00006315  atan2l                               
000048e5  atanl                                
00008f41  atoi                                 
ffffffff  binit                                
202004d0  buffer                               
000057a5  delay_ms                             
00004bdd  dmp_enable_feature                   
00009445  dmp_load_motion_driver_firmware      
00005965  dmp_read_fifo                        
00007ca9  dmp_set_accel_bias                   
00008a4d  dmp_set_fifo_rate                    
00007369  dmp_set_gyro_bias                    
00007459  dmp_set_orientation                  
000068d9  dmp_set_tap_thresh                   
20200518  encoderA_cnt                         
2020051c  encoderB_cnt                         
000092c5  fputc                                
000081f5  fputs                                
20200400  gPWM_0Backup                         
20200520  gpio_interrup1                       
20200524  gpio_interrup2                       
00009295  grey_init                            
00006d59  grey_read_digital                    
202004e4  gyro                                 
0000b09c  hw                                   
00000000  interruptVectors                     
00009461  limit_PWM                            
000045a5  main                                 
0000938d  memccpy                              
0000815b  memcpy                               
00008b7b  memset                               
2020064c  mpu6050                              
0000828d  mpu6050_i2c_sda_unlock               
00007a65  mpu_configure_fifo                   
000091cd  mpu_get_accel_fsr                    
00009201  mpu_get_accel_sens                   
00008e35  mpu_get_gyro_sens                    
00005b0d  mpu_init                             
00005e4d  mpu_load_firmware                    
00005135  mpu_lp_accel_mode                    
00007995  mpu_read_fifo_stream                 
00005cad  mpu_reset_fifo                       
000027f1  mpu_run_self_test                    
00008325  mpu_set_accel_fsr                    
00006a0d  mpu_set_bypass                       
00006e65  mpu_set_dmp_state                    
00008569  mpu_set_lpf                          
00007171  mpu_set_sample_rate                  
0000726d  mpu_set_sensors                      
00008679  mpu_write_mem                        
00007629  mspm0_i2c_read                       
00008cef  myget_ms                             
0000a7f6  oled_asc2_1206                       
0000a206  oled_asc2_1608                       
00008c3d  printf                               
00007ec9  puts                                 
202006a8  q0                                   
202006ac  q1                                   
202006b0  q2                                   
202006b4  q3                                   
0000afe2  reg                                  
2020052c  sensors                              
00006611  sqrt                                 
00006611  sqrtl                                
0000ae5c  test                                 
00009509  wcslen                               


GLOBAL SYMBOLS: SORTED BY Symbol Address 

address   name                                 
-------   ----                                 
00000000  __TI_ATRegion0_region_sz             
00000000  __TI_ATRegion0_src_addr              
00000000  __TI_ATRegion0_trg_addr              
00000000  __TI_ATRegion1_region_sz             
00000000  __TI_ATRegion1_src_addr              
00000000  __TI_ATRegion1_trg_addr              
00000000  __TI_ATRegion2_region_sz             
00000000  __TI_ATRegion2_src_addr              
00000000  __TI_ATRegion2_trg_addr              
00000000  __TI_static_base__                   
00000000  interruptVectors                     
000000c1  OLED_Init                            
00000200  __STACK_SIZE                         
00001091  OLED_ShowString                      
00001d61  OLED_Clear                           
000027f1  mpu_run_self_test                    
00003139  __TI_printfi_nofloat                 
000039a1  OLED_ShowNumber                      
00004241  asin                                 
00004241  asinl                                
000045a5  main                                 
000048e5  atan                                 
000048e5  atanl                                
00004bdd  dmp_enable_feature                   
00004e8d  SYSCFG_DL_SYSCTL_SYSPLL_init         
00005135  mpu_lp_accel_mode                    
00005399  OLED_Refresh_Gram                    
000055a1  Read_DMP                             
000057a5  delay_ms                             
00005965  dmp_read_fifo                        
00005b0d  mpu_init                             
00005cad  mpu_reset_fifo                       
00005e4d  mpu_load_firmware                    
00005fe9  DMP_Init                             
00006181  __aeabi_dsub                         
00006181  __subdf3                             
0000618b  __adddf3                             
0000618b  __aeabi_dadd                         
00006313  ADC0_IRQHandler                      
00006313  ADC1_IRQHandler                      
00006313  AES_IRQHandler                       
00006313  CANFD0_IRQHandler                    
00006313  DAC0_IRQHandler                      
00006313  DMA_IRQHandler                       
00006313  Default_Handler                      
00006313  GROUP0_IRQHandler                    
00006313  HardFault_Handler                    
00006313  I2C0_IRQHandler                      
00006313  I2C1_IRQHandler                      
00006313  NMI_Handler                          
00006313  PendSV_Handler                       
00006313  RTC_IRQHandler                       
00006313  SPI0_IRQHandler                      
00006313  SPI1_IRQHandler                      
00006313  SVC_Handler                          
00006313  SysTick_Handler                      
00006313  TIMA0_IRQHandler                     
00006313  TIMA1_IRQHandler                     
00006313  TIMG12_IRQHandler                    
00006313  TIMG6_IRQHandler                     
00006313  TIMG7_IRQHandler                     
00006313  TIMG8_IRQHandler                     
00006313  UART1_IRQHandler                     
00006313  UART2_IRQHandler                     
00006313  UART3_IRQHandler                     
00006315  atan2                                
00006315  atan2l                               
0000649d  OLED_ShowChar                        
00006611  sqrt                                 
00006611  sqrtl                                
00006781  MPU6050_initialize                   
000068d9  dmp_set_tap_thresh                   
00006a0d  mpu_set_bypass                       
00006b31  SYSCFG_DL_GPIO_init                  
00006c4d  __aeabi_ddiv                         
00006c4d  __divdf3                             
00006d59  grey_read_digital                    
00006e65  mpu_set_dmp_state                    
00006f71  DL_Timer_initFourCCPWMMode           
00007075  DL_Timer_initTimerMode               
00007171  mpu_set_sample_rate                  
0000726d  mpu_set_sensors                      
00007369  dmp_set_gyro_bias                    
00007459  dmp_set_orientation                  
00007545  __aeabi_dmul                         
00007545  __muldf3                             
00007629  mspm0_i2c_read                       
0000770d  DL_SYSCTL_configSYSPLL               
000077e9  __aeabi_fsub                         
000077e9  __subsf3                             
000077f3  __addsf3                             
000077f3  __aeabi_fadd                         
000078c1  UART0_IRQHandler                     
00007995  mpu_read_fifo_stream                 
00007a65  mpu_configure_fifo                   
00007b29  Encoder_IRQ_Handler                  
00007be9  Key                                  
00007ca9  dmp_set_accel_bias                   
00007e19  SYSCFG_DL_SYSCTL_init                
00007ec9  puts                                 
00008015  TIMG0_IRQHandler                     
000080b9  __udivmoddi4                         
0000815b  memcpy                               
000081f5  fputs                                
0000828d  mpu6050_i2c_sda_unlock               
00008325  mpu_set_accel_fsr                    
000083bd  GROUP1_IRQHandler                    
00008451  SYSCFG_DL_PWM_0_init                 
000084dd  __aeabi_fmul                         
000084dd  __mulsf3                             
00008569  mpu_set_lpf                          
000085f5  SYSCFG_DL_UART_0_init                
00008679  mpu_write_mem                        
000086fd  __aeabi_fdiv                         
000086fd  __divsf3                             
0000877f  __aeabi_idiv0                        
00008781  Velocity_A                           
00008801  Velocity_B                           
00008881  __TI_decompress_lzss                 
000088fd  __gedf2                              
000088fd  __gtdf2                              
00008971  __aeabi_d2f                          
00008971  __truncdfsf2                         
000089e5  __cmpdf2                             
000089e5  __eqdf2                              
000089e5  __ledf2                              
000089e5  __ltdf2                              
000089e5  __nedf2                              
00008a4d  dmp_set_fifo_rate                    
00008ab5  __aeabi_dcmpeq                       
00008ac9  __aeabi_dcmplt                       
00008add  __aeabi_dcmple                       
00008af1  __aeabi_dcmpge                       
00008b05  __aeabi_dcmpgt                       
00008b17  __aeabi_ldiv0                        
00008b19  __aeabi_fcmpeq                       
00008b2d  __aeabi_fcmplt                       
00008b41  __aeabi_fcmple                       
00008b55  __aeabi_fcmpge                       
00008b69  __aeabi_fcmpgt                       
00008b7b  memset                               
00008bdd  DL_I2C_fillControllerTXFIFO          
00008c3b  _nop                                 
00008c3d  printf                               
00008c99  __aeabi_idiv                         
00008c99  __aeabi_idivmod                      
00008cef  myget_ms                             
00008cf1  SYSCFG_DL_I2C_0_init                 
00008d45  SYSCFG_DL_initPower                  
00008d99  Set_PWM                              
00008ded  DL_UART_init                         
00008e35  mpu_get_gyro_sens                    
00008e7d  DL_SYSCTL_switchMCLKfromSYSOSCtoHSCLK
00008ec1  __aeabi_uidiv                        
00008ec1  __aeabi_uidivmod                     
00008f01  __aeabi_f2d                          
00008f01  __extendsfdf2                        
00008f41  atoi                                 
00008f81  __divmoddi4                          
00008fc1  DL_I2C_flushControllerTXFIFO         
00008ffd  __aeabi_i2f                          
00008ffd  __floatsisf                          
00009039  __gesf2                              
00009039  __gtsf2                              
00009075  __TI_auto_init_nobinit_nopinit       
000090b1  __cmpsf2                             
000090b1  __eqsf2                              
000090b1  __lesf2                              
000090b1  __ltsf2                              
000090b1  __nesf2                              
000090ed  __muldsi3                            
00009129  SYSCFG_DL_TIMER_0_init               
00009161  __aeabi_f2iz                         
00009161  __fixsfsi                            
00009199  LED_Flash                            
000091cd  mpu_get_accel_fsr                    
00009201  mpu_get_accel_sens                   
00009235  DL_UART_transmitDataBlocking         
00009265  SYSCFG_DL_init                       
00009295  grey_init                            
000092c5  fputc                                
000092f1  __aeabi_ui2f                         
000092f1  __floatunsisf                        
00009319  _c_int00_noargs                      
00009341  DL_I2C_setClockConfig                
00009369  __aeabi_lmul                         
00009369  __muldi3                             
0000938d  memccpy                              
000093b1  SYSCFG_DL_SYSTICK_init               
000093d1  __aeabi_llsl                         
000093d1  __ashldi3                            
000093f1  DL_SYSCTL_configFCC                  
0000940d  DL_Timer_setCaptCompUpdateMethod     
00009429  DL_Timer_setClockConfig              
00009445  dmp_load_motion_driver_firmware      
00009461  limit_PWM                            
0000947d  DL_Timer_setCaptureCompareOutCtl     
000094ad  __aeabi_ldivmod                      
000094c1  __aeabi_uldivmod                     
000094d5  DL_UART_setClockConfig               
000094e7  __TI_decompress_none                 
000094f9  DL_Timer_setCaptureCompareValue      
00009509  wcslen                               
00009519  __TI_zero_init                       
00009529  __aeabi_memset                       
00009529  __aeabi_memset4                      
00009529  __aeabi_memset8                      
00009545  __aeabi_memclr                       
00009545  __aeabi_memclr4                      
00009545  __aeabi_memclr8                      
00009551  DL_Common_delayCycles                
000095b5  __aeabi_errno_addr                   
000095bd  __aeabi_memcpy                       
000095bd  __aeabi_memcpy4                      
000095bd  __aeabi_memcpy8                      
000095f3  abort                                
000095f8  C$$EXIT                              
000095f9  HOSTexit                             
00009609  Reset_Handler                        
0000960d  _system_pre_init                     
0000a206  oled_asc2_1608                       
0000a7f6  oled_asc2_1206                       
0000ac70  __aeabi_ctype_table_                 
0000ac70  __aeabi_ctype_table_C                
0000ae5c  test                                 
0000afe2  reg                                  
0000b09c  hw                                   
0000b14c  __TI_Handler_Table_Base              
0000b158  __TI_Handler_Table_Limit             
0000b160  __TI_CINIT_Base                      
0000b170  __TI_CINIT_Limit                     
0000b170  __TI_CINIT_Warm                      
20200000  OLED_GRAM                            
20200000  __start___llvm_prf_bits              
20200000  __start___llvm_prf_cnts              
20200000  __stop___llvm_prf_bits               
20200000  __stop___llvm_prf_cnts               
20200400  gPWM_0Backup                         
202004d0  buffer                               
202004de  accel                                
202004e4  gyro                                 
202004fc  Get_Encoder_countA                   
20200500  Get_Encoder_countB                   
20200504  PWMA                                 
20200508  PWMB                                 
2020050c  Pitch                                
20200510  Roll                                 
20200514  Yaw                                  
20200518  encoderA_cnt                         
2020051c  encoderB_cnt                         
20200520  gpio_interrup1                       
20200524  gpio_interrup2                       
2020052c  sensors                              
20200530  _ftable                              
2020064c  mpu6050                              
20200670  User_sIICDev                         
20200688  Flag_Stop                            
2020068c  Velcity_Ki                           
20200690  Velcity_Kp                           
20200694  __aeabi_errno                        
20200698  _lock                                
2020069c  _unlock                              
202006a8  q0                                   
202006ac  q1                                   
202006b0  q2                                   
202006b4  q3                                   
20207e00  __stack                              
20208000  __STACK_END                          
ffffffff  __TI_pprof_out_hndl                  
ffffffff  __TI_prof_data_size                  
ffffffff  __TI_prof_data_start                 
ffffffff  __binit__                            
ffffffff  binit                                
UNDEFED   __mpu_init                           
UNDEFED   _system_post_cinit                   

[275 symbols]
