<?xml version="1.0" encoding="ISO-8859-1" ?>
<link_info>
   <banner>TI ARM Clang Linker Unix v4.0.4.LTS</banner>
   <copyright>Copyright (c) 1996-2018 Texas Instruments Incorporated</copyright>
   <command_line>/opt/ccstudio/ccs/tools/compiler/ti-cgt-armllvm_4.0.4.LTS/bin/tiarmlnk -I/opt/ccstudio/ccs/tools/compiler/ti-cgt-armllvm_4.0.4.LTS/lib -o TI-M0G3507-V1.1-LUNQU.out -mTI-M0G3507-V1.1-LUNQU.map -i/home/arch/ti/mspm0_sdk_2_10_00_04/source -i/home/arch/work-space/ti-space/TI-M0G3507-V1.1-LUNQU -i/home/arch/work-space/ti-space/TI-M0G3507-V1.1-LUNQU/Debug/syscfg -i/opt/ccstudio/ccs/tools/compiler/ti-cgt-armllvm_4.0.4.LTS/lib --diag_wrap=off --display_error_number --warn_sections --xml_link_info=TI-M0G3507-V1.1-LUNQU_linkInfo.xml --rom_model ./empty.o ./ti_msp_dl_config.o ./startup_mspm0g350x_ticlang.o ./Hardware/MPU6050.o ./Hardware/board.o ./Hardware/bsp_iic.o ./Hardware/encoder.o ./Hardware/grey.o ./Hardware/inv_mpu.o ./Hardware/inv_mpu_dmp_motion_driver.o ./Hardware/key.o ./Hardware/led.o ./Hardware/motor.o ./Hardware/oled.o -l./device_linker.cmd -ldevice.cmd.genlibs -llibc.a --start-group -llibc++.a -llibc++abi.a -llibc.a -llibsys.a -llibsysbm.a -llibclang_rt.builtins.a -llibclang_rt.profile.a --end-group --cg_opt_level=2</command_line>
   <link_time>0x6a32ad36</link_time>
   <link_errors>0x0</link_errors>
   <output_file>/home/arch/work-space/ti-space/TI-M0G3507-V1.1-LUNQU/Debug/TI-M0G3507-V1.1-LUNQU.out</output_file>
   <entry_point>
      <name>_c_int00_noargs</name>
      <address>0x94a9</address>
   </entry_point>
   <input_file_list>
      <input_file id="fl-1">
         <path>/home/arch/work-space/ti-space/TI-M0G3507-V1.1-LUNQU/Debug/./</path>
         <kind>object</kind>
         <file>empty.o</file>
         <name>empty.o</name>
      </input_file>
      <input_file id="fl-2">
         <path>/home/arch/work-space/ti-space/TI-M0G3507-V1.1-LUNQU/Debug/./</path>
         <kind>object</kind>
         <file>ti_msp_dl_config.o</file>
         <name>ti_msp_dl_config.o</name>
      </input_file>
      <input_file id="fl-3">
         <path>/home/arch/work-space/ti-space/TI-M0G3507-V1.1-LUNQU/Debug/./</path>
         <kind>object</kind>
         <file>startup_mspm0g350x_ticlang.o</file>
         <name>startup_mspm0g350x_ticlang.o</name>
      </input_file>
      <input_file id="fl-4">
         <path>/home/arch/work-space/ti-space/TI-M0G3507-V1.1-LUNQU/Debug/./Hardware/</path>
         <kind>object</kind>
         <file>MPU6050.o</file>
         <name>MPU6050.o</name>
      </input_file>
      <input_file id="fl-5">
         <path>/home/arch/work-space/ti-space/TI-M0G3507-V1.1-LUNQU/Debug/./Hardware/</path>
         <kind>object</kind>
         <file>board.o</file>
         <name>board.o</name>
      </input_file>
      <input_file id="fl-6">
         <path>/home/arch/work-space/ti-space/TI-M0G3507-V1.1-LUNQU/Debug/./Hardware/</path>
         <kind>object</kind>
         <file>bsp_iic.o</file>
         <name>bsp_iic.o</name>
      </input_file>
      <input_file id="fl-7">
         <path>/home/arch/work-space/ti-space/TI-M0G3507-V1.1-LUNQU/Debug/./Hardware/</path>
         <kind>object</kind>
         <file>encoder.o</file>
         <name>encoder.o</name>
      </input_file>
      <input_file id="fl-8">
         <path>/home/arch/work-space/ti-space/TI-M0G3507-V1.1-LUNQU/Debug/./Hardware/</path>
         <kind>object</kind>
         <file>grey.o</file>
         <name>grey.o</name>
      </input_file>
      <input_file id="fl-9">
         <path>/home/arch/work-space/ti-space/TI-M0G3507-V1.1-LUNQU/Debug/./Hardware/</path>
         <kind>object</kind>
         <file>inv_mpu.o</file>
         <name>inv_mpu.o</name>
      </input_file>
      <input_file id="fl-a">
         <path>/home/arch/work-space/ti-space/TI-M0G3507-V1.1-LUNQU/Debug/./Hardware/</path>
         <kind>object</kind>
         <file>inv_mpu_dmp_motion_driver.o</file>
         <name>inv_mpu_dmp_motion_driver.o</name>
      </input_file>
      <input_file id="fl-b">
         <path>/home/arch/work-space/ti-space/TI-M0G3507-V1.1-LUNQU/Debug/./Hardware/</path>
         <kind>object</kind>
         <file>key.o</file>
         <name>key.o</name>
      </input_file>
      <input_file id="fl-c">
         <path>/home/arch/work-space/ti-space/TI-M0G3507-V1.1-LUNQU/Debug/./Hardware/</path>
         <kind>object</kind>
         <file>led.o</file>
         <name>led.o</name>
      </input_file>
      <input_file id="fl-d">
         <path>/home/arch/work-space/ti-space/TI-M0G3507-V1.1-LUNQU/Debug/./Hardware/</path>
         <kind>object</kind>
         <file>motor.o</file>
         <name>motor.o</name>
      </input_file>
      <input_file id="fl-e">
         <path>/home/arch/work-space/ti-space/TI-M0G3507-V1.1-LUNQU/Debug/./Hardware/</path>
         <kind>object</kind>
         <file>oled.o</file>
         <name>oled.o</name>
      </input_file>
      <input_file id="fl-1b">
         <path>/home/arch/work-space/ti-space/TI-M0G3507-V1.1-LUNQU/Debug/</path>
         <kind>object</kind>
         <file>&lt;internal&gt;</file>
         <name>&lt;internal&gt;</name>
      </input_file>
      <input_file id="fl-1c">
         <path>/home/arch/ti/mspm0_sdk_2_10_00_04/source/ti/driverlib/lib/ticlang/m0p/mspm0g1x0x_g3x0x/</path>
         <kind>archive</kind>
         <file>driverlib.a</file>
         <name>dl_common.o</name>
      </input_file>
      <input_file id="fl-1d">
         <path>/home/arch/ti/mspm0_sdk_2_10_00_04/source/ti/driverlib/lib/ticlang/m0p/mspm0g1x0x_g3x0x/</path>
         <kind>archive</kind>
         <file>driverlib.a</file>
         <name>dl_i2c.o</name>
      </input_file>
      <input_file id="fl-1e">
         <path>/home/arch/ti/mspm0_sdk_2_10_00_04/source/ti/driverlib/lib/ticlang/m0p/mspm0g1x0x_g3x0x/</path>
         <kind>archive</kind>
         <file>driverlib.a</file>
         <name>dl_timer.o</name>
      </input_file>
      <input_file id="fl-1f">
         <path>/home/arch/ti/mspm0_sdk_2_10_00_04/source/ti/driverlib/lib/ticlang/m0p/mspm0g1x0x_g3x0x/</path>
         <kind>archive</kind>
         <file>driverlib.a</file>
         <name>dl_uart.o</name>
      </input_file>
      <input_file id="fl-20">
         <path>/home/arch/ti/mspm0_sdk_2_10_00_04/source/ti/driverlib/lib/ticlang/m0p/mspm0g1x0x_g3x0x/</path>
         <kind>archive</kind>
         <file>driverlib.a</file>
         <name>dl_sysctl_mspm0g1x0x_g3x0x.o</name>
      </input_file>
      <input_file id="fl-37">
         <path>/opt/ccstudio/ccs/tools/compiler/ti-cgt-armllvm_4.0.4.LTS/lib/armv6m-ti-none-eabi/c/</path>
         <kind>archive</kind>
         <file>libc.a</file>
         <name>printf.c.obj</name>
      </input_file>
      <input_file id="fl-38">
         <path>/opt/ccstudio/ccs/tools/compiler/ti-cgt-armllvm_4.0.4.LTS/lib/armv6m-ti-none-eabi/c/</path>
         <kind>archive</kind>
         <file>libc.a</file>
         <name>_printfi.c.obj</name>
      </input_file>
      <input_file id="fl-39">
         <path>/opt/ccstudio/ccs/tools/compiler/ti-cgt-armllvm_4.0.4.LTS/lib/armv6m-ti-none-eabi/c/</path>
         <kind>archive</kind>
         <file>libc.a</file>
         <name>e_asin.c.obj</name>
      </input_file>
      <input_file id="fl-3a">
         <path>/opt/ccstudio/ccs/tools/compiler/ti-cgt-armllvm_4.0.4.LTS/lib/armv6m-ti-none-eabi/c/</path>
         <kind>archive</kind>
         <file>libc.a</file>
         <name>e_atan2.c.obj</name>
      </input_file>
      <input_file id="fl-3b">
         <path>/opt/ccstudio/ccs/tools/compiler/ti-cgt-armllvm_4.0.4.LTS/lib/armv6m-ti-none-eabi/c/</path>
         <kind>archive</kind>
         <file>libc.a</file>
         <name>e_sqrt.c.obj</name>
      </input_file>
      <input_file id="fl-3c">
         <path>/opt/ccstudio/ccs/tools/compiler/ti-cgt-armllvm_4.0.4.LTS/lib/armv6m-ti-none-eabi/c/</path>
         <kind>archive</kind>
         <file>libc.a</file>
         <name>s_atan.c.obj</name>
      </input_file>
      <input_file id="fl-3d">
         <path>/opt/ccstudio/ccs/tools/compiler/ti-cgt-armllvm_4.0.4.LTS/lib/armv6m-ti-none-eabi/c/</path>
         <kind>archive</kind>
         <file>libc.a</file>
         <name>s_frexp.c.obj</name>
      </input_file>
      <input_file id="fl-3e">
         <path>/opt/ccstudio/ccs/tools/compiler/ti-cgt-armllvm_4.0.4.LTS/lib/armv6m-ti-none-eabi/c/</path>
         <kind>archive</kind>
         <file>libc.a</file>
         <name>s_scalbn.c.obj</name>
      </input_file>
      <input_file id="fl-3f">
         <path>/opt/ccstudio/ccs/tools/compiler/ti-cgt-armllvm_4.0.4.LTS/lib/armv6m-ti-none-eabi/c/</path>
         <kind>archive</kind>
         <file>libc.a</file>
         <name>wcslen.c.obj</name>
      </input_file>
      <input_file id="fl-40">
         <path>/opt/ccstudio/ccs/tools/compiler/ti-cgt-armllvm_4.0.4.LTS/lib/armv6m-ti-none-eabi/c/</path>
         <kind>archive</kind>
         <file>libc.a</file>
         <name>aeabi_portable.c.obj</name>
      </input_file>
      <input_file id="fl-41">
         <path>/opt/ccstudio/ccs/tools/compiler/ti-cgt-armllvm_4.0.4.LTS/lib/armv6m-ti-none-eabi/c/</path>
         <kind>archive</kind>
         <file>libc.a</file>
         <name>_lock.c.obj</name>
      </input_file>
      <input_file id="fl-42">
         <path>/opt/ccstudio/ccs/tools/compiler/ti-cgt-armllvm_4.0.4.LTS/lib/armv6m-ti-none-eabi/c/</path>
         <kind>archive</kind>
         <file>libc.a</file>
         <name>_ltoa.c.obj</name>
      </input_file>
      <input_file id="fl-43">
         <path>/opt/ccstudio/ccs/tools/compiler/ti-cgt-armllvm_4.0.4.LTS/lib/armv6m-ti-none-eabi/c/</path>
         <kind>archive</kind>
         <file>libc.a</file>
         <name>assert.c.obj</name>
      </input_file>
      <input_file id="fl-44">
         <path>/opt/ccstudio/ccs/tools/compiler/ti-cgt-armllvm_4.0.4.LTS/lib/armv6m-ti-none-eabi/c/</path>
         <kind>archive</kind>
         <file>libc.a</file>
         <name>atoi.c.obj</name>
      </input_file>
      <input_file id="fl-45">
         <path>/opt/ccstudio/ccs/tools/compiler/ti-cgt-armllvm_4.0.4.LTS/lib/armv6m-ti-none-eabi/c/</path>
         <kind>archive</kind>
         <file>libc.a</file>
         <name>defs.c.obj</name>
      </input_file>
      <input_file id="fl-46">
         <path>/opt/ccstudio/ccs/tools/compiler/ti-cgt-armllvm_4.0.4.LTS/lib/armv6m-ti-none-eabi/c/</path>
         <kind>archive</kind>
         <file>libc.a</file>
         <name>memccpy.c.obj</name>
      </input_file>
      <input_file id="fl-47">
         <path>/opt/ccstudio/ccs/tools/compiler/ti-cgt-armllvm_4.0.4.LTS/lib/armv6m-ti-none-eabi/c/</path>
         <kind>archive</kind>
         <file>libc.a</file>
         <name>memory.c.obj</name>
      </input_file>
      <input_file id="fl-48">
         <path>/opt/ccstudio/ccs/tools/compiler/ti-cgt-armllvm_4.0.4.LTS/lib/armv6m-ti-none-eabi/c/</path>
         <kind>archive</kind>
         <file>libc.a</file>
         <name>copy_zero_init.c.obj</name>
      </input_file>
      <input_file id="fl-49">
         <path>/opt/ccstudio/ccs/tools/compiler/ti-cgt-armllvm_4.0.4.LTS/lib/armv6m-ti-none-eabi/c/</path>
         <kind>archive</kind>
         <file>libc.a</file>
         <name>copy_decompress_none.c.obj</name>
      </input_file>
      <input_file id="fl-4a">
         <path>/opt/ccstudio/ccs/tools/compiler/ti-cgt-armllvm_4.0.4.LTS/lib/armv6m-ti-none-eabi/c/</path>
         <kind>archive</kind>
         <file>libc.a</file>
         <name>copy_decompress_lzss.c.obj</name>
      </input_file>
      <input_file id="fl-4b">
         <path>/opt/ccstudio/ccs/tools/compiler/ti-cgt-armllvm_4.0.4.LTS/lib/armv6m-ti-none-eabi/c/</path>
         <kind>archive</kind>
         <file>libc.a</file>
         <name>boot_cortex_m.c.obj</name>
      </input_file>
      <input_file id="fl-4c">
         <path>/opt/ccstudio/ccs/tools/compiler/ti-cgt-armllvm_4.0.4.LTS/lib/armv6m-ti-none-eabi/c/</path>
         <kind>archive</kind>
         <file>libc.a</file>
         <name>mathacl_init.c.obj</name>
      </input_file>
      <input_file id="fl-4d">
         <path>/opt/ccstudio/ccs/tools/compiler/ti-cgt-armllvm_4.0.4.LTS/lib/armv6m-ti-none-eabi/c/</path>
         <kind>archive</kind>
         <file>libc.a</file>
         <name>sprintf.c.obj</name>
      </input_file>
      <input_file id="fl-4e">
         <path>/opt/ccstudio/ccs/tools/compiler/ti-cgt-armllvm_4.0.4.LTS/lib/armv6m-ti-none-eabi/c/</path>
         <kind>archive</kind>
         <file>libc.a</file>
         <name>fflush.c.obj</name>
      </input_file>
      <input_file id="fl-4f">
         <path>/opt/ccstudio/ccs/tools/compiler/ti-cgt-armllvm_4.0.4.LTS/lib/armv6m-ti-none-eabi/c/</path>
         <kind>archive</kind>
         <file>libc.a</file>
         <name>aeabi_ctype.S.obj</name>
      </input_file>
      <input_file id="fl-50">
         <path>/opt/ccstudio/ccs/tools/compiler/ti-cgt-armllvm_4.0.4.LTS/lib/armv6m-ti-none-eabi/c/</path>
         <kind>archive</kind>
         <file>libc.a</file>
         <name>exit.c.obj</name>
      </input_file>
      <input_file id="fl-51">
         <path>/opt/ccstudio/ccs/tools/compiler/ti-cgt-armllvm_4.0.4.LTS/lib/armv6m-ti-none-eabi/c/</path>
         <kind>archive</kind>
         <file>libc.a</file>
         <name>args_main.c.obj</name>
      </input_file>
      <input_file id="fl-52">
         <path>/opt/ccstudio/ccs/tools/compiler/ti-cgt-armllvm_4.0.4.LTS/lib/armv6m-ti-none-eabi/c/</path>
         <kind>archive</kind>
         <file>libc.a</file>
         <name>autoinit.c.obj</name>
      </input_file>
      <input_file id="fl-53">
         <path>/opt/ccstudio/ccs/tools/compiler/ti-cgt-armllvm_4.0.4.LTS/lib/armv6m-ti-none-eabi/c/</path>
         <kind>archive</kind>
         <file>libc.a</file>
         <name>pre_init.c.obj</name>
      </input_file>
      <input_file id="fl-54">
         <path>/opt/ccstudio/ccs/tools/compiler/ti-cgt-armllvm_4.0.4.LTS/lib/armv6m-ti-none-eabi/c/</path>
         <kind>archive</kind>
         <file>libc.a</file>
         <name>cpy_tbl.c.obj</name>
      </input_file>
      <input_file id="fl-f4">
         <path>/opt/ccstudio/ccs/tools/compiler/ti-cgt-armllvm_4.0.4.LTS/lib/armv6m-ti-none-eabi/c/</path>
         <kind>archive</kind>
         <file>libsysbm.a</file>
         <name>hostexit.c.obj</name>
      </input_file>
      <input_file id="fl-f5">
         <path>/opt/ccstudio/ccs/tools/compiler/ti-cgt-armllvm_4.0.4.LTS/lib/armv6m-ti-none-eabi/c/</path>
         <kind>archive</kind>
         <file>libsysbm.a</file>
         <name>write.c.obj</name>
      </input_file>
      <input_file id="fl-f6">
         <path>/opt/ccstudio/ccs/tools/compiler/ti-cgt-armllvm_4.0.4.LTS/lib/armv6m-ti-none-eabi/c/</path>
         <kind>archive</kind>
         <file>libsysbm.a</file>
         <name>host_device.c.obj</name>
      </input_file>
      <input_file id="fl-f7">
         <path>/opt/ccstudio/ccs/tools/compiler/ti-cgt-armllvm_4.0.4.LTS/lib/armv6m-ti-none-eabi/c/</path>
         <kind>archive</kind>
         <file>libsysbm.a</file>
         <name>hostclose.c.obj</name>
      </input_file>
      <input_file id="fl-f8">
         <path>/opt/ccstudio/ccs/tools/compiler/ti-cgt-armllvm_4.0.4.LTS/lib/armv6m-ti-none-eabi/c/</path>
         <kind>archive</kind>
         <file>libsysbm.a</file>
         <name>hostlseek.c.obj</name>
      </input_file>
      <input_file id="fl-f9">
         <path>/opt/ccstudio/ccs/tools/compiler/ti-cgt-armllvm_4.0.4.LTS/lib/armv6m-ti-none-eabi/c/</path>
         <kind>archive</kind>
         <file>libsysbm.a</file>
         <name>hostopen.c.obj</name>
      </input_file>
      <input_file id="fl-fa">
         <path>/opt/ccstudio/ccs/tools/compiler/ti-cgt-armllvm_4.0.4.LTS/lib/armv6m-ti-none-eabi/c/</path>
         <kind>archive</kind>
         <file>libsysbm.a</file>
         <name>hostread.c.obj</name>
      </input_file>
      <input_file id="fl-fb">
         <path>/opt/ccstudio/ccs/tools/compiler/ti-cgt-armllvm_4.0.4.LTS/lib/armv6m-ti-none-eabi/c/</path>
         <kind>archive</kind>
         <file>libsysbm.a</file>
         <name>hostrename.c.obj</name>
      </input_file>
      <input_file id="fl-fc">
         <path>/opt/ccstudio/ccs/tools/compiler/ti-cgt-armllvm_4.0.4.LTS/lib/armv6m-ti-none-eabi/c/</path>
         <kind>archive</kind>
         <file>libsysbm.a</file>
         <name>hostunlink.c.obj</name>
      </input_file>
      <input_file id="fl-fd">
         <path>/opt/ccstudio/ccs/tools/compiler/ti-cgt-armllvm_4.0.4.LTS/lib/armv6m-ti-none-eabi/c/</path>
         <kind>archive</kind>
         <file>libsysbm.a</file>
         <name>hostwrite.c.obj</name>
      </input_file>
      <input_file id="fl-fe">
         <path>/opt/ccstudio/ccs/tools/compiler/ti-cgt-armllvm_4.0.4.LTS/lib/armv6m-ti-none-eabi/c/</path>
         <kind>archive</kind>
         <file>libsysbm.a</file>
         <name>trgmsg.c.obj</name>
      </input_file>
      <input_file id="fl-ff">
         <path>/opt/ccstudio/ccs/tools/compiler/ti-cgt-armllvm_4.0.4.LTS/lib/armv6m-ti-none-eabi/</path>
         <kind>archive</kind>
         <file>libclang_rt.builtins.a</file>
         <name>addsf3.S.obj</name>
      </input_file>
      <input_file id="fl-100">
         <path>/opt/ccstudio/ccs/tools/compiler/ti-cgt-armllvm_4.0.4.LTS/lib/armv6m-ti-none-eabi/</path>
         <kind>archive</kind>
         <file>libclang_rt.builtins.a</file>
         <name>adddf3.S.obj</name>
      </input_file>
      <input_file id="fl-101">
         <path>/opt/ccstudio/ccs/tools/compiler/ti-cgt-armllvm_4.0.4.LTS/lib/armv6m-ti-none-eabi/</path>
         <kind>archive</kind>
         <file>libclang_rt.builtins.a</file>
         <name>muldf3.S.obj</name>
      </input_file>
      <input_file id="fl-102">
         <path>/opt/ccstudio/ccs/tools/compiler/ti-cgt-armllvm_4.0.4.LTS/lib/armv6m-ti-none-eabi/</path>
         <kind>archive</kind>
         <file>libclang_rt.builtins.a</file>
         <name>muldsi3.S.obj</name>
      </input_file>
      <input_file id="fl-103">
         <path>/opt/ccstudio/ccs/tools/compiler/ti-cgt-armllvm_4.0.4.LTS/lib/armv6m-ti-none-eabi/</path>
         <kind>archive</kind>
         <file>libclang_rt.builtins.a</file>
         <name>mulsf3.S.obj</name>
      </input_file>
      <input_file id="fl-104">
         <path>/opt/ccstudio/ccs/tools/compiler/ti-cgt-armllvm_4.0.4.LTS/lib/armv6m-ti-none-eabi/</path>
         <kind>archive</kind>
         <file>libclang_rt.builtins.a</file>
         <name>divsf3.S.obj</name>
      </input_file>
      <input_file id="fl-105">
         <path>/opt/ccstudio/ccs/tools/compiler/ti-cgt-armllvm_4.0.4.LTS/lib/armv6m-ti-none-eabi/</path>
         <kind>archive</kind>
         <file>libclang_rt.builtins.a</file>
         <name>divdf3.S.obj</name>
      </input_file>
      <input_file id="fl-106">
         <path>/opt/ccstudio/ccs/tools/compiler/ti-cgt-armllvm_4.0.4.LTS/lib/armv6m-ti-none-eabi/</path>
         <kind>archive</kind>
         <file>libclang_rt.builtins.a</file>
         <name>extendsfdf2.S.obj</name>
      </input_file>
      <input_file id="fl-107">
         <path>/opt/ccstudio/ccs/tools/compiler/ti-cgt-armllvm_4.0.4.LTS/lib/armv6m-ti-none-eabi/</path>
         <kind>archive</kind>
         <file>libclang_rt.builtins.a</file>
         <name>fixdfsi.S.obj</name>
      </input_file>
      <input_file id="fl-108">
         <path>/opt/ccstudio/ccs/tools/compiler/ti-cgt-armllvm_4.0.4.LTS/lib/armv6m-ti-none-eabi/</path>
         <kind>archive</kind>
         <file>libclang_rt.builtins.a</file>
         <name>fixsfsi.S.obj</name>
      </input_file>
      <input_file id="fl-109">
         <path>/opt/ccstudio/ccs/tools/compiler/ti-cgt-armllvm_4.0.4.LTS/lib/armv6m-ti-none-eabi/</path>
         <kind>archive</kind>
         <file>libclang_rt.builtins.a</file>
         <name>floatsidf.S.obj</name>
      </input_file>
      <input_file id="fl-10a">
         <path>/opt/ccstudio/ccs/tools/compiler/ti-cgt-armllvm_4.0.4.LTS/lib/armv6m-ti-none-eabi/</path>
         <kind>archive</kind>
         <file>libclang_rt.builtins.a</file>
         <name>floatsisf.S.obj</name>
      </input_file>
      <input_file id="fl-10b">
         <path>/opt/ccstudio/ccs/tools/compiler/ti-cgt-armllvm_4.0.4.LTS/lib/armv6m-ti-none-eabi/</path>
         <kind>archive</kind>
         <file>libclang_rt.builtins.a</file>
         <name>floatunsisf.S.obj</name>
      </input_file>
      <input_file id="fl-10c">
         <path>/opt/ccstudio/ccs/tools/compiler/ti-cgt-armllvm_4.0.4.LTS/lib/armv6m-ti-none-eabi/</path>
         <kind>archive</kind>
         <file>libclang_rt.builtins.a</file>
         <name>muldi3.S.obj</name>
      </input_file>
      <input_file id="fl-10d">
         <path>/opt/ccstudio/ccs/tools/compiler/ti-cgt-armllvm_4.0.4.LTS/lib/armv6m-ti-none-eabi/</path>
         <kind>archive</kind>
         <file>libclang_rt.builtins.a</file>
         <name>truncdfsf2.S.obj</name>
      </input_file>
      <input_file id="fl-10e">
         <path>/opt/ccstudio/ccs/tools/compiler/ti-cgt-armllvm_4.0.4.LTS/lib/armv6m-ti-none-eabi/</path>
         <kind>archive</kind>
         <file>libclang_rt.builtins.a</file>
         <name>aeabi_dcmp.S.obj</name>
      </input_file>
      <input_file id="fl-10f">
         <path>/opt/ccstudio/ccs/tools/compiler/ti-cgt-armllvm_4.0.4.LTS/lib/armv6m-ti-none-eabi/</path>
         <kind>archive</kind>
         <file>libclang_rt.builtins.a</file>
         <name>aeabi_fcmp.S.obj</name>
      </input_file>
      <input_file id="fl-110">
         <path>/opt/ccstudio/ccs/tools/compiler/ti-cgt-armllvm_4.0.4.LTS/lib/armv6m-ti-none-eabi/</path>
         <kind>archive</kind>
         <file>libclang_rt.builtins.a</file>
         <name>aeabi_idivmod.S.obj</name>
      </input_file>
      <input_file id="fl-111">
         <path>/opt/ccstudio/ccs/tools/compiler/ti-cgt-armllvm_4.0.4.LTS/lib/armv6m-ti-none-eabi/</path>
         <kind>archive</kind>
         <file>libclang_rt.builtins.a</file>
         <name>aeabi_ldivmod.S.obj</name>
      </input_file>
      <input_file id="fl-112">
         <path>/opt/ccstudio/ccs/tools/compiler/ti-cgt-armllvm_4.0.4.LTS/lib/armv6m-ti-none-eabi/</path>
         <kind>archive</kind>
         <file>libclang_rt.builtins.a</file>
         <name>aeabi_memcpy.S.obj</name>
      </input_file>
      <input_file id="fl-113">
         <path>/opt/ccstudio/ccs/tools/compiler/ti-cgt-armllvm_4.0.4.LTS/lib/armv6m-ti-none-eabi/</path>
         <kind>archive</kind>
         <file>libclang_rt.builtins.a</file>
         <name>aeabi_memmove.S.obj</name>
      </input_file>
      <input_file id="fl-114">
         <path>/opt/ccstudio/ccs/tools/compiler/ti-cgt-armllvm_4.0.4.LTS/lib/armv6m-ti-none-eabi/</path>
         <kind>archive</kind>
         <file>libclang_rt.builtins.a</file>
         <name>aeabi_memset.S.obj</name>
      </input_file>
      <input_file id="fl-115">
         <path>/opt/ccstudio/ccs/tools/compiler/ti-cgt-armllvm_4.0.4.LTS/lib/armv6m-ti-none-eabi/</path>
         <kind>archive</kind>
         <file>libclang_rt.builtins.a</file>
         <name>aeabi_uidivmod.S.obj</name>
      </input_file>
      <input_file id="fl-116">
         <path>/opt/ccstudio/ccs/tools/compiler/ti-cgt-armllvm_4.0.4.LTS/lib/armv6m-ti-none-eabi/</path>
         <kind>archive</kind>
         <file>libclang_rt.builtins.a</file>
         <name>aeabi_uldivmod.S.obj</name>
      </input_file>
      <input_file id="fl-117">
         <path>/opt/ccstudio/ccs/tools/compiler/ti-cgt-armllvm_4.0.4.LTS/lib/armv6m-ti-none-eabi/</path>
         <kind>archive</kind>
         <file>libclang_rt.builtins.a</file>
         <name>comparesf2.S.obj</name>
      </input_file>
      <input_file id="fl-118">
         <path>/opt/ccstudio/ccs/tools/compiler/ti-cgt-armllvm_4.0.4.LTS/lib/armv6m-ti-none-eabi/</path>
         <kind>archive</kind>
         <file>libclang_rt.builtins.a</file>
         <name>udivmoddi4.S.obj</name>
      </input_file>
      <input_file id="fl-119">
         <path>/opt/ccstudio/ccs/tools/compiler/ti-cgt-armllvm_4.0.4.LTS/lib/armv6m-ti-none-eabi/</path>
         <kind>archive</kind>
         <file>libclang_rt.builtins.a</file>
         <name>ashldi3.S.obj</name>
      </input_file>
      <input_file id="fl-11a">
         <path>/opt/ccstudio/ccs/tools/compiler/ti-cgt-armllvm_4.0.4.LTS/lib/armv6m-ti-none-eabi/</path>
         <kind>archive</kind>
         <file>libclang_rt.builtins.a</file>
         <name>comparedf2.c.obj</name>
      </input_file>
      <input_file id="fl-11b">
         <path>/opt/ccstudio/ccs/tools/compiler/ti-cgt-armllvm_4.0.4.LTS/lib/armv6m-ti-none-eabi/</path>
         <kind>archive</kind>
         <file>libclang_rt.builtins.a</file>
         <name>divmoddi4.c.obj</name>
      </input_file>
      <input_file id="fl-11c">
         <path>/opt/ccstudio/ccs/tools/compiler/ti-cgt-armllvm_4.0.4.LTS/lib/armv6m-ti-none-eabi/</path>
         <kind>archive</kind>
         <file>libclang_rt.builtins.a</file>
         <name>aeabi_div0.c.obj</name>
      </input_file>
      <input_file id="fl-11d">
         <path>/opt/ccstudio/ccs/tools/compiler/ti-cgt-armllvm_4.0.4.LTS/lib/armv6m-ti-none-eabi/c/</path>
         <kind>archive</kind>
         <file>libc.a</file>
         <name>memcpy16.S.obj</name>
      </input_file>
      <input_file id="fl-11e">
         <path>/opt/ccstudio/ccs/tools/compiler/ti-cgt-armllvm_4.0.4.LTS/lib/armv6m-ti-none-eabi/c/</path>
         <kind>archive</kind>
         <file>libc.a</file>
         <name>memset16.S.obj</name>
      </input_file>
      <input_file id="fl-11f">
         <path>/opt/ccstudio/ccs/tools/compiler/ti-cgt-armllvm_4.0.4.LTS/lib/armv6m-ti-none-eabi/c/</path>
         <kind>archive</kind>
         <file>libc.a</file>
         <name>memmov.c.obj</name>
      </input_file>
   </input_file_list>
   <object_component_list>
      <object_component id="oc-18">
         <name>.intvecs</name>
         <load_address>0x0</load_address>
         <readonly>true</readonly>
         <run_address>0x0</run_address>
         <size>0xc0</size>
         <alignment>0x4</alignment>
         <input_file_ref idref="fl-3"/>
      </object_component>
      <object_component id="oc-fd">
         <name>.text.OLED_Init</name>
         <load_address>0xc0</load_address>
         <readonly>true</readonly>
         <executable>true</executable>
         <run_address>0xc0</run_address>
         <size>0xfd0</size>
         <alignment>0x4</alignment>
         <input_file_ref idref="fl-e"/>
      </object_component>
      <object_component id="oc-104">
         <name>.text.OLED_ShowString</name>
         <load_address>0x1090</load_address>
         <readonly>true</readonly>
         <executable>true</executable>
         <run_address>0x1090</run_address>
         <size>0xcd0</size>
         <alignment>0x4</alignment>
         <input_file_ref idref="fl-e"/>
      </object_component>
      <object_component id="oc-103">
         <name>.text.OLED_Clear</name>
         <load_address>0x1d60</load_address>
         <readonly>true</readonly>
         <executable>true</executable>
         <run_address>0x1d60</run_address>
         <size>0xa90</size>
         <alignment>0x4</alignment>
         <input_file_ref idref="fl-e"/>
      </object_component>
      <object_component id="oc-1b6">
         <name>.text.mpu_run_self_test</name>
         <load_address>0x27f0</load_address>
         <readonly>true</readonly>
         <executable>true</executable>
         <run_address>0x27f0</run_address>
         <size>0x948</size>
         <alignment>0x4</alignment>
         <input_file_ref idref="fl-9"/>
      </object_component>
      <object_component id="oc-270">
         <name>.text:__TI_printfi_nofloat</name>
         <load_address>0x3138</load_address>
         <readonly>true</readonly>
         <executable>true</executable>
         <run_address>0x3138</run_address>
         <size>0x868</size>
         <alignment>0x4</alignment>
         <input_file_ref idref="fl-38"/>
      </object_component>
      <object_component id="oc-11f">
         <name>.text.OLED_ShowNumber</name>
         <load_address>0x39a0</load_address>
         <readonly>true</readonly>
         <executable>true</executable>
         <run_address>0x39a0</run_address>
         <size>0x500</size>
         <alignment>0x4</alignment>
         <input_file_ref idref="fl-e"/>
      </object_component>
      <object_component id="oc-99">
         <name>.text.main</name>
         <load_address>0x3ea0</load_address>
         <readonly>true</readonly>
         <executable>true</executable>
         <run_address>0x3ea0</run_address>
         <size>0x4d0</size>
         <alignment>0x4</alignment>
         <input_file_ref idref="fl-1"/>
      </object_component>
      <object_component id="oc-253">
         <name>.text.get_st_biases</name>
         <load_address>0x4370</load_address>
         <readonly>true</readonly>
         <executable>true</executable>
         <run_address>0x4370</run_address>
         <size>0x3a0</size>
         <alignment>0x4</alignment>
         <input_file_ref idref="fl-9"/>
      </object_component>
      <object_component id="oc-b6">
         <name>.text.asin</name>
         <load_address>0x4710</load_address>
         <readonly>true</readonly>
         <executable>true</executable>
         <run_address>0x4710</run_address>
         <size>0x364</size>
         <alignment>0x4</alignment>
         <input_file_ref idref="fl-39"/>
      </object_component>
      <object_component id="oc-18b">
         <name>.text.atan</name>
         <load_address>0x4a74</load_address>
         <readonly>true</readonly>
         <executable>true</executable>
         <run_address>0x4a74</run_address>
         <size>0x2f8</size>
         <alignment>0x4</alignment>
         <input_file_ref idref="fl-3c"/>
      </object_component>
      <object_component id="oc-1b4">
         <name>.text.dmp_enable_feature</name>
         <load_address>0x4d6c</load_address>
         <readonly>true</readonly>
         <executable>true</executable>
         <run_address>0x4d6c</run_address>
         <size>0x2b0</size>
         <alignment>0x4</alignment>
         <input_file_ref idref="fl-a"/>
      </object_component>
      <object_component id="oc-22d">
         <name>.text.SYSCFG_DL_SYSCTL_SYSPLL_init</name>
         <load_address>0x501c</load_address>
         <readonly>true</readonly>
         <executable>true</executable>
         <run_address>0x501c</run_address>
         <size>0x2a8</size>
         <alignment>0x4</alignment>
         <input_file_ref idref="fl-2"/>
      </object_component>
      <object_component id="oc-24a">
         <name>.text.mpu_lp_accel_mode</name>
         <load_address>0x52c4</load_address>
         <readonly>true</readonly>
         <executable>true</executable>
         <run_address>0x52c4</run_address>
         <size>0x264</size>
         <alignment>0x4</alignment>
         <input_file_ref idref="fl-9"/>
      </object_component>
      <object_component id="oc-105">
         <name>.text.OLED_Refresh_Gram</name>
         <load_address>0x5528</load_address>
         <readonly>true</readonly>
         <executable>true</executable>
         <run_address>0x5528</run_address>
         <size>0x208</size>
         <alignment>0x4</alignment>
         <input_file_ref idref="fl-e"/>
      </object_component>
      <object_component id="oc-5e">
         <name>.text.Read_DMP</name>
         <load_address>0x5730</load_address>
         <readonly>true</readonly>
         <executable>true</executable>
         <run_address>0x5730</run_address>
         <size>0x204</size>
         <alignment>0x4</alignment>
         <input_file_ref idref="fl-4"/>
      </object_component>
      <object_component id="oc-113">
         <name>.text.delay_ms</name>
         <load_address>0x5934</load_address>
         <readonly>true</readonly>
         <executable>true</executable>
         <run_address>0x5934</run_address>
         <size>0x1c0</size>
         <alignment>0x4</alignment>
         <input_file_ref idref="fl-5"/>
      </object_component>
      <object_component id="oc-a4">
         <name>.text.dmp_read_fifo</name>
         <load_address>0x5af4</load_address>
         <readonly>true</readonly>
         <executable>true</executable>
         <run_address>0x5af4</run_address>
         <size>0x1a8</size>
         <alignment>0x4</alignment>
         <input_file_ref idref="fl-a"/>
      </object_component>
      <object_component id="oc-1ae">
         <name>.text.mpu_init</name>
         <load_address>0x5c9c</load_address>
         <readonly>true</readonly>
         <executable>true</executable>
         <run_address>0x5c9c</run_address>
         <size>0x1a0</size>
         <alignment>0x4</alignment>
         <input_file_ref idref="fl-9"/>
      </object_component>
      <object_component id="oc-15f">
         <name>.text.mpu_reset_fifo</name>
         <load_address>0x5e3c</load_address>
         <readonly>true</readonly>
         <executable>true</executable>
         <run_address>0x5e3c</run_address>
         <size>0x1a0</size>
         <alignment>0x4</alignment>
         <input_file_ref idref="fl-9"/>
      </object_component>
      <object_component id="oc-24b">
         <name>.text.mpu_load_firmware</name>
         <load_address>0x5fdc</load_address>
         <readonly>true</readonly>
         <executable>true</executable>
         <run_address>0x5fdc</run_address>
         <size>0x19c</size>
         <alignment>0x4</alignment>
         <input_file_ref idref="fl-9"/>
      </object_component>
      <object_component id="oc-107">
         <name>.text.DMP_Init</name>
         <load_address>0x6178</load_address>
         <readonly>true</readonly>
         <executable>true</executable>
         <run_address>0x6178</run_address>
         <size>0x198</size>
         <alignment>0x4</alignment>
         <input_file_ref idref="fl-4"/>
      </object_component>
      <object_component id="oc-172">
         <name>.text.adddf3_subdf3</name>
         <load_address>0x6310</load_address>
         <readonly>true</readonly>
         <executable>true</executable>
         <run_address>0x6310</run_address>
         <size>0x192</size>
         <alignment>0x4</alignment>
         <input_file_ref idref="fl-100"/>
      </object_component>
      <object_component id="oc-33">
         <name>.text.Default_Handler</name>
         <load_address>0x64a2</load_address>
         <readonly>true</readonly>
         <executable>true</executable>
         <run_address>0x64a2</run_address>
         <size>0x2</size>
         <alignment>0x2</alignment>
         <input_file_ref idref="fl-3"/>
      </object_component>
      <object_component id="oc-c4">
         <name>.text.atan2</name>
         <load_address>0x64a4</load_address>
         <readonly>true</readonly>
         <executable>true</executable>
         <run_address>0x64a4</run_address>
         <size>0x188</size>
         <alignment>0x4</alignment>
         <input_file_ref idref="fl-3a"/>
      </object_component>
      <object_component id="oc-116">
         <name>.text.OLED_ShowChar</name>
         <load_address>0x662c</load_address>
         <readonly>true</readonly>
         <executable>true</executable>
         <run_address>0x662c</run_address>
         <size>0x174</size>
         <alignment>0x4</alignment>
         <input_file_ref idref="fl-e"/>
      </object_component>
      <object_component id="oc-17c">
         <name>.text.sqrt</name>
         <load_address>0x67a0</load_address>
         <readonly>true</readonly>
         <executable>true</executable>
         <run_address>0x67a0</run_address>
         <size>0x170</size>
         <alignment>0x4</alignment>
         <input_file_ref idref="fl-3b"/>
      </object_component>
      <object_component id="oc-106">
         <name>.text.MPU6050_initialize</name>
         <load_address>0x6910</load_address>
         <readonly>true</readonly>
         <executable>true</executable>
         <run_address>0x6910</run_address>
         <size>0x158</size>
         <alignment>0x4</alignment>
         <input_file_ref idref="fl-4"/>
      </object_component>
      <object_component id="oc-251">
         <name>.text.dmp_set_tap_thresh</name>
         <load_address>0x6a68</load_address>
         <readonly>true</readonly>
         <executable>true</executable>
         <run_address>0x6a68</run_address>
         <size>0x134</size>
         <alignment>0x4</alignment>
         <input_file_ref idref="fl-a"/>
      </object_component>
      <object_component id="oc-246">
         <name>.text.mpu_set_bypass</name>
         <load_address>0x6b9c</load_address>
         <readonly>true</readonly>
         <executable>true</executable>
         <run_address>0x6b9c</run_address>
         <size>0x124</size>
         <alignment>0x4</alignment>
         <input_file_ref idref="fl-9"/>
      </object_component>
      <object_component id="oc-19f">
         <name>.text.SYSCFG_DL_GPIO_init</name>
         <load_address>0x6cc0</load_address>
         <readonly>true</readonly>
         <executable>true</executable>
         <run_address>0x6cc0</run_address>
         <size>0x11c</size>
         <alignment>0x4</alignment>
         <input_file_ref idref="fl-2"/>
      </object_component>
      <object_component id="oc-183">
         <name>.text.__divdf3</name>
         <load_address>0x6ddc</load_address>
         <readonly>true</readonly>
         <executable>true</executable>
         <run_address>0x6ddc</run_address>
         <size>0x10c</size>
         <alignment>0x4</alignment>
         <input_file_ref idref="fl-105"/>
      </object_component>
      <object_component id="oc-114">
         <name>.text.grey_read_digital</name>
         <load_address>0x6ee8</load_address>
         <readonly>true</readonly>
         <executable>true</executable>
         <run_address>0x6ee8</run_address>
         <size>0x10c</size>
         <alignment>0x4</alignment>
         <input_file_ref idref="fl-8"/>
      </object_component>
      <object_component id="oc-1bb">
         <name>.text.mpu_set_dmp_state</name>
         <load_address>0x6ff4</load_address>
         <readonly>true</readonly>
         <executable>true</executable>
         <run_address>0x6ff4</run_address>
         <size>0x10c</size>
         <alignment>0x4</alignment>
         <input_file_ref idref="fl-9"/>
      </object_component>
      <object_component id="oc-231">
         <name>.text.DL_Timer_initFourCCPWMMode</name>
         <load_address>0x7100</load_address>
         <readonly>true</readonly>
         <executable>true</executable>
         <run_address>0x7100</run_address>
         <size>0x104</size>
         <alignment>0x4</alignment>
         <input_file_ref idref="fl-1e"/>
      </object_component>
      <object_component id="oc-236">
         <name>.text.DL_Timer_initTimerMode</name>
         <load_address>0x7204</load_address>
         <readonly>true</readonly>
         <executable>true</executable>
         <run_address>0x7204</run_address>
         <size>0xfc</size>
         <alignment>0x4</alignment>
         <input_file_ref idref="fl-1e"/>
      </object_component>
      <object_component id="oc-1b1">
         <name>.text.mpu_set_sample_rate</name>
         <load_address>0x7300</load_address>
         <readonly>true</readonly>
         <executable>true</executable>
         <run_address>0x7300</run_address>
         <size>0xfc</size>
         <alignment>0x4</alignment>
         <input_file_ref idref="fl-9"/>
      </object_component>
      <object_component id="oc-1af">
         <name>.text.mpu_set_sensors</name>
         <load_address>0x73fc</load_address>
         <readonly>true</readonly>
         <executable>true</executable>
         <run_address>0x73fc</run_address>
         <size>0xfc</size>
         <alignment>0x4</alignment>
         <input_file_ref idref="fl-9"/>
      </object_component>
      <object_component id="oc-1b8">
         <name>.text.dmp_set_gyro_bias</name>
         <load_address>0x74f8</load_address>
         <readonly>true</readonly>
         <executable>true</executable>
         <run_address>0x74f8</run_address>
         <size>0xf0</size>
         <alignment>0x4</alignment>
         <input_file_ref idref="fl-a"/>
      </object_component>
      <object_component id="oc-1b3">
         <name>.text.dmp_set_orientation</name>
         <load_address>0x75e8</load_address>
         <readonly>true</readonly>
         <executable>true</executable>
         <run_address>0x75e8</run_address>
         <size>0xec</size>
         <alignment>0x4</alignment>
         <input_file_ref idref="fl-a"/>
      </object_component>
      <object_component id="oc-bc">
         <name>.text.__muldf3</name>
         <load_address>0x76d4</load_address>
         <readonly>true</readonly>
         <executable>true</executable>
         <run_address>0x76d4</run_address>
         <size>0xe4</size>
         <alignment>0x4</alignment>
         <input_file_ref idref="fl-101"/>
      </object_component>
      <object_component id="oc-269">
         <name>.text.mspm0_i2c_read</name>
         <load_address>0x77b8</load_address>
         <readonly>true</readonly>
         <executable>true</executable>
         <run_address>0x77b8</run_address>
         <size>0xe4</size>
         <alignment>0x4</alignment>
         <input_file_ref idref="fl-6"/>
      </object_component>
      <object_component id="oc-227">
         <name>.text.DL_SYSCTL_configSYSPLL</name>
         <load_address>0x789c</load_address>
         <readonly>true</readonly>
         <executable>true</executable>
         <run_address>0x789c</run_address>
         <size>0xdc</size>
         <alignment>0x4</alignment>
         <input_file_ref idref="fl-20"/>
      </object_component>
      <object_component id="oc-ae">
         <name>.text</name>
         <load_address>0x7978</load_address>
         <readonly>true</readonly>
         <executable>true</executable>
         <run_address>0x7978</run_address>
         <size>0xd8</size>
         <alignment>0x4</alignment>
         <input_file_ref idref="fl-ff"/>
      </object_component>
      <object_component id="oc-3a">
         <name>.text.UART0_IRQHandler</name>
         <load_address>0x7a50</load_address>
         <readonly>true</readonly>
         <executable>true</executable>
         <run_address>0x7a50</run_address>
         <size>0xd4</size>
         <alignment>0x4</alignment>
         <input_file_ref idref="fl-1"/>
      </object_component>
      <object_component id="oc-158">
         <name>.text.mpu_read_fifo_stream</name>
         <load_address>0x7b24</load_address>
         <readonly>true</readonly>
         <executable>true</executable>
         <run_address>0x7b24</run_address>
         <size>0xd0</size>
         <alignment>0x4</alignment>
         <input_file_ref idref="fl-9"/>
      </object_component>
      <object_component id="oc-1b0">
         <name>.text.mpu_configure_fifo</name>
         <load_address>0x7bf4</load_address>
         <readonly>true</readonly>
         <executable>true</executable>
         <run_address>0x7bf4</run_address>
         <size>0xc4</size>
         <alignment>0x4</alignment>
         <input_file_ref idref="fl-9"/>
      </object_component>
      <object_component id="oc-67">
         <name>.text.Encoder_IRQ_Handler</name>
         <load_address>0x7cb8</load_address>
         <readonly>true</readonly>
         <executable>true</executable>
         <run_address>0x7cb8</run_address>
         <size>0xc0</size>
         <alignment>0x4</alignment>
         <input_file_ref idref="fl-7"/>
      </object_component>
      <object_component id="oc-76">
         <name>.text.Key</name>
         <load_address>0x7d78</load_address>
         <readonly>true</readonly>
         <executable>true</executable>
         <run_address>0x7d78</run_address>
         <size>0xc0</size>
         <alignment>0x4</alignment>
         <input_file_ref idref="fl-b"/>
      </object_component>
      <object_component id="oc-1ba">
         <name>.text.dmp_set_accel_bias</name>
         <load_address>0x7e38</load_address>
         <readonly>true</readonly>
         <executable>true</executable>
         <run_address>0x7e38</run_address>
         <size>0xc0</size>
         <alignment>0x4</alignment>
         <input_file_ref idref="fl-a"/>
      </object_component>
      <object_component id="oc-1ec">
         <name>.text.HW_IIC_Mem_Write</name>
         <load_address>0x7ef8</load_address>
         <readonly>true</readonly>
         <executable>true</executable>
         <run_address>0x7ef8</run_address>
         <size>0xb0</size>
         <alignment>0x4</alignment>
         <input_file_ref idref="fl-6"/>
      </object_component>
      <object_component id="oc-1a0">
         <name>.text.SYSCFG_DL_SYSCTL_init</name>
         <load_address>0x7fa8</load_address>
         <readonly>true</readonly>
         <executable>true</executable>
         <run_address>0x7fa8</run_address>
         <size>0xb0</size>
         <alignment>0x4</alignment>
         <input_file_ref idref="fl-2"/>
      </object_component>
      <object_component id="oc-108">
         <name>.text.puts</name>
         <load_address>0x8058</load_address>
         <readonly>true</readonly>
         <executable>true</executable>
         <run_address>0x8058</run_address>
         <size>0xa8</size>
         <alignment>0x4</alignment>
         <input_file_ref idref="fl-5"/>
      </object_component>
      <object_component id="oc-1e9">
         <name>.text.HW_iic_init</name>
         <load_address>0x8100</load_address>
         <readonly>true</readonly>
         <executable>true</executable>
         <run_address>0x8100</run_address>
         <size>0xa4</size>
         <alignment>0x4</alignment>
         <input_file_ref idref="fl-6"/>
      </object_component>
      <object_component id="oc-2c2">
         <name>.text</name>
         <load_address>0x81a4</load_address>
         <readonly>true</readonly>
         <executable>true</executable>
         <run_address>0x81a4</run_address>
         <size>0xa2</size>
         <alignment>0x4</alignment>
         <input_file_ref idref="fl-118"/>
      </object_component>
      <object_component id="oc-1e3">
         <name>.text.__aeabi_idiv0</name>
         <load_address>0x8246</load_address>
         <readonly>true</readonly>
         <executable>true</executable>
         <run_address>0x8246</run_address>
         <size>0x2</size>
         <alignment>0x2</alignment>
         <input_file_ref idref="fl-11c"/>
      </object_component>
      <object_component id="oc-3b">
         <name>.text.TIMG0_IRQHandler</name>
         <load_address>0x8248</load_address>
         <readonly>true</readonly>
         <executable>true</executable>
         <run_address>0x8248</run_address>
         <size>0xa0</size>
         <alignment>0x4</alignment>
         <input_file_ref idref="fl-1"/>
      </object_component>
      <object_component id="oc-f3">
         <name>.text:memcpy</name>
         <load_address>0x82e8</load_address>
         <readonly>true</readonly>
         <executable>true</executable>
         <run_address>0x82e8</run_address>
         <size>0x9a</size>
         <alignment>0x1</alignment>
         <input_file_ref idref="fl-11d"/>
      </object_component>
      <object_component id="oc-2e5">
         <name>.text.__aeabi_ldiv0</name>
         <load_address>0x8382</load_address>
         <readonly>true</readonly>
         <executable>true</executable>
         <run_address>0x8382</run_address>
         <size>0x2</size>
         <alignment>0x2</alignment>
         <input_file_ref idref="fl-11c"/>
      </object_component>
      <object_component id="oc-27b">
         <name>.text.fputs</name>
         <load_address>0x8384</load_address>
         <readonly>true</readonly>
         <executable>true</executable>
         <run_address>0x8384</run_address>
         <size>0x98</size>
         <alignment>0x4</alignment>
         <input_file_ref idref="fl-5"/>
      </object_component>
      <object_component id="oc-1bc">
         <name>.text.mpu6050_i2c_sda_unlock</name>
         <load_address>0x841c</load_address>
         <readonly>true</readonly>
         <executable>true</executable>
         <run_address>0x841c</run_address>
         <size>0x98</size>
         <alignment>0x4</alignment>
         <input_file_ref idref="fl-6"/>
      </object_component>
      <object_component id="oc-244">
         <name>.text.mpu_set_accel_fsr</name>
         <load_address>0x84b4</load_address>
         <readonly>true</readonly>
         <executable>true</executable>
         <run_address>0x84b4</run_address>
         <size>0x98</size>
         <alignment>0x4</alignment>
         <input_file_ref idref="fl-9"/>
      </object_component>
      <object_component id="oc-34">
         <name>.text.GROUP1_IRQHandler</name>
         <load_address>0x854c</load_address>
         <readonly>true</readonly>
         <executable>true</executable>
         <run_address>0x854c</run_address>
         <size>0x94</size>
         <alignment>0x4</alignment>
         <input_file_ref idref="fl-1"/>
      </object_component>
      <object_component id="oc-1a2">
         <name>.text.SYSCFG_DL_PWM_0_init</name>
         <load_address>0x85e0</load_address>
         <readonly>true</readonly>
         <executable>true</executable>
         <run_address>0x85e0</run_address>
         <size>0x8c</size>
         <alignment>0x4</alignment>
         <input_file_ref idref="fl-2"/>
      </object_component>
      <object_component id="oc-aa">
         <name>.text.__mulsf3</name>
         <load_address>0x866c</load_address>
         <readonly>true</readonly>
         <executable>true</executable>
         <run_address>0x866c</run_address>
         <size>0x8c</size>
         <alignment>0x4</alignment>
         <input_file_ref idref="fl-103"/>
      </object_component>
      <object_component id="oc-245">
         <name>.text.mpu_set_lpf</name>
         <load_address>0x86f8</load_address>
         <readonly>true</readonly>
         <executable>true</executable>
         <run_address>0x86f8</run_address>
         <size>0x8c</size>
         <alignment>0x4</alignment>
         <input_file_ref idref="fl-9"/>
      </object_component>
      <object_component id="oc-1a5">
         <name>.text.SYSCFG_DL_UART_0_init</name>
         <load_address>0x8784</load_address>
         <readonly>true</readonly>
         <executable>true</executable>
         <run_address>0x8784</run_address>
         <size>0x84</size>
         <alignment>0x4</alignment>
         <input_file_ref idref="fl-2"/>
      </object_component>
      <object_component id="oc-24d">
         <name>.text.mpu_write_mem</name>
         <load_address>0x8808</load_address>
         <readonly>true</readonly>
         <executable>true</executable>
         <run_address>0x8808</run_address>
         <size>0x84</size>
         <alignment>0x4</alignment>
         <input_file_ref idref="fl-9"/>
      </object_component>
      <object_component id="oc-254">
         <name>.text.__divsf3</name>
         <load_address>0x888c</load_address>
         <readonly>true</readonly>
         <executable>true</executable>
         <run_address>0x888c</run_address>
         <size>0x82</size>
         <alignment>0x4</alignment>
         <input_file_ref idref="fl-104"/>
      </object_component>
      <object_component id="oc-272">
         <name>.text._nop</name>
         <load_address>0x890e</load_address>
         <readonly>true</readonly>
         <executable>true</executable>
         <run_address>0x890e</run_address>
         <size>0x2</size>
         <alignment>0x2</alignment>
         <input_file_ref idref="fl-41"/>
      </object_component>
      <object_component id="oc-7c">
         <name>.text.Velocity_A</name>
         <load_address>0x8910</load_address>
         <readonly>true</readonly>
         <executable>true</executable>
         <run_address>0x8910</run_address>
         <size>0x80</size>
         <alignment>0x4</alignment>
         <input_file_ref idref="fl-d"/>
      </object_component>
      <object_component id="oc-82">
         <name>.text.Velocity_B</name>
         <load_address>0x8990</load_address>
         <readonly>true</readonly>
         <executable>true</executable>
         <run_address>0x8990</run_address>
         <size>0x80</size>
         <alignment>0x4</alignment>
         <input_file_ref idref="fl-d"/>
      </object_component>
      <object_component id="oc-1c">
         <name>.text:decompress:lzss</name>
         <load_address>0x8a10</load_address>
         <readonly>true</readonly>
         <executable>true</executable>
         <run_address>0x8a10</run_address>
         <size>0x7c</size>
         <alignment>0x4</alignment>
         <input_file_ref idref="fl-4a"/>
      </object_component>
      <object_component id="oc-21a">
         <name>.text.__gedf2</name>
         <load_address>0x8a8c</load_address>
         <readonly>true</readonly>
         <executable>true</executable>
         <run_address>0x8a8c</run_address>
         <size>0x74</size>
         <alignment>0x4</alignment>
         <input_file_ref idref="fl-11a"/>
      </object_component>
      <object_component id="oc-c0">
         <name>.text.__truncdfsf2</name>
         <load_address>0x8b00</load_address>
         <readonly>true</readonly>
         <executable>true</executable>
         <run_address>0x8b00</run_address>
         <size>0x74</size>
         <alignment>0x10</alignment>
         <input_file_ref idref="fl-10d"/>
      </object_component>
      <object_component id="oc-214">
         <name>.text.__ledf2</name>
         <load_address>0x8b74</load_address>
         <readonly>true</readonly>
         <executable>true</executable>
         <run_address>0x8b74</run_address>
         <size>0x68</size>
         <alignment>0x4</alignment>
         <input_file_ref idref="fl-11a"/>
      </object_component>
      <object_component id="oc-1b5">
         <name>.text.dmp_set_fifo_rate</name>
         <load_address>0x8bdc</load_address>
         <readonly>true</readonly>
         <executable>true</executable>
         <run_address>0x8bdc</run_address>
         <size>0x68</size>
         <alignment>0x4</alignment>
         <input_file_ref idref="fl-a"/>
      </object_component>
      <object_component id="oc-176">
         <name>.text.__aeabi_dcmp</name>
         <load_address>0x8c44</load_address>
         <readonly>true</readonly>
         <executable>true</executable>
         <run_address>0x8c44</run_address>
         <size>0x62</size>
         <alignment>0x4</alignment>
         <input_file_ref idref="fl-10e"/>
      </object_component>
      <object_component id="oc-15e">
         <name>.text.myget_ms</name>
         <load_address>0x8ca6</load_address>
         <readonly>true</readonly>
         <executable>true</executable>
         <run_address>0x8ca6</run_address>
         <size>0x2</size>
         <alignment>0x2</alignment>
         <input_file_ref idref="fl-9"/>
      </object_component>
      <object_component id="oc-117">
         <name>.text.__aeabi_fcmp</name>
         <load_address>0x8ca8</load_address>
         <readonly>true</readonly>
         <executable>true</executable>
         <run_address>0x8ca8</run_address>
         <size>0x62</size>
         <alignment>0x4</alignment>
         <input_file_ref idref="fl-10f"/>
      </object_component>
      <object_component id="oc-19d">
         <name>.text:memset</name>
         <load_address>0x8d0a</load_address>
         <readonly>true</readonly>
         <executable>true</executable>
         <run_address>0x8d0a</run_address>
         <size>0x62</size>
         <alignment>0x1</alignment>
         <input_file_ref idref="fl-11e"/>
      </object_component>
      <object_component id="oc-268">
         <name>.text.DL_I2C_fillControllerTXFIFO</name>
         <load_address>0x8d6c</load_address>
         <readonly>true</readonly>
         <executable>true</executable>
         <run_address>0x8d6c</run_address>
         <size>0x5e</size>
         <alignment>0x2</alignment>
         <input_file_ref idref="fl-1d"/>
      </object_component>
      <object_component id="oc-12f">
         <name>.text.printf</name>
         <load_address>0x8dcc</load_address>
         <readonly>true</readonly>
         <executable>true</executable>
         <run_address>0x8dcc</run_address>
         <size>0x5c</size>
         <alignment>0x4</alignment>
         <input_file_ref idref="fl-37"/>
      </object_component>
      <object_component id="oc-11b">
         <name>.text.__aeabi_idivmod</name>
         <load_address>0x8e28</load_address>
         <readonly>true</readonly>
         <executable>true</executable>
         <run_address>0x8e28</run_address>
         <size>0x56</size>
         <alignment>0x4</alignment>
         <input_file_ref idref="fl-110"/>
      </object_component>
      <object_component id="oc-1a4">
         <name>.text.SYSCFG_DL_I2C_0_init</name>
         <load_address>0x8e80</load_address>
         <readonly>true</readonly>
         <executable>true</executable>
         <run_address>0x8e80</run_address>
         <size>0x54</size>
         <alignment>0x4</alignment>
         <input_file_ref idref="fl-2"/>
      </object_component>
      <object_component id="oc-19e">
         <name>.text.SYSCFG_DL_initPower</name>
         <load_address>0x8ed4</load_address>
         <readonly>true</readonly>
         <executable>true</executable>
         <run_address>0x8ed4</run_address>
         <size>0x54</size>
         <alignment>0x4</alignment>
         <input_file_ref idref="fl-2"/>
      </object_component>
      <object_component id="oc-84">
         <name>.text.Set_PWM</name>
         <load_address>0x8f28</load_address>
         <readonly>true</readonly>
         <executable>true</executable>
         <run_address>0x8f28</run_address>
         <size>0x54</size>
         <alignment>0x4</alignment>
         <input_file_ref idref="fl-d"/>
      </object_component>
      <object_component id="oc-241">
         <name>.text.DL_UART_init</name>
         <load_address>0x8f7c</load_address>
         <readonly>true</readonly>
         <executable>true</executable>
         <run_address>0x8f7c</run_address>
         <size>0x48</size>
         <alignment>0x4</alignment>
         <input_file_ref idref="fl-1f"/>
      </object_component>
      <object_component id="oc-1b7">
         <name>.text.mpu_get_gyro_sens</name>
         <load_address>0x8fc4</load_address>
         <readonly>true</readonly>
         <executable>true</executable>
         <run_address>0x8fc4</run_address>
         <size>0x48</size>
         <alignment>0x4</alignment>
         <input_file_ref idref="fl-9"/>
      </object_component>
      <object_component id="oc-22e">
         <name>.text.DL_SYSCTL_switchMCLKfromSYSOSCtoHSCLK</name>
         <load_address>0x900c</load_address>
         <readonly>true</readonly>
         <executable>true</executable>
         <run_address>0x900c</run_address>
         <size>0x44</size>
         <alignment>0x4</alignment>
         <input_file_ref idref="fl-20"/>
      </object_component>
      <object_component id="oc-1c9">
         <name>.text.__aeabi_uidivmod</name>
         <load_address>0x9050</load_address>
         <readonly>true</readonly>
         <executable>true</executable>
         <run_address>0x9050</run_address>
         <size>0x40</size>
         <alignment>0x4</alignment>
         <input_file_ref idref="fl-115"/>
      </object_component>
      <object_component id="oc-b2">
         <name>.text.__extendsfdf2</name>
         <load_address>0x9090</load_address>
         <readonly>true</readonly>
         <executable>true</executable>
         <run_address>0x9090</run_address>
         <size>0x40</size>
         <alignment>0x4</alignment>
         <input_file_ref idref="fl-106"/>
      </object_component>
      <object_component id="oc-2a1">
         <name>.text.atoi</name>
         <load_address>0x90d0</load_address>
         <readonly>true</readonly>
         <executable>true</executable>
         <run_address>0x90d0</run_address>
         <size>0x40</size>
         <alignment>0x4</alignment>
         <input_file_ref idref="fl-44"/>
      </object_component>
      <object_component id="oc-2b3">
         <name>.text.__divmoddi4</name>
         <load_address>0x9110</load_address>
         <readonly>true</readonly>
         <executable>true</executable>
         <run_address>0x9110</run_address>
         <size>0x3e</size>
         <alignment>0x2</alignment>
         <input_file_ref idref="fl-11b"/>
      </object_component>
      <object_component id="oc-297">
         <name>.text.DL_I2C_flushControllerTXFIFO</name>
         <load_address>0x9150</load_address>
         <readonly>true</readonly>
         <executable>true</executable>
         <run_address>0x9150</run_address>
         <size>0x3c</size>
         <alignment>0x4</alignment>
         <input_file_ref idref="fl-1d"/>
      </object_component>
      <object_component id="oc-63">
         <name>.text.__floatsisf</name>
         <load_address>0x918c</load_address>
         <readonly>true</readonly>
         <executable>true</executable>
         <run_address>0x918c</run_address>
         <size>0x3c</size>
         <alignment>0x4</alignment>
         <input_file_ref idref="fl-10a"/>
      </object_component>
      <object_component id="oc-1e1">
         <name>.text.__gtsf2</name>
         <load_address>0x91c8</load_address>
         <readonly>true</readonly>
         <executable>true</executable>
         <run_address>0x91c8</run_address>
         <size>0x3c</size>
         <alignment>0x4</alignment>
         <input_file_ref idref="fl-117"/>
      </object_component>
      <object_component id="oc-146">
         <name>.text:__TI_auto_init_nobinit_nopinit</name>
         <load_address>0x9204</load_address>
         <readonly>true</readonly>
         <executable>true</executable>
         <run_address>0x9204</run_address>
         <size>0x3c</size>
         <alignment>0x4</alignment>
         <input_file_ref idref="fl-52"/>
      </object_component>
      <object_component id="oc-1dc">
         <name>.text.__eqsf2</name>
         <load_address>0x9240</load_address>
         <readonly>true</readonly>
         <executable>true</executable>
         <run_address>0x9240</run_address>
         <size>0x3a</size>
         <alignment>0x4</alignment>
         <input_file_ref idref="fl-117"/>
      </object_component>
      <object_component id="oc-166">
         <name>.text.__muldsi3</name>
         <load_address>0x927c</load_address>
         <readonly>true</readonly>
         <executable>true</executable>
         <run_address>0x927c</run_address>
         <size>0x3a</size>
         <alignment>0x4</alignment>
         <input_file_ref idref="fl-102"/>
      </object_component>
      <object_component id="oc-1a3">
         <name>.text.SYSCFG_DL_TIMER_0_init</name>
         <load_address>0x92b8</load_address>
         <readonly>true</readonly>
         <executable>true</executable>
         <run_address>0x92b8</run_address>
         <size>0x38</size>
         <alignment>0x4</alignment>
         <input_file_ref idref="fl-2"/>
      </object_component>
      <object_component id="oc-dc">
         <name>.text.__fixsfsi</name>
         <load_address>0x92f0</load_address>
         <readonly>true</readonly>
         <executable>true</executable>
         <run_address>0x92f0</run_address>
         <size>0x38</size>
         <alignment>0x4</alignment>
         <input_file_ref idref="fl-108"/>
      </object_component>
      <object_component id="oc-129">
         <name>.text.LED_Flash</name>
         <load_address>0x9328</load_address>
         <readonly>true</readonly>
         <executable>true</executable>
         <run_address>0x9328</run_address>
         <size>0x34</size>
         <alignment>0x4</alignment>
         <input_file_ref idref="fl-c"/>
      </object_component>
      <object_component id="oc-290">
         <name>.text.mpu_get_accel_fsr</name>
         <load_address>0x935c</load_address>
         <readonly>true</readonly>
         <executable>true</executable>
         <run_address>0x935c</run_address>
         <size>0x34</size>
         <alignment>0x4</alignment>
         <input_file_ref idref="fl-9"/>
      </object_component>
      <object_component id="oc-1b9">
         <name>.text.mpu_get_accel_sens</name>
         <load_address>0x9390</load_address>
         <readonly>true</readonly>
         <executable>true</executable>
         <run_address>0x9390</run_address>
         <size>0x34</size>
         <alignment>0x4</alignment>
         <input_file_ref idref="fl-9"/>
      </object_component>
      <object_component id="oc-1cd">
         <name>.text.DL_UART_transmitDataBlocking</name>
         <load_address>0x93c4</load_address>
         <readonly>true</readonly>
         <executable>true</executable>
         <run_address>0x93c4</run_address>
         <size>0x30</size>
         <alignment>0x4</alignment>
         <input_file_ref idref="fl-1f"/>
      </object_component>
      <object_component id="oc-f8">
         <name>.text.SYSCFG_DL_init</name>
         <load_address>0x93f4</load_address>
         <readonly>true</readonly>
         <executable>true</executable>
         <run_address>0x93f4</run_address>
         <size>0x30</size>
         <alignment>0x4</alignment>
         <input_file_ref idref="fl-2"/>
      </object_component>
      <object_component id="oc-10e">
         <name>.text.grey_init</name>
         <load_address>0x9424</load_address>
         <readonly>true</readonly>
         <executable>true</executable>
         <run_address>0x9424</run_address>
         <size>0x30</size>
         <alignment>0x4</alignment>
         <input_file_ref idref="fl-8"/>
      </object_component>
      <object_component id="oc-27c">
         <name>.text.fputc</name>
         <load_address>0x9454</load_address>
         <readonly>true</readonly>
         <executable>true</executable>
         <run_address>0x9454</run_address>
         <size>0x2c</size>
         <alignment>0x4</alignment>
         <input_file_ref idref="fl-5"/>
      </object_component>
      <object_component id="oc-28c">
         <name>.text.__floatunsisf</name>
         <load_address>0x9480</load_address>
         <readonly>true</readonly>
         <executable>true</executable>
         <run_address>0x9480</run_address>
         <size>0x28</size>
         <alignment>0x4</alignment>
         <input_file_ref idref="fl-10b"/>
      </object_component>
      <object_component id="oc-57">
         <name>.text:_c_int00_noargs</name>
         <load_address>0x94a8</load_address>
         <readonly>true</readonly>
         <executable>true</executable>
         <run_address>0x94a8</run_address>
         <size>0x28</size>
         <alignment>0x4</alignment>
         <input_file_ref idref="fl-4b"/>
      </object_component>
      <object_component id="oc-239">
         <name>.text.DL_I2C_setClockConfig</name>
         <load_address>0x94d0</load_address>
         <readonly>true</readonly>
         <executable>true</executable>
         <run_address>0x94d0</run_address>
         <size>0x26</size>
         <alignment>0x2</alignment>
         <input_file_ref idref="fl-1d"/>
      </object_component>
      <object_component id="oc-25a">
         <name>.text.__muldi3</name>
         <load_address>0x94f8</load_address>
         <readonly>true</readonly>
         <executable>true</executable>
         <run_address>0x94f8</run_address>
         <size>0x24</size>
         <alignment>0x4</alignment>
         <input_file_ref idref="fl-10c"/>
      </object_component>
      <object_component id="oc-29a">
         <name>.text.memccpy</name>
         <load_address>0x951c</load_address>
         <readonly>true</readonly>
         <executable>true</executable>
         <run_address>0x951c</run_address>
         <size>0x22</size>
         <alignment>0x2</alignment>
         <input_file_ref idref="fl-46"/>
      </object_component>
      <object_component id="oc-1a6">
         <name>.text.SYSCFG_DL_SYSTICK_init</name>
         <load_address>0x9540</load_address>
         <readonly>true</readonly>
         <executable>true</executable>
         <run_address>0x9540</run_address>
         <size>0x20</size>
         <alignment>0x4</alignment>
         <input_file_ref idref="fl-2"/>
      </object_component>
      <object_component id="oc-2e6">
         <name>.text.__ashldi3</name>
         <load_address>0x9560</load_address>
         <readonly>true</readonly>
         <executable>true</executable>
         <run_address>0x9560</run_address>
         <size>0x1e</size>
         <alignment>0x4</alignment>
         <input_file_ref idref="fl-119"/>
      </object_component>
      <object_component id="oc-289">
         <name>.text.DL_SYSCTL_configFCC</name>
         <load_address>0x9580</load_address>
         <readonly>true</readonly>
         <executable>true</executable>
         <run_address>0x9580</run_address>
         <size>0x1c</size>
         <alignment>0x4</alignment>
         <input_file_ref idref="fl-20"/>
      </object_component>
      <object_component id="oc-233">
         <name>.text.DL_Timer_setCaptCompUpdateMethod</name>
         <load_address>0x959c</load_address>
         <readonly>true</readonly>
         <executable>true</executable>
         <run_address>0x959c</run_address>
         <size>0x1c</size>
         <alignment>0x4</alignment>
         <input_file_ref idref="fl-1e"/>
      </object_component>
      <object_component id="oc-230">
         <name>.text.DL_Timer_setClockConfig</name>
         <load_address>0x95b8</load_address>
         <readonly>true</readonly>
         <executable>true</executable>
         <run_address>0x95b8</run_address>
         <size>0x1c</size>
         <alignment>0x4</alignment>
         <input_file_ref idref="fl-1e"/>
      </object_component>
      <object_component id="oc-1b2">
         <name>.text.dmp_load_motion_driver_firmware</name>
         <load_address>0x95d4</load_address>
         <readonly>true</readonly>
         <executable>true</executable>
         <run_address>0x95d4</run_address>
         <size>0x1c</size>
         <alignment>0x4</alignment>
         <input_file_ref idref="fl-a"/>
      </object_component>
      <object_component id="oc-83">
         <name>.text.limit_PWM</name>
         <load_address>0x95f0</load_address>
         <readonly>true</readonly>
         <executable>true</executable>
         <run_address>0x95f0</run_address>
         <size>0x1a</size>
         <alignment>0x2</alignment>
         <input_file_ref idref="fl-d"/>
      </object_component>
      <object_component id="oc-232">
         <name>.text.DL_Timer_setCaptureCompareOutCtl</name>
         <load_address>0x960c</load_address>
         <readonly>true</readonly>
         <executable>true</executable>
         <run_address>0x960c</run_address>
         <size>0x18</size>
         <alignment>0x4</alignment>
         <input_file_ref idref="fl-1e"/>
      </object_component>
      <object_component id="oc-1ed">
         <name>.text.HW_IIC_Mem_Read</name>
         <load_address>0x9624</load_address>
         <readonly>true</readonly>
         <executable>true</executable>
         <run_address>0x9624</run_address>
         <size>0x18</size>
         <alignment>0x2</alignment>
         <input_file_ref idref="fl-6"/>
      </object_component>
      <object_component id="oc-291">
         <name>.text.__aeabi_ldivmod</name>
         <load_address>0x963c</load_address>
         <readonly>true</readonly>
         <executable>true</executable>
         <run_address>0x963c</run_address>
         <size>0x14</size>
         <alignment>0x4</alignment>
         <input_file_ref idref="fl-111"/>
      </object_component>
      <object_component id="oc-2aa">
         <name>.text.__aeabi_uldivmod</name>
         <load_address>0x9650</load_address>
         <readonly>true</readonly>
         <executable>true</executable>
         <run_address>0x9650</run_address>
         <size>0x14</size>
         <alignment>0x4</alignment>
         <input_file_ref idref="fl-116"/>
      </object_component>
      <object_component id="oc-240">
         <name>.text.DL_UART_setClockConfig</name>
         <load_address>0x9664</load_address>
         <readonly>true</readonly>
         <executable>true</executable>
         <run_address>0x9664</run_address>
         <size>0x12</size>
         <alignment>0x2</alignment>
         <input_file_ref idref="fl-1f"/>
      </object_component>
      <object_component id="oc-20">
         <name>.text:decompress:none</name>
         <load_address>0x9676</load_address>
         <readonly>true</readonly>
         <executable>true</executable>
         <run_address>0x9676</run_address>
         <size>0x12</size>
         <alignment>0x2</alignment>
         <input_file_ref idref="fl-49"/>
      </object_component>
      <object_component id="oc-e8">
         <name>.text.DL_Timer_setCaptureCompareValue</name>
         <load_address>0x9688</load_address>
         <readonly>true</readonly>
         <executable>true</executable>
         <run_address>0x9688</run_address>
         <size>0x10</size>
         <alignment>0x4</alignment>
         <input_file_ref idref="fl-1e"/>
      </object_component>
      <object_component id="oc-2a5">
         <name>.text.wcslen</name>
         <load_address>0x9698</load_address>
         <readonly>true</readonly>
         <executable>true</executable>
         <run_address>0x9698</run_address>
         <size>0x10</size>
         <alignment>0x2</alignment>
         <input_file_ref idref="fl-3f"/>
      </object_component>
      <object_component id="oc-54">
         <name>.text:decompress:ZI</name>
         <load_address>0x96a8</load_address>
         <readonly>true</readonly>
         <executable>true</executable>
         <run_address>0x96a8</run_address>
         <size>0x10</size>
         <alignment>0x2</alignment>
         <input_file_ref idref="fl-48"/>
      </object_component>
      <object_component id="oc-299">
         <name>.text.__aeabi_memset</name>
         <load_address>0x96b8</load_address>
         <readonly>true</readonly>
         <executable>true</executable>
         <run_address>0x96b8</run_address>
         <size>0xe</size>
         <alignment>0x4</alignment>
         <input_file_ref idref="fl-114"/>
      </object_component>
      <object_component id="oc-298">
         <name>.text.strlen</name>
         <load_address>0x96c6</load_address>
         <readonly>true</readonly>
         <executable>true</executable>
         <run_address>0x96c6</run_address>
         <size>0xe</size>
         <alignment>0x2</alignment>
         <input_file_ref idref="fl-38"/>
      </object_component>
      <object_component id="oc-90">
         <name>.text.__aeabi_memclr</name>
         <load_address>0x96d4</load_address>
         <readonly>true</readonly>
         <executable>true</executable>
         <run_address>0x96d4</run_address>
         <size>0xc</size>
         <alignment>0x4</alignment>
         <input_file_ref idref="fl-114"/>
      </object_component>
      <object_component id="oc-1d5">
         <name>.text.DL_Common_delayCycles</name>
         <load_address>0x96e0</load_address>
         <readonly>true</readonly>
         <executable>true</executable>
         <run_address>0x96e0</run_address>
         <size>0xa</size>
         <alignment>0x2</alignment>
         <input_file_ref idref="fl-1c"/>
      </object_component>
      <object_component id="oc-17a">
         <name>.text.OUTLINED_FUNCTION_0</name>
         <load_address>0x96ea</load_address>
         <readonly>true</readonly>
         <executable>true</executable>
         <run_address>0x96ea</run_address>
         <size>0xa</size>
         <alignment>0x2</alignment>
         <input_file_ref idref="fl-39"/>
      </object_component>
      <object_component id="oc-33e">
         <name>.tramp.__aeabi_dmul.1</name>
         <load_address>0x96f4</load_address>
         <readonly>true</readonly>
         <executable>true</executable>
         <run_address>0x96f4</run_address>
         <size>0x10</size>
         <alignment>0x4</alignment>
         <input_file_ref idref="fl-101"/>
      </object_component>
      <object_component id="oc-221">
         <name>.text.OUTLINED_FUNCTION_0</name>
         <load_address>0x9704</load_address>
         <readonly>true</readonly>
         <executable>true</executable>
         <run_address>0x9704</run_address>
         <size>0xa</size>
         <alignment>0x2</alignment>
         <input_file_ref idref="fl-3c"/>
      </object_component>
      <object_component id="oc-182">
         <name>.text.OUTLINED_FUNCTION_1</name>
         <load_address>0x970e</load_address>
         <readonly>true</readonly>
         <executable>true</executable>
         <run_address>0x970e</run_address>
         <size>0xa</size>
         <alignment>0x2</alignment>
         <input_file_ref idref="fl-39"/>
      </object_component>
      <object_component id="oc-180">
         <name>.text.OUTLINED_FUNCTION_3</name>
         <load_address>0x9718</load_address>
         <readonly>true</readonly>
         <executable>true</executable>
         <run_address>0x9718</run_address>
         <size>0xa</size>
         <alignment>0x2</alignment>
         <input_file_ref idref="fl-39"/>
      </object_component>
      <object_component id="oc-33f">
         <name>.tramp.__aeabi_ddiv.1</name>
         <load_address>0x9724</load_address>
         <readonly>true</readonly>
         <executable>true</executable>
         <run_address>0x9724</run_address>
         <size>0x10</size>
         <alignment>0x4</alignment>
         <input_file_ref idref="fl-105"/>
      </object_component>
      <object_component id="oc-1ee">
         <name>.text.HW_iic_delayms</name>
         <load_address>0x9734</load_address>
         <readonly>true</readonly>
         <executable>true</executable>
         <run_address>0x9734</run_address>
         <size>0x8</size>
         <alignment>0x2</alignment>
         <input_file_ref idref="fl-6"/>
      </object_component>
      <object_component id="oc-222">
         <name>.text.OUTLINED_FUNCTION_2</name>
         <load_address>0x973c</load_address>
         <readonly>true</readonly>
         <executable>true</executable>
         <run_address>0x973c</run_address>
         <size>0x8</size>
         <alignment>0x2</alignment>
         <input_file_ref idref="fl-3c"/>
      </object_component>
      <object_component id="oc-16d">
         <name>.text.__aeabi_errno_addr</name>
         <load_address>0x9744</load_address>
         <readonly>true</readonly>
         <executable>true</executable>
         <run_address>0x9744</run_address>
         <size>0x8</size>
         <alignment>0x4</alignment>
         <input_file_ref idref="fl-40"/>
      </object_component>
      <object_component id="oc-47">
         <name>.text.__aeabi_memcpy</name>
         <load_address>0x974c</load_address>
         <readonly>true</readonly>
         <executable>true</executable>
         <run_address>0x974c</run_address>
         <size>0x8</size>
         <alignment>0x4</alignment>
         <input_file_ref idref="fl-112"/>
      </object_component>
      <object_component id="oc-1fa">
         <name>.text._outc</name>
         <load_address>0x9754</load_address>
         <readonly>true</readonly>
         <executable>true</executable>
         <run_address>0x9754</run_address>
         <size>0x8</size>
         <alignment>0x2</alignment>
         <input_file_ref idref="fl-37"/>
      </object_component>
      <object_component id="oc-1f9">
         <name>.text._outs</name>
         <load_address>0x975c</load_address>
         <readonly>true</readonly>
         <executable>true</executable>
         <run_address>0x975c</run_address>
         <size>0x8</size>
         <alignment>0x2</alignment>
         <input_file_ref idref="fl-37"/>
      </object_component>
[...]
         <name>__TI_ATRegion2_trg_addr</name>
         <value>0x0</value>
      </symbol>
      <symbol id="sm-27e">
         <name>__TI_ATRegion2_region_sz</name>
         <value>0x0</value>
      </symbol>
      <symbol id="sm-287">
         <name>DL_Common_delayCycles</name>
         <value>0x96e1</value>
         <object_component_ref idref="oc-1d5"/>
      </symbol>
      <symbol id="sm-296">
         <name>DL_I2C_setClockConfig</name>
         <value>0x94d1</value>
         <object_component_ref idref="oc-239"/>
      </symbol>
      <symbol id="sm-297">
         <name>DL_I2C_fillControllerTXFIFO</name>
         <value>0x8d6d</value>
         <object_component_ref idref="oc-268"/>
      </symbol>
      <symbol id="sm-298">
         <name>DL_I2C_flushControllerTXFIFO</name>
         <value>0x9151</value>
         <object_component_ref idref="oc-297"/>
      </symbol>
      <symbol id="sm-2b4">
         <name>DL_Timer_setClockConfig</name>
         <value>0x95b9</value>
         <object_component_ref idref="oc-230"/>
      </symbol>
      <symbol id="sm-2b5">
         <name>DL_Timer_initTimerMode</name>
         <value>0x7205</value>
         <object_component_ref idref="oc-236"/>
      </symbol>
      <symbol id="sm-2b6">
         <name>DL_Timer_setCaptureCompareValue</name>
         <value>0x9689</value>
         <object_component_ref idref="oc-e8"/>
      </symbol>
      <symbol id="sm-2b7">
         <name>DL_Timer_setCaptCompUpdateMethod</name>
         <value>0x959d</value>
         <object_component_ref idref="oc-233"/>
      </symbol>
      <symbol id="sm-2b8">
         <name>DL_Timer_setCaptureCompareOutCtl</name>
         <value>0x960d</value>
         <object_component_ref idref="oc-232"/>
      </symbol>
      <symbol id="sm-2b9">
         <name>DL_Timer_initFourCCPWMMode</name>
         <value>0x7101</value>
         <object_component_ref idref="oc-231"/>
      </symbol>
      <symbol id="sm-2c9">
         <name>DL_UART_init</name>
         <value>0x8f7d</value>
         <object_component_ref idref="oc-241"/>
      </symbol>
      <symbol id="sm-2ca">
         <name>DL_UART_setClockConfig</name>
         <value>0x9665</value>
         <object_component_ref idref="oc-240"/>
      </symbol>
      <symbol id="sm-2cb">
         <name>DL_UART_transmitDataBlocking</name>
         <value>0x93c5</value>
         <object_component_ref idref="oc-1cd"/>
      </symbol>
      <symbol id="sm-2dc">
         <name>DL_SYSCTL_configSYSPLL</name>
         <value>0x789d</value>
         <object_component_ref idref="oc-227"/>
      </symbol>
      <symbol id="sm-2dd">
         <name>DL_SYSCTL_switchMCLKfromSYSOSCtoHSCLK</name>
         <value>0x900d</value>
         <object_component_ref idref="oc-22e"/>
      </symbol>
      <symbol id="sm-2de">
         <name>DL_SYSCTL_configFCC</name>
         <value>0x9581</value>
         <object_component_ref idref="oc-289"/>
      </symbol>
      <symbol id="sm-2ef">
         <name>printf</name>
         <value>0x8dcd</value>
         <object_component_ref idref="oc-12f"/>
      </symbol>
      <symbol id="sm-311">
         <name>__TI_printfi_nofloat</name>
         <value>0x3139</value>
         <object_component_ref idref="oc-270"/>
      </symbol>
      <symbol id="sm-32b">
         <name>asin</name>
         <value>0x4711</value>
         <object_component_ref idref="oc-b6"/>
      </symbol>
      <symbol id="sm-32c">
         <name>asinl</name>
         <value>0x4711</value>
         <object_component_ref idref="oc-b6"/>
      </symbol>
      <symbol id="sm-33a">
         <name>atan2</name>
         <value>0x64a5</value>
         <object_component_ref idref="oc-c4"/>
      </symbol>
      <symbol id="sm-33b">
         <name>atan2l</name>
         <value>0x64a5</value>
         <object_component_ref idref="oc-c4"/>
      </symbol>
      <symbol id="sm-345">
         <name>sqrt</name>
         <value>0x67a1</value>
         <object_component_ref idref="oc-17c"/>
      </symbol>
      <symbol id="sm-346">
         <name>sqrtl</name>
         <value>0x67a1</value>
         <object_component_ref idref="oc-17c"/>
      </symbol>
      <symbol id="sm-35d">
         <name>atan</name>
         <value>0x4a75</value>
         <object_component_ref idref="oc-18b"/>
      </symbol>
      <symbol id="sm-35e">
         <name>atanl</name>
         <value>0x4a75</value>
         <object_component_ref idref="oc-18b"/>
      </symbol>
      <symbol id="sm-369">
         <name>wcslen</name>
         <value>0x9699</value>
         <object_component_ref idref="oc-2a5"/>
      </symbol>
      <symbol id="sm-374">
         <name>__aeabi_errno_addr</name>
         <value>0x9745</value>
         <object_component_ref idref="oc-16d"/>
      </symbol>
      <symbol id="sm-375">
         <name>__aeabi_errno</name>
         <value>0x20200694</value>
         <object_component_ref idref="oc-20f"/>
      </symbol>
      <symbol id="sm-37e">
         <name>_nop</name>
         <value>0x890f</value>
         <object_component_ref idref="oc-272"/>
      </symbol>
      <symbol id="sm-37f">
         <name>_lock</name>
         <value>0x20200698</value>
         <object_component_ref idref="oc-1f5"/>
      </symbol>
      <symbol id="sm-380">
         <name>_unlock</name>
         <value>0x2020069c</value>
         <object_component_ref idref="oc-1fb"/>
      </symbol>
      <symbol id="sm-38c">
         <name>atoi</name>
         <value>0x90d1</value>
         <object_component_ref idref="oc-2a1"/>
      </symbol>
      <symbol id="sm-391">
         <name>_ftable</name>
         <value>0x20200530</value>
         <object_component_ref idref="oc-1f7"/>
      </symbol>
      <symbol id="sm-39a">
         <name>memccpy</name>
         <value>0x951d</value>
         <object_component_ref idref="oc-29a"/>
      </symbol>
      <symbol id="sm-3a5">
         <name>__TI_zero_init</name>
         <value>0x96a9</value>
         <object_component_ref idref="oc-54"/>
      </symbol>
      <symbol id="sm-3ae">
         <name>__TI_decompress_none</name>
         <value>0x9677</value>
         <object_component_ref idref="oc-20"/>
      </symbol>
      <symbol id="sm-3b9">
         <name>__TI_decompress_lzss</name>
         <value>0x8a11</value>
         <object_component_ref idref="oc-1c"/>
      </symbol>
      <symbol id="sm-3c4">
         <name>_c_int00_noargs</name>
         <value>0x94a9</value>
         <object_component_ref idref="oc-57"/>
      </symbol>
      <symbol id="sm-3c5">
         <name>__stack</name>
         <value>0x20207e00</value>
         <object_component_ref idref="oc-1a"/>
      </symbol>
      <symbol id="sm-3c9">
         <name>__aeabi_ctype_table_</name>
         <value>0xae00</value>
         <object_component_ref idref="oc-2bb"/>
      </symbol>
      <symbol id="sm-3ca">
         <name>__aeabi_ctype_table_C</name>
         <value>0xae00</value>
         <object_component_ref idref="oc-2bb"/>
      </symbol>
      <symbol id="sm-3d4">
         <name>abort</name>
         <value>0x9783</value>
         <object_component_ref idref="oc-13f"/>
      </symbol>
      <symbol id="sm-3e0">
         <name>__TI_auto_init_nobinit_nopinit</name>
         <value>0x9205</value>
         <object_component_ref idref="oc-146"/>
      </symbol>
      <symbol id="sm-3e8">
         <name>_system_pre_init</name>
         <value>0x979d</value>
         <object_component_ref idref="oc-95"/>
      </symbol>
      <symbol id="sm-3f1">
         <name>HOSTexit</name>
         <value>0x9789</value>
         <object_component_ref idref="oc-1fe"/>
      </symbol>
      <symbol id="sm-3f2">
         <name>C$$EXIT</name>
         <value>0x9788</value>
         <object_component_ref idref="oc-1fe"/>
      </symbol>
      <symbol id="sm-402">
         <name>__aeabi_fadd</name>
         <value>0x7983</value>
         <object_component_ref idref="oc-ae"/>
      </symbol>
      <symbol id="sm-403">
         <name>__addsf3</name>
         <value>0x7983</value>
         <object_component_ref idref="oc-ae"/>
      </symbol>
      <symbol id="sm-404">
         <name>__aeabi_fsub</name>
         <value>0x7979</value>
         <object_component_ref idref="oc-ae"/>
      </symbol>
      <symbol id="sm-405">
         <name>__subsf3</name>
         <value>0x7979</value>
         <object_component_ref idref="oc-ae"/>
      </symbol>
      <symbol id="sm-40b">
         <name>__aeabi_dadd</name>
         <value>0x631b</value>
         <object_component_ref idref="oc-172"/>
      </symbol>
      <symbol id="sm-40c">
         <name>__adddf3</name>
         <value>0x631b</value>
         <object_component_ref idref="oc-172"/>
      </symbol>
      <symbol id="sm-40d">
         <name>__aeabi_dsub</name>
         <value>0x6311</value>
         <object_component_ref idref="oc-172"/>
      </symbol>
      <symbol id="sm-40e">
         <name>__subdf3</name>
         <value>0x6311</value>
         <object_component_ref idref="oc-172"/>
      </symbol>
      <symbol id="sm-417">
         <name>__aeabi_dmul</name>
         <value>0x76d5</value>
         <object_component_ref idref="oc-bc"/>
      </symbol>
      <symbol id="sm-418">
         <name>__muldf3</name>
         <value>0x76d5</value>
         <object_component_ref idref="oc-bc"/>
      </symbol>
      <symbol id="sm-421">
         <name>__muldsi3</name>
         <value>0x927d</value>
         <object_component_ref idref="oc-166"/>
      </symbol>
      <symbol id="sm-427">
         <name>__aeabi_fmul</name>
         <value>0x866d</value>
         <object_component_ref idref="oc-aa"/>
      </symbol>
      <symbol id="sm-428">
         <name>__mulsf3</name>
         <value>0x866d</value>
         <object_component_ref idref="oc-aa"/>
      </symbol>
      <symbol id="sm-42e">
         <name>__aeabi_fdiv</name>
         <value>0x888d</value>
         <object_component_ref idref="oc-254"/>
      </symbol>
      <symbol id="sm-42f">
         <name>__divsf3</name>
         <value>0x888d</value>
         <object_component_ref idref="oc-254"/>
      </symbol>
      <symbol id="sm-435">
         <name>__aeabi_ddiv</name>
         <value>0x6ddd</value>
         <object_component_ref idref="oc-183"/>
      </symbol>
      <symbol id="sm-436">
         <name>__divdf3</name>
         <value>0x6ddd</value>
         <object_component_ref idref="oc-183"/>
      </symbol>
      <symbol id="sm-43f">
         <name>__aeabi_f2d</name>
         <value>0x9091</value>
         <object_component_ref idref="oc-b2"/>
      </symbol>
      <symbol id="sm-440">
         <name>__extendsfdf2</name>
         <value>0x9091</value>
         <object_component_ref idref="oc-b2"/>
      </symbol>
      <symbol id="sm-446">
         <name>__aeabi_f2iz</name>
         <value>0x92f1</value>
         <object_component_ref idref="oc-dc"/>
      </symbol>
      <symbol id="sm-447">
         <name>__fixsfsi</name>
         <value>0x92f1</value>
         <object_component_ref idref="oc-dc"/>
      </symbol>
      <symbol id="sm-44d">
         <name>__aeabi_i2f</name>
         <value>0x918d</value>
         <object_component_ref idref="oc-63"/>
      </symbol>
      <symbol id="sm-44e">
         <name>__floatsisf</name>
         <value>0x918d</value>
         <object_component_ref idref="oc-63"/>
      </symbol>
      <symbol id="sm-454">
         <name>__aeabi_ui2f</name>
         <value>0x9481</value>
         <object_component_ref idref="oc-28c"/>
      </symbol>
      <symbol id="sm-455">
         <name>__floatunsisf</name>
         <value>0x9481</value>
         <object_component_ref idref="oc-28c"/>
      </symbol>
      <symbol id="sm-45b">
         <name>__aeabi_lmul</name>
         <value>0x94f9</value>
         <object_component_ref idref="oc-25a"/>
      </symbol>
      <symbol id="sm-45c">
         <name>__muldi3</name>
         <value>0x94f9</value>
         <object_component_ref idref="oc-25a"/>
      </symbol>
      <symbol id="sm-463">
         <name>__aeabi_d2f</name>
         <value>0x8b01</value>
         <object_component_ref idref="oc-c0"/>
      </symbol>
      <symbol id="sm-464">
         <name>__truncdfsf2</name>
         <value>0x8b01</value>
         <object_component_ref idref="oc-c0"/>
      </symbol>
      <symbol id="sm-46a">
         <name>__aeabi_dcmpeq</name>
         <value>0x8c45</value>
         <object_component_ref idref="oc-176"/>
      </symbol>
      <symbol id="sm-46b">
         <name>__aeabi_dcmplt</name>
         <value>0x8c59</value>
         <object_component_ref idref="oc-176"/>
      </symbol>
      <symbol id="sm-46c">
         <name>__aeabi_dcmple</name>
         <value>0x8c6d</value>
         <object_component_ref idref="oc-176"/>
      </symbol>
      <symbol id="sm-46d">
         <name>__aeabi_dcmpge</name>
         <value>0x8c81</value>
         <object_component_ref idref="oc-176"/>
      </symbol>
      <symbol id="sm-46e">
         <name>__aeabi_dcmpgt</name>
         <value>0x8c95</value>
         <object_component_ref idref="oc-176"/>
      </symbol>
      <symbol id="sm-474">
         <name>__aeabi_fcmpeq</name>
         <value>0x8ca9</value>
         <object_component_ref idref="oc-117"/>
      </symbol>
      <symbol id="sm-475">
         <name>__aeabi_fcmplt</name>
         <value>0x8cbd</value>
         <object_component_ref idref="oc-117"/>
      </symbol>
      <symbol id="sm-476">
         <name>__aeabi_fcmple</name>
         <value>0x8cd1</value>
         <object_component_ref idref="oc-117"/>
      </symbol>
      <symbol id="sm-477">
         <name>__aeabi_fcmpge</name>
         <value>0x8ce5</value>
         <object_component_ref idref="oc-117"/>
      </symbol>
      <symbol id="sm-478">
         <name>__aeabi_fcmpgt</name>
         <value>0x8cf9</value>
         <object_component_ref idref="oc-117"/>
      </symbol>
      <symbol id="sm-47e">
         <name>__aeabi_idiv</name>
         <value>0x8e29</value>
         <object_component_ref idref="oc-11b"/>
      </symbol>
      <symbol id="sm-47f">
         <name>__aeabi_idivmod</name>
         <value>0x8e29</value>
         <object_component_ref idref="oc-11b"/>
      </symbol>
      <symbol id="sm-485">
         <name>__aeabi_ldivmod</name>
         <value>0x963d</value>
         <object_component_ref idref="oc-291"/>
      </symbol>
      <symbol id="sm-48b">
         <name>__aeabi_memcpy</name>
         <value>0x974d</value>
         <object_component_ref idref="oc-47"/>
      </symbol>
      <symbol id="sm-48c">
         <name>__aeabi_memcpy4</name>
         <value>0x974d</value>
         <object_component_ref idref="oc-47"/>
      </symbol>
      <symbol id="sm-48d">
         <name>__aeabi_memcpy8</name>
         <value>0x974d</value>
         <object_component_ref idref="oc-47"/>
      </symbol>
      <symbol id="sm-496">
         <name>__aeabi_memset</name>
         <value>0x96b9</value>
         <object_component_ref idref="oc-299"/>
      </symbol>
      <symbol id="sm-497">
         <name>__aeabi_memset4</name>
         <value>0x96b9</value>
         <object_component_ref idref="oc-299"/>
      </symbol>
      <symbol id="sm-498">
         <name>__aeabi_memset8</name>
         <value>0x96b9</value>
         <object_component_ref idref="oc-299"/>
      </symbol>
      <symbol id="sm-499">
         <name>__aeabi_memclr</name>
         <value>0x96d5</value>
         <object_component_ref idref="oc-90"/>
      </symbol>
      <symbol id="sm-49a">
         <name>__aeabi_memclr4</name>
         <value>0x96d5</value>
         <object_component_ref idref="oc-90"/>
      </symbol>
      <symbol id="sm-49b">
         <name>__aeabi_memclr8</name>
         <value>0x96d5</value>
         <object_component_ref idref="oc-90"/>
      </symbol>
      <symbol id="sm-4a1">
         <name>__aeabi_uidiv</name>
         <value>0x9051</value>
         <object_component_ref idref="oc-1c9"/>
      </symbol>
      <symbol id="sm-4a2">
         <name>__aeabi_uidivmod</name>
         <value>0x9051</value>
         <object_component_ref idref="oc-1c9"/>
      </symbol>
      <symbol id="sm-4a8">
         <name>__aeabi_uldivmod</name>
         <value>0x9651</value>
         <object_component_ref idref="oc-2aa"/>
      </symbol>
      <symbol id="sm-4b1">
         <name>__eqsf2</name>
         <value>0x9241</value>
         <object_component_ref idref="oc-1dc"/>
      </symbol>
      <symbol id="sm-4b2">
         <name>__lesf2</name>
         <value>0x9241</value>
         <object_component_ref idref="oc-1dc"/>
      </symbol>
      <symbol id="sm-4b3">
         <name>__ltsf2</name>
         <value>0x9241</value>
         <object_component_ref idref="oc-1dc"/>
      </symbol>
      <symbol id="sm-4b4">
         <name>__nesf2</name>
         <value>0x9241</value>
         <object_component_ref idref="oc-1dc"/>
      </symbol>
      <symbol id="sm-4b5">
         <name>__cmpsf2</name>
         <value>0x9241</value>
         <object_component_ref idref="oc-1dc"/>
      </symbol>
      <symbol id="sm-4b6">
         <name>__gtsf2</name>
         <value>0x91c9</value>
         <object_component_ref idref="oc-1e1"/>
      </symbol>
      <symbol id="sm-4b7">
         <name>__gesf2</name>
         <value>0x91c9</value>
         <object_component_ref idref="oc-1e1"/>
      </symbol>
      <symbol id="sm-4bd">
         <name>__udivmoddi4</name>
         <value>0x81a5</value>
         <object_component_ref idref="oc-2c2"/>
      </symbol>
      <symbol id="sm-4c3">
         <name>__aeabi_llsl</name>
         <value>0x9561</value>
         <object_component_ref idref="oc-2e6"/>
      </symbol>
      <symbol id="sm-4c4">
         <name>__ashldi3</name>
         <value>0x9561</value>
         <object_component_ref idref="oc-2e6"/>
      </symbol>
      <symbol id="sm-4d2">
         <name>__ledf2</name>
         <value>0x8b75</value>
         <object_component_ref idref="oc-214"/>
      </symbol>
      <symbol id="sm-4d3">
         <name>__gedf2</name>
         <value>0x8a8d</value>
         <object_component_ref idref="oc-21a"/>
      </symbol>
      <symbol id="sm-4d4">
         <name>__cmpdf2</name>
         <value>0x8b75</value>
         <object_component_ref idref="oc-214"/>
      </symbol>
      <symbol id="sm-4d5">
         <name>__eqdf2</name>
         <value>0x8b75</value>
         <object_component_ref idref="oc-214"/>
      </symbol>
      <symbol id="sm-4d6">
         <name>__ltdf2</name>
         <value>0x8b75</value>
         <object_component_ref idref="oc-214"/>
      </symbol>
      <symbol id="sm-4d7">
         <name>__nedf2</name>
         <value>0x8b75</value>
         <object_component_ref idref="oc-214"/>
      </symbol>
      <symbol id="sm-4d8">
         <name>__gtdf2</name>
         <value>0x8a8d</value>
         <object_component_ref idref="oc-21a"/>
      </symbol>
      <symbol id="sm-4e1">
         <name>__divmoddi4</name>
         <value>0x9111</value>
         <object_component_ref idref="oc-2b3"/>
      </symbol>
      <symbol id="sm-4ed">
         <name>__aeabi_idiv0</name>
         <value>0x8247</value>
         <object_component_ref idref="oc-1e3"/>
      </symbol>
      <symbol id="sm-4ee">
         <name>__aeabi_ldiv0</name>
         <value>0x8383</value>
         <object_component_ref idref="oc-2e5"/>
      </symbol>
      <symbol id="sm-507">
         <name>memcpy</name>
         <value>0x82e9</value>
         <object_component_ref idref="oc-f3"/>
      </symbol>
      <symbol id="sm-516">
         <name>memset</name>
         <value>0x8d0b</value>
         <object_component_ref idref="oc-19d"/>
      </symbol>
      <symbol id="sm-518">
         <name>__TI_static_base__</name>
         <value>0x0</value>
      </symbol>
      <symbol id="sm-51c">
         <name>__mpu_init</name>
         <value>0x0</value>
      </symbol>
      <symbol id="sm-51d">
         <name>_system_post_cinit</name>
         <value>0x0</value>
      </symbol>
   </symbol_table>
   <title>Link successful</title>
</link_info>
